'Zcash.Snark.ZeroKnowledge.ActionReductionProgram.constant' does not depend on any axioms
'Zcash.Snark.ZeroKnowledge.ActionReductionProgram.kernel_constant' depends on axioms: [propext,
 Classical.choice,
 Quot.sound,
 CompElliptic.Curves.Pasta.Vesta.p_nsmul_Gpt._native.native_decide.ax_1_1]
'Zcash.Snark.ZeroKnowledge.ActionReductionProgram.constant_costBudget' depends on axioms: [propext,
 Classical.choice,
 Quot.sound]
'Zcash.Snark.ZeroKnowledge.actionReductionAdmissible_constants' depends on axioms: [propext,
 Classical.choice,
 Quot.sound,
 CompElliptic.Curves.Pasta.Pallas.q_nsmul_Gpt._native.native_decide.ax_1_1,
 CompElliptic.Curves.Pasta.Vesta.p_nsmul_Gpt._native.native_decide.ax_1_1]
'Zcash.Snark.ZeroKnowledge.ActionReductionProgram.kernel_negate' depends on axioms: [propext,
 Classical.choice,
 Quot.sound,
 CompElliptic.Curves.Pasta.Vesta.p_nsmul_Gpt._native.native_decide.ax_1_1]
'Zcash.Snark.ZeroKnowledge.ActionReductionPrices' does not depend on any axioms
'Zcash.Snark.ZeroKnowledge.ActionReductionData' depends on axioms: [propext, Classical.choice, Quot.sound]
'Zcash.Snark.ZeroKnowledge.ActionReductionData.ofReference' depends on axioms: [propext,
 Classical.choice,
 Quot.sound,
 CompElliptic.Curves.Pasta.Pallas.q_nsmul_Gpt._native.native_decide.ax_1_1]
'Zcash.Snark.ZeroKnowledge.ActionReductionData.WellFormed' depends on axioms: [propext,
 Classical.choice,
 Quot.sound,
 CompElliptic.Curves.Pasta.Pallas.q_nsmul_Gpt._native.native_decide.ax_1_1]
'Zcash.Snark.ZeroKnowledge.ActionReductionData.ofReference_wellFormed' depends on axioms: [propext,
 Classical.choice,
 Quot.sound,
 CompElliptic.Curves.Pasta.Pallas.q_nsmul_Gpt._native.native_decide.ax_1_1]
'Zcash.Snark.ZeroKnowledge.ActionReductionProgram' does not depend on any axioms
'Zcash.Snark.ZeroKnowledge.ActionReductionProgram.evalCosted' depends on axioms: [propext,
 Classical.choice,
 Quot.sound,
 CompElliptic.Curves.Pasta.Vesta.p_nsmul_Gpt._native.native_decide.ax_1_1]
'Zcash.Snark.ZeroKnowledge.ActionReductionProgram.costBudget' depends on axioms: [propext, Classical.choice, Quot.sound]
'Zcash.Snark.ZeroKnowledge.ActionReductionProgram.evalCosted_cost_le' depends on axioms: [propext,
 Classical.choice,
 Quot.sound,
 CompElliptic.Curves.Pasta.Pallas.q_nsmul_Gpt._native.native_decide.ax_1_1,
 CompElliptic.Curves.Pasta.Vesta.p_nsmul_Gpt._native.native_decide.ax_1_1]
'Zcash.Snark.ZeroKnowledge.ActionReductionProgram.kernel' depends on axioms: [propext,
 Classical.choice,
 Quot.sound,
 CompElliptic.Curves.Pasta.Vesta.p_nsmul_Gpt._native.native_decide.ax_1_1]
'Zcash.Snark.ZeroKnowledge.actionReductionAdmissible' depends on axioms: [propext,
 Classical.choice,
 Quot.sound,
 CompElliptic.Curves.Pasta.Pallas.q_nsmul_Gpt._native.native_decide.ax_1_1,
 CompElliptic.Curves.Pasta.Vesta.p_nsmul_Gpt._native.native_decide.ax_1_1]
'Zcash.Snark.ZeroKnowledge.actionReductionAdmissible_runtime' depends on axioms: [propext,
 Classical.choice,
 Quot.sound,
 CompElliptic.Curves.Pasta.Pallas.q_nsmul_Gpt._native.native_decide.ax_1_1,
 CompElliptic.Curves.Pasta.Vesta.p_nsmul_Gpt._native.native_decide.ax_1_1]
'Zcash.Snark.ZeroKnowledge.actionReductionAdmissible_mono' depends on axioms: [propext,
 Classical.choice,
 Quot.sound,
 CompElliptic.Curves.Pasta.Pallas.q_nsmul_Gpt._native.native_decide.ax_1_1,
 CompElliptic.Curves.Pasta.Vesta.p_nsmul_Gpt._native.native_decide.ax_1_1]
'Zcash.Snark.ZeroKnowledge.recordedPrngTimeBound' depends on axioms: [propext, Classical.choice, Quot.sound]
'Zcash.Snark.ZeroKnowledge.recordedPrngViewAndTailTimeBound' depends on axioms: [propext, Classical.choice, Quot.sound]
'Zcash.Snark.ZeroKnowledge.ActionReductionProgram.kernel_observed' depends on axioms: [propext,
 Classical.choice,
 Quot.sound,
 CompElliptic.Curves.Pasta.Pallas.q_nsmul_Gpt._native.native_decide.ax_1_1,
 CompElliptic.Curves.Pasta.Vesta.p_nsmul_Gpt._native.native_decide.ax_1_1]
'Zcash.Snark.ZeroKnowledge.actionOracleRecordPrngReduction_mem_costed' depends on axioms: [propext,
 Classical.choice,
 Quot.sound,
 CompElliptic.Curves.Pasta.Pallas.q_nsmul_Gpt._native.native_decide.ax_1_1,
 CompElliptic.Curves.Pasta.Vesta.p_nsmul_Gpt._native.native_decide.ax_1_1]
'Zcash.Snark.ZeroKnowledge.actionOracleRecordPrngReduction_mem_ownBudget' depends on axioms: [propext,
 Classical.choice,
 Quot.sound,
 CompElliptic.Curves.Pasta.Pallas.q_nsmul_Gpt._native.native_decide.ax_1_1,
 CompElliptic.Curves.Pasta.Vesta.p_nsmul_Gpt._native.native_decide.ax_1_1]
'Zcash.Snark.ZeroKnowledge.BooleanTestInstruction.inputCost' depends on axioms: [propext]
'Zcash.Snark.ZeroKnowledge.BooleanTestInstruction.evalCosted_cost_le' depends on axioms: [propext,
 Classical.choice,
 Quot.sound]
'Zcash.Snark.ZeroKnowledge.runBooleanTestCosted_cost_le' depends on axioms: [propext, Classical.choice, Quot.sound]
'Zcash.Snark.ZeroKnowledge.BooleanTestProgram.costBudget' depends on axioms: [propext]
'Zcash.Snark.ZeroKnowledge.BooleanTestProgram.evalCosted_cost_le' depends on axioms: [propext,
 Classical.choice,
 Quot.sound]
'Zcash.Snark.ZeroKnowledge.BooleanTestInstruction' does not depend on any axioms
'Zcash.Snark.ZeroKnowledge.BooleanTestProgram' does not depend on any axioms
'Zcash.Snark.ZeroKnowledge.BooleanTestInstruction.eval' depends on axioms: [propext]
'Zcash.Snark.ZeroKnowledge.BooleanTestInstruction.evalCosted' does not depend on any axioms
'Zcash.Snark.ZeroKnowledge.BooleanTestInstruction.evalCosted_result' depends on axioms: [propext,
 Classical.choice,
 Quot.sound]
'Zcash.Snark.ZeroKnowledge.runBooleanTest' depends on axioms: [propext]
'Zcash.Snark.ZeroKnowledge.runBooleanTestCosted' does not depend on any axioms
'Zcash.Snark.ZeroKnowledge.runBooleanTestCosted_result' depends on axioms: [propext, Classical.choice, Quot.sound]
'Zcash.Snark.ZeroKnowledge.runBooleanTestCosted_length' depends on axioms: [propext, Quot.sound]
'Zcash.Snark.ZeroKnowledge.BooleanTestProgram.eval' depends on axioms: [propext]
'Zcash.Snark.ZeroKnowledge.BooleanTestProgram.evalCosted' does not depend on any axioms
'Zcash.Snark.ZeroKnowledge.BooleanTestProgram.evalCosted_result' depends on axioms: [propext,
 Classical.choice,
 Quot.sound]
'Zcash.Snark.ZeroKnowledge.BooleanTestInstruction.mapInput' does not depend on any axioms
'Zcash.Snark.ZeroKnowledge.BooleanTestInstruction.eval_mapInput' depends on axioms: [propext]
'Zcash.Snark.ZeroKnowledge.BooleanTestProgram.mapInput' does not depend on any axioms
'Zcash.Snark.ZeroKnowledge.runBooleanTest_mapInput' depends on axioms: [propext]
'Zcash.Snark.ZeroKnowledge.BooleanTestProgram.eval_mapInput' depends on axioms: [propext]
'Zcash.Snark.ZeroKnowledge.BooleanTestProgram.mapInput_length' depends on axioms: [propext]
'Zcash.Snark.ZeroKnowledge.BooleanTestInstruction.eval_measurable' depends on axioms: [propext,
 Classical.choice,
 Quot.sound]
'Zcash.Snark.ZeroKnowledge.runBooleanTest_measurable' depends on axioms: [propext, Classical.choice, Quot.sound]
'Zcash.Snark.ZeroKnowledge.BooleanTestProgram.eval_measurable' depends on axioms: [propext,
 Classical.choice,
 Quot.sound]
'Zcash.Snark.ZeroKnowledge.costedGeneratedUnlimitedActionOracle_simulation_capstone' depends on axioms: [propext,
 Classical.choice,
 Quot.sound,
 CompElliptic.Curves.Pasta.Pallas.q_nsmul_Gpt._native.native_decide.ax_1_1,
 CompElliptic.Curves.Pasta.Vesta.p_nsmul_Gpt._native.native_decide.ax_1_1]
'Zcash.Snark.ZeroKnowledge.costedActionOracleRecordPrng_test_error_bound' depends on axioms: [propext,
 Classical.choice,
 Quot.sound,
 CompElliptic.Curves.Pasta.Pallas.q_nsmul_Gpt._native.native_decide.ax_1_1,
 CompElliptic.Curves.Pasta.Vesta.p_nsmul_Gpt._native.native_decide.ax_1_1]
'Zcash.Snark.ZeroKnowledge.costedActionOracleRecordPrng_exhaustion_le' depends on axioms: [propext,
 Classical.choice,
 Quot.sound,
 CompElliptic.Curves.Pasta.Pallas.q_nsmul_Gpt._native.native_decide.ax_1_1,
 CompElliptic.Curves.Pasta.Vesta.p_nsmul_Gpt._native.native_decide.ax_1_1]
'Zcash.Snark.ZeroKnowledge.costedUniformSeedActionZk_test_error_bound' depends on axioms: [propext,
 Classical.choice,
 Quot.sound,
 CompElliptic.Curves.Pasta.Pallas.q_nsmul_Gpt._native.native_decide.ax_1_1,
 CompElliptic.Curves.Pasta.Vesta.p_nsmul_Gpt._native.native_decide.ax_1_1]
'Zcash.Snark.ZeroKnowledge.getDListCosted_cost_le_index' depends on axioms: [propext, Quot.sound]
'Zcash.Snark.ZeroKnowledge.getOptionListCosted' does not depend on any axioms
'Zcash.Snark.ZeroKnowledge.getOptionListCosted_result' depends on axioms: [propext]
'Zcash.Snark.ZeroKnowledge.getOptionListCosted_cost_le' depends on axioms: [propext, Quot.sound]
'Zcash.Snark.ZeroKnowledge.interactiveBitsViewCosted' depends on axioms: [propext,
 Classical.choice,
 Quot.sound,
 CompElliptic.Curves.Pasta.Vesta.p_nsmul_Gpt._native.native_decide.ax_1_1]
'Zcash.Snark.ZeroKnowledge.interactiveBitsViewCostBudget' depends on axioms: [propext, Classical.choice, Quot.sound]
'Zcash.Snark.ZeroKnowledge.interactiveBitsViewCosted_cost_le' depends on axioms: [propext,
 Classical.choice,
 Quot.sound,
 CompElliptic.Curves.Pasta.Pallas.q_nsmul_Gpt._native.native_decide.ax_1_1,
 CompElliptic.Curves.Pasta.Vesta.p_nsmul_Gpt._native.native_decide.ax_1_1]
'Zcash.Snark.ZeroKnowledge.interactiveBitsViewCosted_result' depends on axioms: [propext,
 Classical.choice,
 Quot.sound,
 CompElliptic.Curves.Pasta.Pallas.q_nsmul_Gpt._native.native_decide.ax_1_1,
 CompElliptic.Curves.Pasta.Vesta.p_nsmul_Gpt._native.native_decide.ax_1_1]
'Zcash.Snark.ZeroKnowledge.plonkHistoryChallenges_ofFn' depends on axioms: [propext, Classical.choice, Quot.sound]
'Zcash.Snark.ZeroKnowledge.uniformRawPlonkChallenges' depends on axioms: [propext, Classical.choice, Quot.sound]
'Zcash.Snark.ZeroKnowledge.uniformBitPlonkChallenges' depends on axioms: [propext, Classical.choice, Quot.sound]
'Zcash.Snark.ZeroKnowledge.InteractiveReductionProgram.constant' does not depend on any axioms
'Zcash.Snark.ZeroKnowledge.InteractiveReductionProgram.kernel_constant' depends on axioms: [propext,
 Classical.choice,
 Quot.sound,
 CompElliptic.Curves.Pasta.Vesta.p_nsmul_Gpt._native.native_decide.ax_1_1]
'Zcash.Snark.ZeroKnowledge.InteractiveReductionProgram.constant_costBudget' depends on axioms: [propext,
 Classical.choice,
 Quot.sound]
'Zcash.Snark.ZeroKnowledge.interactiveReductionAdmissible_constants' depends on axioms: [propext,
 Classical.choice,
 Quot.sound,
 CompElliptic.Curves.Pasta.Pallas.q_nsmul_Gpt._native.native_decide.ax_1_1,
 CompElliptic.Curves.Pasta.Vesta.p_nsmul_Gpt._native.native_decide.ax_1_1]
'Zcash.Snark.ZeroKnowledge.InteractiveReductionProgram.kernel_negate' depends on axioms: [propext,
 Classical.choice,
 Quot.sound,
 CompElliptic.Curves.Pasta.Vesta.p_nsmul_Gpt._native.native_decide.ax_1_1]
'Zcash.Snark.ZeroKnowledge.InteractiveReductionProgram' does not depend on any axioms
'Zcash.Snark.ZeroKnowledge.InteractiveReductionProgram.evalCosted' depends on axioms: [propext,
 Classical.choice,
 Quot.sound,
 CompElliptic.Curves.Pasta.Vesta.p_nsmul_Gpt._native.native_decide.ax_1_1]
'Zcash.Snark.ZeroKnowledge.InteractiveReductionProgram.costBudget' depends on axioms: [propext,
 Classical.choice,
 Quot.sound]
'Zcash.Snark.ZeroKnowledge.InteractiveReductionProgram.evalCosted_cost_le' depends on axioms: [propext,
 Classical.choice,
 Quot.sound,
 CompElliptic.Curves.Pasta.Pallas.q_nsmul_Gpt._native.native_decide.ax_1_1,
 CompElliptic.Curves.Pasta.Vesta.p_nsmul_Gpt._native.native_decide.ax_1_1]
'Zcash.Snark.ZeroKnowledge.InteractiveReductionProgram.kernel' depends on axioms: [propext,
 Classical.choice,
 Quot.sound,
 CompElliptic.Curves.Pasta.Vesta.p_nsmul_Gpt._native.native_decide.ax_1_1]
'Zcash.Snark.ZeroKnowledge.interactiveReductionAdmissible' depends on axioms: [propext,
 Classical.choice,
 Quot.sound,
 CompElliptic.Curves.Pasta.Pallas.q_nsmul_Gpt._native.native_decide.ax_1_1,
 CompElliptic.Curves.Pasta.Vesta.p_nsmul_Gpt._native.native_decide.ax_1_1]
'Zcash.Snark.ZeroKnowledge.interactiveReductionAdmissible_runtime' depends on axioms: [propext,
 Classical.choice,
 Quot.sound,
 CompElliptic.Curves.Pasta.Pallas.q_nsmul_Gpt._native.native_decide.ax_1_1,
 CompElliptic.Curves.Pasta.Vesta.p_nsmul_Gpt._native.native_decide.ax_1_1]
'Zcash.Snark.ZeroKnowledge.interactivePrngTimeBound' depends on axioms: [propext, Classical.choice, Quot.sound]
'Zcash.Snark.ZeroKnowledge.InteractiveReductionProgram.kernel_observed' depends on axioms: [propext,
 Classical.choice,
 Quot.sound,
 CompElliptic.Curves.Pasta.Pallas.q_nsmul_Gpt._native.native_decide.ax_1_1,
 CompElliptic.Curves.Pasta.Vesta.p_nsmul_Gpt._native.native_decide.ax_1_1]
'Zcash.Snark.ZeroKnowledge.actionPrngReduction_mem_costed' depends on axioms: [propext,
 Classical.choice,
 Quot.sound,
 CompElliptic.Curves.Pasta.Pallas.q_nsmul_Gpt._native.native_decide.ax_1_1,
 CompElliptic.Curves.Pasta.Vesta.p_nsmul_Gpt._native.native_decide.ax_1_1]
'Zcash.Snark.ZeroKnowledge.interactiveViewTest' depends on axioms: [propext]
'Zcash.Snark.ZeroKnowledge.interactiveTestCosted' depends on axioms: [propext,
 Classical.choice,
 Quot.sound,
 CompElliptic.Curves.Pasta.Vesta.p_nsmul_Gpt._native.native_decide.ax_1_1]
'Zcash.Snark.ZeroKnowledge.interactiveTestCostBudget' depends on axioms: [propext, Classical.choice, Quot.sound]
'Zcash.Snark.ZeroKnowledge.interactiveTestCosted_cost_le' depends on axioms: [propext,
 Classical.choice,
 Quot.sound,
 CompElliptic.Curves.Pasta.Pallas.q_nsmul_Gpt._native.native_decide.ax_1_1,
 CompElliptic.Curves.Pasta.Vesta.p_nsmul_Gpt._native.native_decide.ax_1_1]
'Zcash.Snark.ZeroKnowledge.interactiveTestCosted_result' depends on axioms: [propext,
 Classical.choice,
 Quot.sound,
 CompElliptic.Curves.Pasta.Pallas.q_nsmul_Gpt._native.native_decide.ax_1_1,
 CompElliptic.Curves.Pasta.Vesta.p_nsmul_Gpt._native.native_decide.ax_1_1]
'Zcash.Snark.ZeroKnowledge.interactiveHistoryViewCostBudget' depends on axioms: [propext, Classical.choice, Quot.sound]
'Zcash.Snark.ZeroKnowledge.interactiveHistoryViewCosted_cost_le' depends on axioms: [propext,
 Classical.choice,
 Quot.sound,
 CompElliptic.Curves.Pasta.Pallas.q_nsmul_Gpt._native.native_decide.ax_1_1,
 CompElliptic.Curves.Pasta.Vesta.p_nsmul_Gpt._native.native_decide.ax_1_1]
'Zcash.Snark.ZeroKnowledge.interactiveViewFrames' depends on axioms: [propext]
'Zcash.Snark.ZeroKnowledge.interactiveRecordedView' depends on axioms: [propext]
'Zcash.Snark.ZeroKnowledge.interactiveHistoryViewCosted' depends on axioms: [propext,
 Classical.choice,
 Quot.sound,
 CompElliptic.Curves.Pasta.Vesta.p_nsmul_Gpt._native.native_decide.ax_1_1]
'Zcash.Snark.ZeroKnowledge.interactiveHistoryViewCosted_result' depends on axioms: [propext,
 Classical.choice,
 Quot.sound,
 CompElliptic.Curves.Pasta.Pallas.q_nsmul_Gpt._native.native_decide.ax_1_1,
 CompElliptic.Curves.Pasta.Vesta.p_nsmul_Gpt._native.native_decide.ax_1_1]
'Zcash.Snark.ZeroKnowledge.interactiveRecordedView_injective' depends on axioms: [propext, Classical.choice, Quot.sound]
'Zcash.Snark.ZeroKnowledge.observedReductionCosted' depends on axioms: [propext,
 Classical.choice,
 Quot.sound,
 CompElliptic.Curves.Pasta.Vesta.p_nsmul_Gpt._native.native_decide.ax_1_1]
'Zcash.Snark.ZeroKnowledge.observedReductionCostBudget' depends on axioms: [propext, Classical.choice, Quot.sound]
'Zcash.Snark.ZeroKnowledge.observedReductionCosted_cost_le' depends on axioms: [propext,
 Classical.choice,
 Quot.sound,
 CompElliptic.Curves.Pasta.Pallas.q_nsmul_Gpt._native.native_decide.ax_1_1,
 CompElliptic.Curves.Pasta.Vesta.p_nsmul_Gpt._native.native_decide.ax_1_1]
'Zcash.Snark.ZeroKnowledge.observedReductionCosted_result' depends on axioms: [propext,
 Classical.choice,
 Quot.sound,
 CompElliptic.Curves.Pasta.Pallas.q_nsmul_Gpt._native.native_decide.ax_1_1,
 CompElliptic.Curves.Pasta.Vesta.p_nsmul_Gpt._native.native_decide.ax_1_1]
'Zcash.Snark.ZeroKnowledge.RawTapeTestAddress' does not depend on any axioms
'Zcash.Snark.ZeroKnowledge.RawTapeTestAddress.eval' depends on axioms: [propext]
'Zcash.Snark.ZeroKnowledge.RawTapeTestAddress.evalCosted' depends on axioms: [propext]
'Zcash.Snark.ZeroKnowledge.RawTapeTestAddress.evalCosted_result' depends on axioms: [propext,
 Classical.choice,
 Quot.sound]
'Zcash.Snark.ZeroKnowledge.RawTapeTestAddress.costBudget' does not depend on any axioms
'Zcash.Snark.ZeroKnowledge.RawTapeTestAddress.evalCosted_cost_le' depends on axioms: [propext, Quot.sound]
'Zcash.Snark.ZeroKnowledge.RawTapeTestProgram' does not depend on any axioms
'Zcash.Snark.ZeroKnowledge.rawTapeTest' depends on axioms: [propext]
'Zcash.Snark.ZeroKnowledge.rawTapeTestCosted' depends on axioms: [propext]
'Zcash.Snark.ZeroKnowledge.rawTapeTestCosted_result' depends on axioms: [propext, Classical.choice, Quot.sound]
'Zcash.Snark.ZeroKnowledge.rawTapeTestCostBudget' depends on axioms: [propext]
'Zcash.Snark.ZeroKnowledge.rawTapeTestCosted_cost_le' depends on axioms: [propext, Classical.choice, Quot.sound]
'Zcash.Snark.ZeroKnowledge.RecordedTestProgram' does not depend on any axioms
'Zcash.Snark.ZeroKnowledge.recordedViewTest' depends on axioms: [propext]
'Zcash.Snark.ZeroKnowledge.recordedViewTestCosted' depends on axioms: [propext]
'Zcash.Snark.ZeroKnowledge.recordedViewTestCosted_result' depends on axioms: [propext, Classical.choice, Quot.sound]
'Zcash.Snark.ZeroKnowledge.recordedViewTestCostBudget' depends on axioms: [propext]
'Zcash.Snark.ZeroKnowledge.recordedViewTestCosted_cost_le' depends on axioms: [propext, Classical.choice, Quot.sound]
'Zcash.Snark.ZeroKnowledge.recordedExhaustionTest' does not depend on any axioms
'Zcash.Snark.ZeroKnowledge.recordedExhaustionTest_eval' depends on axioms: [propext]
'Zcash.Snark.ZeroKnowledge.copyAuxiliaryWordsCosted' depends on axioms: [propext]
'Zcash.Snark.ZeroKnowledge.copyAuxiliaryWordsCosted_result' depends on axioms: [propext, Quot.sound]
'Zcash.Snark.ZeroKnowledge.copyAuxiliaryWordsCosted_cost_le' depends on axioms: [propext, Classical.choice, Quot.sound]
'Zcash.Snark.ZeroKnowledge.RecordedTestCacheSlot' does not depend on any axioms
'Zcash.Snark.ZeroKnowledge.RecordedTestAddress' does not depend on any axioms
'Zcash.Snark.ZeroKnowledge.testEmptyAttempt' does not depend on any axioms
'Zcash.Snark.ZeroKnowledge.recordedTestOutput' depends on axioms: [propext]
'Zcash.Snark.ZeroKnowledge.recordedTestCache' depends on axioms: [propext]
'Zcash.Snark.ZeroKnowledge.optionalByteTest' depends on axioms: [propext]
'Zcash.Snark.ZeroKnowledge.optionalFieldTest' depends on axioms: [propext]
'Zcash.Snark.ZeroKnowledge.optionalRawWordTest' depends on axioms: [propext]
'Zcash.Snark.ZeroKnowledge.RecordedTestAddress.eval' depends on axioms: [propext]
'Zcash.Snark.ZeroKnowledge.recordedTestHistoryCosted' depends on axioms: [propext]
'Zcash.Snark.ZeroKnowledge.recordedTestOutputCosted' depends on axioms: [propext]
'Zcash.Snark.ZeroKnowledge.recordedTestCacheCosted' depends on axioms: [propext]
'Zcash.Snark.ZeroKnowledge.recordedTestProofCosted' depends on axioms: [propext]
'Zcash.Snark.ZeroKnowledge.recordedTestScalarCosted' depends on axioms: [propext]
'Zcash.Snark.ZeroKnowledge.recordedTestCacheEntryCosted' depends on axioms: [propext]
'Zcash.Snark.ZeroKnowledge.recordedTestCacheByteCosted' depends on axioms: [propext]
'Zcash.Snark.ZeroKnowledge.RecordedTestAddress.evalCosted' depends on axioms: [propext]
'Zcash.Snark.ZeroKnowledge.RecordedTestAddress.evalCosted_result' depends on axioms: [propext,
 Classical.choice,
 Quot.sound]
'Zcash.Snark.ZeroKnowledge.recordedTestHistoryCosted_cost_le' depends on axioms: [propext, Quot.sound]
'Zcash.Snark.ZeroKnowledge.recordedTestOutputCosted_cost_le' depends on axioms: [propext, Quot.sound]
'Zcash.Snark.ZeroKnowledge.recordedTestCacheCosted_cost_le' depends on axioms: [propext, Quot.sound]
'Zcash.Snark.ZeroKnowledge.recordedTestProofCosted_cost_le' depends on axioms: [propext, Quot.sound]
'Zcash.Snark.ZeroKnowledge.recordedTestScalarCosted_cost_le' depends on axioms: [propext, Quot.sound]
'Zcash.Snark.ZeroKnowledge.recordedTestCacheEntryCosted_cost_le' depends on axioms: [propext, Quot.sound]
'Zcash.Snark.ZeroKnowledge.recordedTestCacheByteCosted_cost_le' depends on axioms: [propext, Quot.sound]
'Zcash.Snark.ZeroKnowledge.RecordedTestAddress.indexSum' does not depend on any axioms
'Zcash.Snark.ZeroKnowledge.RecordedTestAddress.costBudget' does not depend on any axioms
'Zcash.Snark.ZeroKnowledge.RecordedTestAddress.evalCosted_cost_le' depends on axioms: [propext, Quot.sound]
'Zcash.Snark.ZeroKnowledge.recordedTest_history_absence_regression' depends on axioms: [propext]
'Zcash.Snark.ZeroKnowledge.recordedTest_cache_routing_regression' depends on axioms: [propext,
 Classical.choice,
 Quot.sound]
'Zcash.Snark.ZeroKnowledge.recordedTest_query_parts_regression' depends on axioms: [propext,
 Classical.choice,
 Quot.sound]
'Zcash.Snark.ZeroKnowledge.rawTapeTest_candidate_regression' depends on axioms: [propext, Classical.choice, Quot.sound]
'Zcash.Snark.ZeroKnowledge.booleanTest_wire_routing_regression' depends on axioms: [propext]
'Zcash.Snark.ZeroKnowledge.recordedTest_retry_status_regression' depends on axioms: [propext]
'Zcash.Snark.ZeroKnowledge.StreamTestProgram' does not depend on any axioms
'Zcash.Snark.ZeroKnowledge.streamViewTest' depends on axioms: [propext]
'Zcash.Snark.ZeroKnowledge.StreamTestProgram.toRecorded' does not depend on any axioms
'Zcash.Snark.ZeroKnowledge.streamViewTest_measurable' depends on axioms: [propext, Classical.choice, Quot.sound]
'Zcash.Snark.ZeroKnowledge.streamViewTest_recorded' depends on axioms: [propext, Quot.sound]
'Zcash.Snark.ZeroKnowledge.StreamTestAddress' does not depend on any axioms
'Zcash.Snark.ZeroKnowledge.StreamTestAddress.toRecorded' does not depend on any axioms
'Zcash.Snark.ZeroKnowledge.StreamTestAddress.index' does not depend on any axioms
'Zcash.Snark.ZeroKnowledge.StreamTestAddress.readEntry' depends on axioms: [propext]
'Zcash.Snark.ZeroKnowledge.StreamTestAddress.eval' depends on axioms: [propext]
'Zcash.Snark.ZeroKnowledge.StreamTestAddress.eval_measurable' depends on axioms: [propext, Classical.choice, Quot.sound]
'Zcash.Snark.ZeroKnowledge.StreamTestAddress.eval_recorded' depends on axioms: [propext]
