Proof baseline: 1508aa53494dac38e4db8d89ceeca5ba85f98437
PIN|Zcash.Snark.ZeroKnowledge.WitnessFunctionSupport|false||
PIN|Zcash.Snark.ZeroKnowledge.WitnessFunctionSupport.mono|false||
PIN|Zcash.Snark.ZeroKnowledge.WitnessFunctionSupport.map|false||
PIN|Zcash.Snark.ZeroKnowledge.WitnessFunctionSupport.pair|false||
PIN|Zcash.Snark.ZeroKnowledge.witnessFunctionSupport_const|false||
PIN|Zcash.Snark.ZeroKnowledge.witnessFunctionSupport_readCell|false||
PIN|Zcash.Snark.ZeroKnowledge.witnessFunctionSupport_valueBuilder|true||
PIN|Zcash.Snark.ZeroKnowledge.witnessFunctionSupport_natBuilder|true||
PIN|Zcash.Snark.ZeroKnowledge.witnessFunctionSupport_boolBuilder|true||
PIN|Zcash.Snark.ZeroKnowledge.witnessFunctionSupport_readsFrom|true||
PIN|Zcash.Snark.ZeroKnowledge.poseidon_constWit_support|true||
PIN|Zcash.Snark.ZeroKnowledge.poseidon_addWit_support|true||
PIN|Zcash.Snark.ZeroKnowledge.poseidon_readCellWit_support|true||
PIN|Zcash.Snark.ZeroKnowledge.poseidon_rowWit_support|true||
PIN|Zcash.Snark.ZeroKnowledge.mulIncompleteStateReads|false||
PIN|Zcash.Snark.ZeroKnowledge.mulIncomplete_readsValue_support|true||
PIN|Zcash.Snark.ZeroKnowledge.mulIncomplete_readWit_support|true||
PIN|Zcash.Snark.ZeroKnowledge.mulIncomplete_stepWit_support|true||
PIN|Zcash.Snark.ZeroKnowledge.mulIncomplete_stepWit_baseX_support|true||
PIN|Zcash.Snark.ZeroKnowledge.mulIncomplete_stepWit_baseY_support|true||
PIN|Zcash.Snark.ZeroKnowledge.mulIncomplete_initLambdaWit_support|true||
PIN|Zcash.Snark.ZeroKnowledge.mulFixed_windowVal_support|true||
PIN|Zcash.Snark.ZeroKnowledge.mulFixed_xPWit_support|true||
PIN|Zcash.Snark.ZeroKnowledge.mulFixed_yPWit_support|true||
PIN|Zcash.Snark.ZeroKnowledge.mulFixed_uWit_support|true||
PIN|Zcash.Snark.ZeroKnowledge.mulFixed_hintWindowVal_support|true||
PIN|Zcash.Snark.ZeroKnowledge.mulFixed_xPWitH_support|true||
PIN|Zcash.Snark.ZeroKnowledge.mulFixed_yPWitH_support|true||
PIN|Zcash.Snark.ZeroKnowledge.mulFixed_uWitH_support|true||
PIN|Zcash.Snark.ZeroKnowledge.mulFixed_alphaZeroPrimeWit_support|true||
PIN|Zcash.Snark.ZeroKnowledge.mulFixed_alpha1Wit_support|true||
PIN|Zcash.Snark.ZeroKnowledge.mulFixed_alpha2Wit_support|true||
PIN|Zcash.Snark.ZeroKnowledge.mulFixed_yVarWit_support|true||
PIN|Zcash.Snark.ZeroKnowledge.note_brWit_support|true||
PIN|Zcash.Snark.ZeroKnowledge.note_bWit_support|true||
PIN|Zcash.Snark.ZeroKnowledge.note_dWit_support|true||
PIN|Zcash.Snark.ZeroKnowledge.note_eWit_support|true||
PIN|Zcash.Snark.ZeroKnowledge.note_gWit_support|true||
PIN|Zcash.Snark.ZeroKnowledge.note_hWit_support|true||
PIN|Zcash.Snark.ZeroKnowledge.note_aPrimeWit_support|true||
PIN|Zcash.Snark.ZeroKnowledge.note_b3CPrimeWit_support|true||
PIN|Zcash.Snark.ZeroKnowledge.note_e1FPrimeWit_support|true||
PIN|Zcash.Snark.ZeroKnowledge.note_g1G2PrimeWit_support|true||
PIN|Zcash.Snark.ZeroKnowledge.note_k0Wit_support|true||
PIN|Zcash.Snark.ZeroKnowledge.note_k2Wit_support|true||
PIN|Zcash.Snark.ZeroKnowledge.note_k3Wit_support|true||
PIN|Zcash.Snark.ZeroKnowledge.note_jPrimeWit_support|true||
PIN|Zcash.Snark.ZeroKnowledge.note_jWit_support|true||
PIN|Zcash.Snark.ZeroKnowledge.commitIvk_bWit_support|true||
PIN|Zcash.Snark.ZeroKnowledge.commitIvk_dWit_support|true||
PIN|Zcash.Snark.ZeroKnowledge.commitIvk_aPrimeWit_support|true||
PIN|Zcash.Snark.ZeroKnowledge.commitIvk_b2CPrimeWit_support|true||
PIN|Zcash.Snark.ZeroKnowledge.sinsemillaStateReads|false||
PIN|Zcash.Snark.ZeroKnowledge.sinsemilla_readsValue_support|true||
PIN|Zcash.Snark.ZeroKnowledge.sinsemilla_initXPWit_support|true||
PIN|Zcash.Snark.ZeroKnowledge.sinsemilla_stepWit_support|true||
PIN|Zcash.Snark.ZeroKnowledge.sinsemilla_exitXAWit_support|true||
PIN|Zcash.Snark.ZeroKnowledge.sinsemilla_initLWit_support|true||
PIN|Zcash.Snark.ZeroKnowledge.sinsemilla_boundaryYA_support|true||
PIN|Zcash.Snark.ZeroKnowledge.sinsemilla_finalYAWit_support|true||
PIN|Zcash.Snark.ZeroKnowledge.sinsemilla_zeroWit_support|true||
PIN|Zcash.Snark.ZeroKnowledge.sinsemilla_constWit_support|true||
PIN|Zcash.Snark.ZeroKnowledge.merkle_waWit_support|true||
PIN|Zcash.Snark.ZeroKnowledge.merkle_wb1Wit_support|true||
PIN|Zcash.Snark.ZeroKnowledge.merkle_wb2Wit_support|true||
PIN|Zcash.Snark.ZeroKnowledge.merkle_wbWit_support|true||
PIN|Zcash.Snark.ZeroKnowledge.merkle_wcWit_support|true||
PIN|Zcash.Snark.ZeroKnowledge.nativeScalar_support|true||
PIN|Zcash.Snark.ZeroKnowledge.nativeConstant_support|true||
PIN|Zcash.Snark.ZeroKnowledge.nativeBoolean_support|true||
PIN|Zcash.Snark.ZeroKnowledge.addChip_sumWit_support|true||
PIN|Zcash.Snark.ZeroKnowledge.SupportedAdviceProgram|true||
PIN|Zcash.Snark.ZeroKnowledge.supportedAdviceProgram|true||
PIN|Zcash.Snark.ZeroKnowledge.supportedStructuredAdvice|true||
PIN|Zcash.Snark.ZeroKnowledge.adviceSupportPlan|true||
PIN|Zcash.Snark.ZeroKnowledge.adviceSupportPlan_causal|true||
PIN|Zcash.Snark.ZeroKnowledge.topLevelAdviceAssignment_extendsWitnesses_of_supportPlan|true||
PIN|Zcash.Snark.ZeroKnowledge.actionFieldHintPrograms|true||
PIN|Zcash.Snark.ZeroKnowledge.actionPointHintPrograms|true||
PIN|Zcash.Snark.ZeroKnowledge.actionScalarHintPrograms|true||
PIN|Zcash.Snark.ZeroKnowledge.actionFieldHintPrograms_reads_nil|true||
PIN|Zcash.Snark.ZeroKnowledge.actionPointHintPrograms_reads_nil|true||
PIN|Zcash.Snark.ZeroKnowledge.actionScalarHintPrograms_reads_nil|true||
PIN|Zcash.Snark.ZeroKnowledge.actionScalarWindow_reads_nil|true||
PIN|Zcash.Snark.ZeroKnowledge.actionMerkleSiblingHint_support|true||
PIN|Zcash.Snark.ZeroKnowledge.actionMerkleSwapHint_support|true||
