'Zcash.Snark.ZeroKnowledge.runStatefulRetriesCosted' does not depend on any axioms
'Zcash.Snark.ZeroKnowledge.runStatefulRetriesCosted_result' depends on axioms: [propext]
'Zcash.Snark.ZeroKnowledge.runStatefulRetries_map_tape' depends on axioms: [Quot.sound]
'Zcash.Snark.ZeroKnowledge.runStatefulRetries_congr_retry' depends on axioms: [Quot.sound]
'Zcash.Snark.ZeroKnowledge.runStatefulRetriesCosted_length_le' depends on axioms: [propext, Quot.sound]
'Zcash.Snark.ZeroKnowledge.runStatefulRetriesCosted_cost_le' depends on axioms: [propext, Quot.sound]
'Zcash.Snark.ZeroKnowledge.oracleAttemptStateCosted' does not depend on any axioms
'Zcash.Snark.ZeroKnowledge.oracleAttemptStateCosted_result' does not depend on any axioms
'Zcash.Snark.ZeroKnowledge.oracleAttemptStateCosted_cost_le' does not depend on any axioms
'Zcash.Snark.ZeroKnowledge.oracleRetryRequestedCosted' does not depend on any axioms
'Zcash.Snark.ZeroKnowledge.oracleRetryRequestedCosted_result' does not depend on any axioms
'Zcash.Snark.ZeroKnowledge.oracleRetryRequestedCosted_cost_le' does not depend on any axioms
'Zcash.Snark.ZeroKnowledge.StoredActionRetryTape' depends on axioms: [propext]
'Zcash.Snark.ZeroKnowledge.storedActionRawStepCosted_result' depends on axioms: [propext,
 Classical.choice,
 Quot.sound,
 CompElliptic.Curves.Pasta.Pallas.q_nsmul_Gpt._native.native_decide.ax_1_1,
 CompElliptic.Curves.Pasta.Vesta.p_nsmul_Gpt._native.native_decide.ax_1_1]
'Zcash.Snark.ZeroKnowledge.storedActionRawStepCosted_cache_length_le' depends on axioms: [propext,
 Classical.choice,
 Quot.sound,
 CompElliptic.Curves.Pasta.Vesta.p_nsmul_Gpt._native.native_decide.ax_1_1]
'Zcash.Snark.ZeroKnowledge.storedActionRawStepCosted_cost_le' depends on axioms: [propext,
 Classical.choice,
 Quot.sound,
 CompElliptic.Curves.Pasta.Vesta.p_nsmul_Gpt._native.native_decide.ax_1_1]
'Zcash.Snark.ZeroKnowledge.storedActionRecordedStepCosted_cost_le' depends on axioms: [propext,
 Classical.choice,
 Quot.sound,
 CompElliptic.Curves.Pasta.Vesta.p_nsmul_Gpt._native.native_decide.ax_1_1]
'Zcash.Snark.ZeroKnowledge.storedActionRecordedRetryCosted' depends on axioms: [propext]
'Zcash.Snark.ZeroKnowledge.storedActionRecordedRetryCosted_result' depends on axioms: [propext]
'Zcash.Snark.ZeroKnowledge.storedActionRecordedRetryCosted_cost_le' depends on axioms: [propext]
'Zcash.Snark.ZeroKnowledge.storedActionRecordedCosted_result' depends on axioms: [propext,
 Classical.choice,
 Quot.sound,
 CompElliptic.Curves.Pasta.Pallas.q_nsmul_Gpt._native.native_decide.ax_1_1,
 CompElliptic.Curves.Pasta.Vesta.p_nsmul_Gpt._native.native_decide.ax_1_1]
'Zcash.Snark.ZeroKnowledge.storedActionRecordedCostBudget' depends on axioms: [propext, Classical.choice, Quot.sound]
'Zcash.Snark.ZeroKnowledge.storedActionRecordedCosted_cost_le' depends on axioms: [propext,
 Classical.choice,
 Quot.sound,
 CompElliptic.Curves.Pasta.Vesta.p_nsmul_Gpt._native.native_decide.ax_1_1]
'Zcash.Snark.ZeroKnowledge.rawMatrixBitsEquiv' depends on axioms: [propext, Classical.choice, Quot.sound]
'Zcash.Snark.ZeroKnowledge.rawMatrixBitsEquiv_apply' depends on axioms: [propext, Classical.choice, Quot.sound]
'Zcash.Snark.ZeroKnowledge.uniformRawMatrixBits' depends on axioms: [propext, Classical.choice, Quot.sound]
'Zcash.Snark.ZeroKnowledge.storedRawMatrixCosted' depends on axioms: [propext, Classical.choice, Quot.sound]
'Zcash.Snark.ZeroKnowledge.storedRawMatrixCosted_result' depends on axioms: [propext, Classical.choice, Quot.sound]
'Zcash.Snark.ZeroKnowledge.storedRawMatrixCosted_shape' depends on axioms: [propext, Classical.choice, Quot.sound]
'Zcash.Snark.ZeroKnowledge.storedRawMatrixCostBudget' does not depend on any axioms
'Zcash.Snark.ZeroKnowledge.storedRawMatrixCosted_cost_le' depends on axioms: [propext, Classical.choice, Quot.sound]
'Zcash.Snark.ZeroKnowledge.zipListCosted_ofFn_result' depends on axioms: [propext, Quot.sound]
'Zcash.Snark.ZeroKnowledge.zipListCosted_shape' depends on axioms: [propext]
'Zcash.Snark.ZeroKnowledge.storedActionRecordedBitsCosted_result' depends on axioms: [propext,
 Classical.choice,
 Quot.sound,
 CompElliptic.Curves.Pasta.Pallas.q_nsmul_Gpt._native.native_decide.ax_1_1,
 CompElliptic.Curves.Pasta.Vesta.p_nsmul_Gpt._native.native_decide.ax_1_1]
'Zcash.Snark.ZeroKnowledge.storedActionRecordedBitsCostBudget' depends on axioms: [propext,
 Classical.choice,
 Quot.sound]
'Zcash.Snark.ZeroKnowledge.storedActionRecordedBitsCosted_cost_le' depends on axioms: [propext,
 Classical.choice,
 Quot.sound,
 CompElliptic.Curves.Pasta.Vesta.p_nsmul_Gpt._native.native_decide.ax_1_1]
'Zcash.Snark.ZeroKnowledge.storedActionRecordedBitsCosted_law' depends on axioms: [propext,
 Classical.choice,
 Quot.sound,
 CompElliptic.Curves.Pasta.Pallas.q_nsmul_Gpt._native.native_decide.ax_1_1,
 CompElliptic.Curves.Pasta.Vesta.p_nsmul_Gpt._native.native_decide.ax_1_1]
