PIN|Zcash.Snark.ZeroKnowledge.actionGeneratedOracleRetryStream|true|CompElliptic.Curves.Pasta.Pallas.q_nsmul_Gpt,CompElliptic.Curves.Pasta.Vesta.p_nsmul_Gpt|
PIN|Zcash.Snark.ZeroKnowledge.actionGeneratedOracleRetryStream_isProbabilityMeasure|true|CompElliptic.Curves.Pasta.Pallas.q_nsmul_Gpt,CompElliptic.Curves.Pasta.Vesta.p_nsmul_Gpt|
PIN|Zcash.Snark.ZeroKnowledge.actionGeneratedOracleRetryStream_truncate|true|CompElliptic.Curves.Pasta.Pallas.q_nsmul_Gpt,CompElliptic.Curves.Pasta.Vesta.p_nsmul_Gpt|
PIN|Zcash.Snark.ZeroKnowledge.actionGeneratedOracleRetryStream_truncation_error_bound|true|CompElliptic.Curves.Pasta.Pallas.q_nsmul_Gpt,CompElliptic.Curves.Pasta.Vesta.p_nsmul_Gpt|
PIN|Zcash.Snark.ZeroKnowledge.actionGeneratedOracleRetryStream_test_truncate|true|CompElliptic.Curves.Pasta.Pallas.q_nsmul_Gpt,CompElliptic.Curves.Pasta.Vesta.p_nsmul_Gpt|
PIN|Zcash.Snark.ZeroKnowledge.actionOracleBitRetryStream_test_truncate|true|CompElliptic.Curves.Pasta.Pallas.q_nsmul_Gpt,CompElliptic.Curves.Pasta.Vesta.p_nsmul_Gpt|
PIN|Zcash.Snark.ZeroKnowledge.actionOracleRecord_uniform_test_simulation_error_bound|true|CompElliptic.Curves.Pasta.Pallas.q_nsmul_Gpt,CompElliptic.Curves.Pasta.Vesta.p_nsmul_Gpt|
PIN|Zcash.Snark.ZeroKnowledge.generatedUnlimitedActionOracle_test_error_bound|true|CompElliptic.Curves.Pasta.Pallas.q_nsmul_Gpt,CompElliptic.Curves.Pasta.Vesta.p_nsmul_Gpt|
PIN|Zcash.Snark.ZeroKnowledge.generatedUnlimitedActionOracle_simulation_capstone|true|CompElliptic.Curves.Pasta.Pallas.q_nsmul_Gpt,CompElliptic.Curves.Pasta.Vesta.p_nsmul_Gpt|
PIN|Zcash.Snark.ZeroKnowledge.actionGeneratedOracleRetryStream_nontermination_le|true|CompElliptic.Curves.Pasta.Pallas.q_nsmul_Gpt,CompElliptic.Curves.Pasta.Vesta.p_nsmul_Gpt|
PIN|Zcash.Snark.ZeroKnowledge.actionOracleRetryRate_pow_le_half|true||
PIN|Zcash.Snark.ZeroKnowledge.actionOracleRecordPrngReduction|true|CompElliptic.Curves.Pasta.Pallas.q_nsmul_Gpt,CompElliptic.Curves.Pasta.Vesta.p_nsmul_Gpt|
PIN|Zcash.Snark.ZeroKnowledge.actionOracleRecordPrngReduction_law|true|CompElliptic.Curves.Pasta.Pallas.q_nsmul_Gpt,CompElliptic.Curves.Pasta.Vesta.p_nsmul_Gpt|
PIN|Zcash.Snark.ZeroKnowledge.actionOracleRecordPrng_test_error_bound|true|CompElliptic.Curves.Pasta.Pallas.q_nsmul_Gpt,CompElliptic.Curves.Pasta.Vesta.p_nsmul_Gpt|
PIN|Zcash.Snark.ZeroKnowledge.actionOracleRecordPrng_exhaustion_le|true|CompElliptic.Curves.Pasta.Pallas.q_nsmul_Gpt,CompElliptic.Curves.Pasta.Vesta.p_nsmul_Gpt|
PIN|Zcash.Snark.ZeroKnowledge.ActionRetryRecordedView|false||
PIN|Zcash.Snark.ZeroKnowledge.actionOracleRecordFromRawTapes|true|CompElliptic.Curves.Pasta.Pallas.q_nsmul_Gpt,CompElliptic.Curves.Pasta.Vesta.p_nsmul_Gpt|
PIN|Zcash.Snark.ZeroKnowledge.actionOracleRecordFromSource|true|CompElliptic.Curves.Pasta.Pallas.q_nsmul_Gpt,CompElliptic.Curves.Pasta.Vesta.p_nsmul_Gpt|
PIN|Zcash.Snark.ZeroKnowledge.actionOracleRecordFromRawTapes_forget|true|CompElliptic.Curves.Pasta.Pallas.q_nsmul_Gpt,CompElliptic.Curves.Pasta.Vesta.p_nsmul_Gpt|
PIN|Zcash.Snark.ZeroKnowledge.actionOracleRecordFromSource_uniform|true|CompElliptic.Curves.Pasta.Pallas.q_nsmul_Gpt,CompElliptic.Curves.Pasta.Vesta.p_nsmul_Gpt|
PIN|Zcash.Snark.ZeroKnowledge.actionOracleRecordFromSource_generated|true|CompElliptic.Curves.Pasta.Pallas.q_nsmul_Gpt,CompElliptic.Curves.Pasta.Vesta.p_nsmul_Gpt|
PIN|Zcash.Snark.ZeroKnowledge.actionOracleRecordFromSource_exhaustion_le|true|CompElliptic.Curves.Pasta.Pallas.q_nsmul_Gpt,CompElliptic.Curves.Pasta.Vesta.p_nsmul_Gpt|
PIN|Zcash.Snark.ZeroKnowledge.generatedPublicRun|false||
PIN|Zcash.Snark.ZeroKnowledge.generatedRecordedStep|false||
PIN|Zcash.Snark.ZeroKnowledge.generatedRetryRecord|false||
PIN|Zcash.Snark.ZeroKnowledge.generatedRecordedStep_run|false||
PIN|Zcash.Snark.ZeroKnowledge.generatedRetryRecord_eq_run|false||
PIN|Zcash.Snark.ZeroKnowledge.generatedRetryStream|false||
PIN|Zcash.Snark.ZeroKnowledge.generatedRetryStream_at|true||
PIN|Zcash.Snark.ZeroKnowledge.generatedRetryStream_of_stopped|true||
PIN|Zcash.Snark.ZeroKnowledge.generatedRetryRecordLaw|true||
PIN|Zcash.Snark.ZeroKnowledge.generatedRetryRecord_length_le|false||
PIN|Zcash.Snark.ZeroKnowledge.generatedRetryStream_measurable|true||
PIN|Zcash.Snark.ZeroKnowledge.generatedRetryStreamLaw|true||
PIN|Zcash.Snark.ZeroKnowledge.generatedRetryStreamLaw_isProbabilityMeasure|true||
PIN|Zcash.Snark.ZeroKnowledge.generatedRetryStream_truncate|true||
PIN|Zcash.Snark.ZeroKnowledge.generatedRetryRecord_map_law|true||
PIN|Zcash.Snark.ZeroKnowledge.generatedRetryStreamLaw_truncate|true||
PIN|Zcash.Snark.ZeroKnowledge.generatedRetryRecord_measurable|true||
PIN|Zcash.Snark.ZeroKnowledge.generatedRetryRecord_event_law|true||
PIN|Zcash.Snark.ZeroKnowledge.generatedRetryStreamLaw_truncation_error_bound|true||
PIN|Zcash.Snark.ZeroKnowledge.seededGeneratedRetryStreamLaw|true||
PIN|Zcash.Snark.ZeroKnowledge.seededGeneratedRetryStreamLaw_isProbabilityMeasure|true||
PIN|Zcash.Snark.ZeroKnowledge.seededGeneratedRetryStreamLaw_truncate|true||
PIN|Zcash.Snark.ZeroKnowledge.seededGeneratedRetryStreamLaw_truncation_error_bound|true||
PIN|Zcash.Snark.ZeroKnowledge.MeasureEventBiasLE.mono|true||
PIN|Zcash.Snark.ZeroKnowledge.MeasureEventBiasLE.trans|true||
PIN|Zcash.Snark.ZeroKnowledge.pmfObservedMeasure_map|true||
PIN|Zcash.Snark.ZeroKnowledge.pmfMeasureMixture|true||
PIN|Zcash.Snark.ZeroKnowledge.pmfMeasureMixture_apply|true||
PIN|Zcash.Snark.ZeroKnowledge.pmfMeasureMixture_isProbabilityMeasure|true||
PIN|Zcash.Snark.ZeroKnowledge.pmfMeasureMixture_const|true||
PIN|Zcash.Snark.ZeroKnowledge.pmfMeasureMixture_map|true||
PIN|Zcash.Snark.ZeroKnowledge.pmfMeasureMixture_toMeasure|true||
PIN|Zcash.Snark.ZeroKnowledge.measureEventBias_mixture|true||
PIN|Zcash.Snark.ZeroKnowledge.measureEventBias_mixture_average|true||
PIN|Zcash.Snark.ZeroKnowledge.recordedCoinRetries|false||
PIN|Zcash.Snark.ZeroKnowledge.recordedCoinRetriesFromSource|true||
PIN|Zcash.Snark.ZeroKnowledge.recordedCoinRetriesFromSource_uniform|true||
PIN|Zcash.Snark.ZeroKnowledge.generatedRetryRecord_replay|false||
PIN|Zcash.Snark.ZeroKnowledge.generatedRetryRecordLaw_source|true||
PIN|Zcash.Snark.ZeroKnowledge.truncateRetryStream_nontermination_measure_zero|true||
