PIN|Zcash.Snark.ZeroKnowledge.actionNativeAdviceCopySource|false||
PIN|Zcash.Snark.ZeroKnowledge.actionAdviceAliasPrograms|true|CompElliptic.Curves.Pasta.Pallas.q_nsmul_Gpt|
PIN|Zcash.Snark.ZeroKnowledge.actionAdviceAliasPrograms_erase|true|CompElliptic.Curves.Pasta.Pallas.q_nsmul_Gpt|
PIN|Zcash.Snark.ZeroKnowledge.actionNativeAdviceCopySource_otherRegion|false||
PIN|Zcash.Snark.ZeroKnowledge.actionNativeAdviceCopySource_previous|false||
PIN|Zcash.Snark.ZeroKnowledge.actionNativeAdviceCopySource_outsideRows|false||
PIN|Zcash.Snark.ZeroKnowledge.actionMul_hiBaseConfig|true||
PIN|Zcash.Snark.ZeroKnowledge.actionMul_loBaseConfig|true||
PIN|Zcash.Snark.ZeroKnowledge.actionMul_nativeCopiesSound|true|CompElliptic.Curves.Pasta.Pallas.q_nsmul_Gpt|
PIN|Zcash.Snark.ZeroKnowledge.mulIncomplete_stepWit_baseX_copy|true||
PIN|Zcash.Snark.ZeroKnowledge.mulIncomplete_stepWit_baseY_copy|true||
PIN|Zcash.Snark.ZeroKnowledge.mulIncomplete_baseX_copySemantics|true||
PIN|Zcash.Snark.ZeroKnowledge.mulIncomplete_baseY_copySemantics|true||
PIN|Zcash.Snark.ZeroKnowledge.actionNativeCopiesSound_before|true||
PIN|Zcash.Snark.ZeroKnowledge.actionNativeCopiesSound_after|true||
PIN|Zcash.Snark.ZeroKnowledge.NativeAdviceCopySource|false||
PIN|Zcash.Snark.ZeroKnowledge.regionAdviceAliases|false||
PIN|Zcash.Snark.ZeroKnowledge.circuitAdviceAliases|false||
PIN|Zcash.Snark.ZeroKnowledge.regionAdviceAliases_erase|false||
PIN|Zcash.Snark.ZeroKnowledge.circuitAdviceAliases_erase|false||
PIN|Zcash.Snark.ZeroKnowledge.RegionNativeCopiesSound|true||
PIN|Zcash.Snark.ZeroKnowledge.CircuitNativeCopiesSound|true||
PIN|Zcash.Snark.ZeroKnowledge.regionAdviceAliases_sources|true||
PIN|Zcash.Snark.ZeroKnowledge.circuitAdviceAliases_sources|true||
PIN|Zcash.Snark.ZeroKnowledge.AdviceAddress|false||
PIN|Zcash.Snark.ZeroKnowledge.AdviceAliasesWellFormed|false||
PIN|Zcash.Snark.ZeroKnowledge.AdviceAliasValues|false||
PIN|Zcash.Snark.ZeroKnowledge.adviceAliasesWellFormed_empty|false||
PIN|Zcash.Snark.ZeroKnowledge.adviceAliasValues_id|false||
PIN|Zcash.Snark.ZeroKnowledge.adviceAliasRoot_ne_fresh|false||
PIN|Zcash.Snark.ZeroKnowledge.adviceAliasesWellFormed_cons|false||
PIN|Zcash.Snark.ZeroKnowledge.adviceAliasesWellFormed_copy|false||
PIN|Zcash.Snark.ZeroKnowledge.runAdviceInstruction_value_frame|true||
PIN|Zcash.Snark.ZeroKnowledge.adviceAliasValues_fresh|true||
PIN|Zcash.Snark.ZeroKnowledge.AdviceCopySemantics|true||
PIN|Zcash.Snark.ZeroKnowledge.adviceAliasValues_copy_fresh|true||
PIN|Zcash.Snark.ZeroKnowledge.adviceAliasCopy_eq_self|true||
PIN|Zcash.Snark.ZeroKnowledge.adviceAliasPlan|false||
PIN|Zcash.Snark.ZeroKnowledge.AdviceAliasSources|true||
PIN|Zcash.Snark.ZeroKnowledge.adviceAliasPlan_certificate|true||
PIN|Zcash.Snark.ZeroKnowledge.topLevelAdviceAssignment_extendsWitnesses_of_aliasPlan|true||
PIN|Zcash.Snark.ZeroKnowledge.adviceCellReadAvailable|false||
PIN|Zcash.Snark.ZeroKnowledge.adviceReadPlan|false||
PIN|Zcash.Snark.ZeroKnowledge.NativeAdviceReads|true||
PIN|Zcash.Snark.ZeroKnowledge.adviceReadPlan_causal|true||
PIN|Zcash.Snark.ZeroKnowledge.runAdviceInstruction|true||
PIN|Zcash.Snark.ZeroKnowledge.AdviceTraceCertificate|false||
PIN|Zcash.Snark.ZeroKnowledge.adviceTrace_preserves|true||
PIN|Zcash.Snark.ZeroKnowledge.adviceTrace_readAgreement|true||
PIN|Zcash.Snark.ZeroKnowledge.adviceTrace_satisfies|true||
PIN|Zcash.Snark.ZeroKnowledge.runAdviceInstruction_frame_of_fresh|true||
PIN|Zcash.Snark.ZeroKnowledge.runAdviceInstruction_eq_of_same_value|true||
PIN|Zcash.Snark.ZeroKnowledge.topLevelAdviceAssignment_extendsWitnesses_of_trace|true||
PIN|Zcash.Snark.ZeroKnowledge.add_nativeCopiesSound|true||
PIN|Zcash.Snark.ZeroKnowledge.mulComplete_round_nativeCopiesSound|true||
PIN|Zcash.Snark.ZeroKnowledge.mulComplete_assign_nativeCopiesSound|true||
PIN|Zcash.Snark.ZeroKnowledge.PreviousBaseCopySources|false||
PIN|Zcash.Snark.ZeroKnowledge.MulIncompleteBaseSeparated|false||
PIN|Zcash.Snark.ZeroKnowledge.previousBaseCopySources_nonbase|false||
PIN|Zcash.Snark.ZeroKnowledge.mulIncomplete_round_nativeCopiesSound|true|CompElliptic.Curves.Pasta.Pallas.q_nsmul_Gpt|
PIN|Zcash.Snark.ZeroKnowledge.mulIncomplete_doubleAndAdd_nativeCopiesSound|true|CompElliptic.Curves.Pasta.Pallas.q_nsmul_Gpt|
PIN|Zcash.Snark.ZeroKnowledge.mulIncomplete_loop_nativeCopiesSound|true|CompElliptic.Curves.Pasta.Pallas.q_nsmul_Gpt|
PIN|Zcash.Snark.ZeroKnowledge.NativeCopyOperationSound|true||
PIN|Zcash.Snark.ZeroKnowledge.regionNativeCopiesSound_iff_operations|true||
PIN|Zcash.Snark.ZeroKnowledge.regionNativeCopiesSound_append|true||
PIN|Zcash.Snark.ZeroKnowledge.regionNativeCopiesSound_cons|true||
PIN|Zcash.Snark.ZeroKnowledge.regionNativeCopiesSound_nil|true||
PIN|Zcash.Snark.ZeroKnowledge.regionNativeCopiesSound_of_none|true||
PIN|Zcash.Snark.ZeroKnowledge.circuitNativeCopiesSound_toFormal|true||
PIN|Zcash.Snark.ZeroKnowledge.regionNativeCopiesSound_foldRange|true||
PIN|Zcash.Snark.ZeroKnowledge.nativeCopyOperationSound_toIRScalar|true||
PIN|Zcash.Snark.ZeroKnowledge.circuitNativeCopiesSound_append|true||
PIN|Zcash.Snark.ZeroKnowledge.circuitNativeCopiesSound_outside|true||
PIN|Zcash.Snark.ZeroKnowledge.mul_main_nativeCopiesSound|true|CompElliptic.Curves.Pasta.Pallas.q_nsmul_Gpt|
PIN|Zcash.Snark.ZeroKnowledge.valueBuilderReads|false||
PIN|Zcash.Snark.ZeroKnowledge.natBuilderReads|false||
PIN|Zcash.Snark.ZeroKnowledge.boolBuilderReads|false||
PIN|Zcash.Snark.ZeroKnowledge.valueBuilderReads_eval|true||
PIN|Zcash.Snark.ZeroKnowledge.natBuilderReads_eval|true||
PIN|Zcash.Snark.ZeroKnowledge.boolBuilderReads_eval|true||
PIN|Zcash.Snark.ZeroKnowledge.scalarBuilder_readsFrom|true||
PIN|Zcash.Snark.ZeroKnowledge.witnessCopyCell|false||
PIN|Zcash.Snark.ZeroKnowledge.witnessCopyCell_eval|true||
PIN|Zcash.Snark.ZeroKnowledge.witnessCopyAddress|false||
PIN|Zcash.Snark.ZeroKnowledge.witnessCopyAddress_semantics|true||
PIN|Zcash.Snark.ZeroKnowledge.actionMulCall_nativeCopiesSound|true|CompElliptic.Curves.Pasta.Pallas.q_nsmul_Gpt|
PIN|Zcash.Snark.ZeroKnowledge.actionAddressIntegrity_nativeCopiesSound|true|CompElliptic.Curves.Pasta.Pallas.q_nsmul_Gpt|
PIN|Zcash.Snark.ZeroKnowledge.actionChecks_nativeCopiesSound|true|CompElliptic.Curves.Pasta.Pallas.q_nsmul_Gpt|
PIN|Zcash.Snark.ZeroKnowledge.actionBase_nativeCopiesSound|true|CompElliptic.Curves.Pasta.Pallas.q_nsmul_Gpt|
PIN|Zcash.Snark.ZeroKnowledge.actionCircuit_nativeCopiesSound|true|CompElliptic.Curves.Pasta.Pallas.q_nsmul_Gpt|
PIN|Zcash.Snark.ZeroKnowledge.actionAdviceAliasPrograms_sources|true|CompElliptic.Curves.Pasta.Pallas.q_nsmul_Gpt|
