Proof baseline: c55b3ea1c600b08f64a2e4ef57c87d63eb51577e
Separate #print axioms inventory for all 80 new runtime declarations.

'Zcash.Snark.ZeroKnowledge.fieldNatCastCosted' does not depend on any axioms
'Zcash.Snark.ZeroKnowledge.fieldNatCastCosted_result' depends on axioms: [propext]
'Zcash.Snark.ZeroKnowledge.fieldNatCastCosted_cost' depends on axioms: [propext, Quot.sound]
'Zcash.Snark.ZeroKnowledge.fieldIntegerPowerCosted' depends on axioms: [propext, Classical.choice, Quot.sound]
'Zcash.Snark.ZeroKnowledge.fieldIntegerPowerCosted_result' depends on axioms: [propext, Classical.choice, Quot.sound]
'Zcash.Snark.ZeroKnowledge.fieldIntegerPowerCosted_cost_le' depends on axioms: [propext, Classical.choice, Quot.sound]
'Zcash.Snark.ZeroKnowledge.lagrangeBasisValueCosted' depends on axioms: [propext, Classical.choice, Quot.sound]
'Zcash.Snark.ZeroKnowledge.lagrangeBasisValueCosted_result' depends on axioms: [propext, Classical.choice, Quot.sound]
'Zcash.Snark.ZeroKnowledge.lagrangeBasisValueCostBudget' does not depend on any axioms
'Zcash.Snark.ZeroKnowledge.lagrangeBasisValueCosted_cost_le' depends on axioms: [propext, Classical.choice, Quot.sound]
'Zcash.Snark.ZeroKnowledge.lagrangeBasisCosted' depends on axioms: [propext, Classical.choice, Quot.sound]
'Zcash.Snark.ZeroKnowledge.lagrangeBasisCosted_result' depends on axioms: [propext, Classical.choice, Quot.sound]
'Zcash.Snark.ZeroKnowledge.lagrangeBasisCosted_cost_le' depends on axioms: [propext, Classical.choice, Quot.sound]
'Zcash.Snark.ZeroKnowledge.getDListCosted' does not depend on any axioms
'Zcash.Snark.ZeroKnowledge.getDListCosted_result' depends on axioms: [propext, Classical.choice, Quot.sound]
'Zcash.Snark.ZeroKnowledge.getDListCosted_cost_le' depends on axioms: [propext, Classical.choice, Quot.sound]
'Zcash.Snark.ZeroKnowledge.lastListCosted' does not depend on any axioms
'Zcash.Snark.ZeroKnowledge.lastListCosted_result' depends on axioms: [propext]
'Zcash.Snark.ZeroKnowledge.lastListCosted_cost_le' depends on axioms: [propext, Classical.choice, Quot.sound]
'Zcash.Snark.ZeroKnowledge.appendListCosted' does not depend on any axioms
'Zcash.Snark.ZeroKnowledge.appendListCosted_result' depends on axioms: [propext]
'Zcash.Snark.ZeroKnowledge.appendListCosted_cost' depends on axioms: [propext]
'Zcash.Snark.ZeroKnowledge.zipListCosted' depends on axioms: [propext]
'Zcash.Snark.ZeroKnowledge.zipListCosted_result' depends on axioms: [propext]
'Zcash.Snark.ZeroKnowledge.zipListCosted_cost_le' depends on axioms: [propext, Classical.choice, Quot.sound]
'Zcash.Snark.ZeroKnowledge.mapIndexListCosted' does not depend on any axioms
'Zcash.Snark.ZeroKnowledge.mapIndexListCosted_result' depends on axioms: [propext]
'Zcash.Snark.ZeroKnowledge.mapIndexListCosted_cost_le' depends on axioms: [propext, Classical.choice, Quot.sound]
'Zcash.Snark.ZeroKnowledge.permSetReadBound' does not depend on any axioms
'Zcash.Snark.ZeroKnowledge.optionalFieldCosted' does not depend on any axioms
'Zcash.Snark.ZeroKnowledge.optionalFieldCosted_result' does not depend on any axioms
'Zcash.Snark.ZeroKnowledge.optionalFieldCosted_cost_le' depends on axioms: [propext, Classical.choice, Quot.sound]
'Zcash.Snark.ZeroKnowledge.permutationFirstCosted' depends on axioms: [propext, Quot.sound]
'Zcash.Snark.ZeroKnowledge.permutationFirstCosted_result' depends on axioms: [propext, Quot.sound]
'Zcash.Snark.ZeroKnowledge.permutationFirstCosted_length_le' depends on axioms: [propext, Quot.sound]
'Zcash.Snark.ZeroKnowledge.permutationFirstCosted_cost_le' depends on axioms: [propext, Classical.choice, Quot.sound]
'Zcash.Snark.ZeroKnowledge.permutationLastCosted' depends on axioms: [propext, Quot.sound]
'Zcash.Snark.ZeroKnowledge.permutationLastCosted_result' depends on axioms: [propext, Quot.sound]
'Zcash.Snark.ZeroKnowledge.permutationLastCosted_length_le' depends on axioms: [propext, Quot.sound]
'Zcash.Snark.ZeroKnowledge.permutationLastCosted_cost_le' depends on axioms: [propext, Classical.choice, Quot.sound]
'Zcash.Snark.ZeroKnowledge.permutationChainCosted' depends on axioms: [propext, Quot.sound]
'Zcash.Snark.ZeroKnowledge.permutationChainCosted_result' depends on axioms: [propext, Quot.sound]
'Zcash.Snark.ZeroKnowledge.permutationChainCosted_cost_le' depends on axioms: [propext, Classical.choice, Quot.sound]
'Zcash.Snark.ZeroKnowledge.permutationExpressionsCosted' depends on axioms: [propext, Quot.sound]
'Zcash.Snark.ZeroKnowledge.permutationExpressionsCosted_result' depends on axioms: [propext, Quot.sound]
'Zcash.Snark.ZeroKnowledge.permutationChunkListCostBudget' does not depend on any axioms
'Zcash.Snark.ZeroKnowledge.permutationExpressionsCosted_cost_le' depends on axioms: [propext,
 Classical.choice,
 Quot.sound]
'Zcash.Snark.ZeroKnowledge.fieldHornerFoldCosted' does not depend on any axioms
'Zcash.Snark.ZeroKnowledge.fieldHornerFoldCosted_result' depends on axioms: [propext]
'Zcash.Snark.ZeroKnowledge.fieldHornerFoldCosted_cost_le' depends on axioms: [propext, Quot.sound]
'Zcash.Snark.ZeroKnowledge.expectedHEvalCosted' depends on axioms: [propext, Classical.choice, Quot.sound]
'Zcash.Snark.ZeroKnowledge.expectedHEvalCosted_result' depends on axioms: [propext, Classical.choice, Quot.sound]
'Zcash.Snark.ZeroKnowledge.expectedHEvalCosted_cost_le' depends on axioms: [propext, Classical.choice, Quot.sound]
'Zcash.Snark.ZeroKnowledge.mapListCosted_cost_le_sum' depends on axioms: [propext, Quot.sound]
'Zcash.Snark.ZeroKnowledge.flatMapListCosted' does not depend on any axioms
'Zcash.Snark.ZeroKnowledge.flatMapListCosted_result' depends on axioms: [propext]
'Zcash.Snark.ZeroKnowledge.flatMapListCosted_cost_le_sum' depends on axioms: [propext, Quot.sound]
'Zcash.Snark.ZeroKnowledge.flattenFinCosted' depends on axioms: [propext]
'Zcash.Snark.ZeroKnowledge.flattenFinCosted_result' depends on axioms: [propext, Quot.sound]
'Zcash.Snark.ZeroKnowledge.flattenFinCosted_cost_le' depends on axioms: [propext, Classical.choice, Quot.sound]
'Zcash.Snark.ZeroKnowledge.listValue_le_map_sum' depends on axioms: [propext, Classical.choice, Quot.sound]
'Zcash.Snark.ZeroKnowledge.permutationExpressionsCosted_length_le' depends on axioms: [propext, Quot.sound]
'Zcash.Snark.ZeroKnowledge.lookupExpressionsCosted_length' depends on axioms: [propext, Quot.sound]
'Zcash.Snark.ZeroKnowledge.subProofConstraintsCosted' depends on axioms: [propext, Quot.sound]
'Zcash.Snark.ZeroKnowledge.subProofConstraintsCosted_result' depends on axioms: [propext, Quot.sound]
'Zcash.Snark.ZeroKnowledge.subProofPermutationCostBudget' depends on axioms: [propext]
'Zcash.Snark.ZeroKnowledge.subProofLookupCostBudget' depends on axioms: [propext]
'Zcash.Snark.ZeroKnowledge.lookupExpressionsCosted_cost_le_aggregate' depends on axioms: [propext,
 Classical.choice,
 Quot.sound]
'Zcash.Snark.ZeroKnowledge.subProofConstraintCostBudget' depends on axioms: [propext]
'Zcash.Snark.ZeroKnowledge.subProofConstraintsCosted_cost_le' depends on axioms: [propext, Classical.choice, Quot.sound]
'Zcash.Snark.ZeroKnowledge.subProofConstraintsCosted_length_le' depends on axioms: [propext, Quot.sound]
'Zcash.Snark.ZeroKnowledge.allConstraintsCosted' depends on axioms: [propext, Quot.sound]
'Zcash.Snark.ZeroKnowledge.allConstraintsCosted_result' depends on axioms: [propext, Quot.sound]
'Zcash.Snark.ZeroKnowledge.allConstraintsCosted_cost_le' depends on axioms: [propext, Classical.choice, Quot.sound]
'Zcash.Snark.ZeroKnowledge.finFnCosted' does not depend on any axioms
'Zcash.Snark.ZeroKnowledge.finFnCosted_result' does not depend on any axioms
'Zcash.Snark.ZeroKnowledge.finFnCosted_cost_le' depends on axioms: [propext, Quot.sound]
'Zcash.Snark.ZeroKnowledge.columnResolveCosted' does not depend on any axioms
'Zcash.Snark.ZeroKnowledge.columnResolveCosted_result' does not depend on any axioms
'Zcash.Snark.ZeroKnowledge.columnResolveCosted_cost_le' does not depend on any axioms
