'Zcash.Snark.ZeroKnowledge.honestStoredMaterialCosted_dimensions' depends on axioms: [propext,
 Classical.choice,
 Quot.sound]
'Zcash.Snark.ZeroKnowledge.honestTapeJointCosted_dimensions' depends on axioms: [propext, Classical.choice, Quot.sound]
'Zcash.Snark.ZeroKnowledge.storedPlonkProverTapesCosted_challenge_prices' depends on axioms: [propext,
 Classical.choice,
 Quot.sound]
'Zcash.Snark.ZeroKnowledge.honestTapeJointCostBudget_congr_prices' depends on axioms: [propext,
 Classical.choice,
 Quot.sound]
'Zcash.Snark.ZeroKnowledge.honestStoredMaterialInputBudget' does not depend on any axioms
'Zcash.Snark.ZeroKnowledge.honestStoredMaterialCostBudget' depends on axioms: [propext, Classical.choice, Quot.sound]
'Zcash.Snark.ZeroKnowledge.honestStoredMaterialCosted_cost_le' depends on axioms: [propext,
 Classical.choice,
 Quot.sound]
'Zcash.Snark.ZeroKnowledge.honestStoredMaterialCosted' depends on axioms: [propext, Classical.choice, Quot.sound]
'Zcash.Snark.ZeroKnowledge.honestStoredMaterialCosted_result' depends on axioms: [propext, Classical.choice, Quot.sound]
'Zcash.Snark.ZeroKnowledge.honestStoredMaterialCostBudget_mono_tape' depends on axioms: [propext,
 Classical.choice,
 Quot.sound]
'Zcash.Snark.ZeroKnowledge.honestTapeJointCostBudget' depends on axioms: [propext, Classical.choice, Quot.sound]
'Zcash.Snark.ZeroKnowledge.honestTapeJointCosted_cost_le' depends on axioms: [propext, Classical.choice, Quot.sound]
'Zcash.Snark.ZeroKnowledge.honestTapeJointCosted' depends on axioms: [propext, Classical.choice, Quot.sound]
'Zcash.Snark.ZeroKnowledge.honestTapeJointCosted_result' depends on axioms: [propext, Classical.choice, Quot.sound]
'Zcash.Snark.ZeroKnowledge.plonkPreIpaCoinsCosted_blinds_length_le' depends on axioms: [propext,
 Classical.choice,
 Quot.sound]
'Zcash.Snark.ZeroKnowledge.plonkStoredMaterialFromTapeCosted_dimensions' depends on axioms: [propext,
 Classical.choice,
 Quot.sound]
'Zcash.Snark.ZeroKnowledge.storedActionHonestInputBudget' does not depend on any axioms
'Zcash.Snark.ZeroKnowledge.storedActionHonestJointCosted_cost_le' depends on axioms: [propext,
 Classical.choice,
 Quot.sound]
'Zcash.Snark.ZeroKnowledge.storedActionHonestJointCosted' depends on axioms: [propext, Classical.choice, Quot.sound]
'Zcash.Snark.ZeroKnowledge.storedActionHonestJointCosted_result' depends on axioms: [propext,
 Classical.choice,
 Quot.sound,
 CompElliptic.Curves.Pasta.Pallas.q_nsmul_Gpt._native.native_decide.ax_1_1]
'Zcash.Snark.ZeroKnowledge.storedActionHonestTapeJointCosted_shape' depends on axioms: [propext,
 Classical.choice,
 Quot.sound]
'Zcash.Snark.ZeroKnowledge.storedActionHonestTapeJointCostBudget' depends on axioms: [propext,
 Classical.choice,
 Quot.sound]
'Zcash.Snark.ZeroKnowledge.storedActionHonestTapeJointCosted_cost_le' depends on axioms: [propext,
 Classical.choice,
 Quot.sound]
'Zcash.Snark.ZeroKnowledge.storedActionHonestTapeJointCosted' depends on axioms: [propext, Classical.choice, Quot.sound]
'Zcash.Snark.ZeroKnowledge.storedActionHonestTapeJointCosted_result' depends on axioms: [propext,
 Classical.choice,
 Quot.sound,
 CompElliptic.Curves.Pasta.Pallas.q_nsmul_Gpt._native.native_decide.ax_1_1]
'Zcash.Snark.ZeroKnowledge.storedActionHonestTraceCosted' depends on axioms: [propext, Classical.choice, Quot.sound]
'Zcash.Snark.ZeroKnowledge.storedActionHonestTraceCosted_result' depends on axioms: [propext,
 Classical.choice,
 Quot.sound,
 CompElliptic.Curves.Pasta.Pallas.q_nsmul_Gpt._native.native_decide.ax_1_1]
'Zcash.Snark.ZeroKnowledge.storedActionHonestTraceCostBudget' depends on axioms: [propext, Classical.choice, Quot.sound]
'Zcash.Snark.ZeroKnowledge.storedActionHonestTraceCosted_cost_le_fixed' depends on axioms: [propext,
 Classical.choice,
 Quot.sound]
'Zcash.Snark.ZeroKnowledge.storedActionHonestOracleViewCosted' depends on axioms: [propext,
 Classical.choice,
 Quot.sound,
 CompElliptic.Curves.Pasta.Vesta.p_nsmul_Gpt._native.native_decide.ax_1_1]
'Zcash.Snark.ZeroKnowledge.storedActionHonestOracleViewCosted_result' depends on axioms: [propext,
 Classical.choice,
 Quot.sound,
 CompElliptic.Curves.Pasta.Pallas.q_nsmul_Gpt._native.native_decide.ax_1_1,
 CompElliptic.Curves.Pasta.Vesta.p_nsmul_Gpt._native.native_decide.ax_1_1]
'Zcash.Snark.ZeroKnowledge.storedActionHonestOracleViewCostBudget' depends on axioms: [propext,
 Classical.choice,
 Quot.sound]
'Zcash.Snark.ZeroKnowledge.storedActionHonestOracleViewCosted_cost_le_fixed' depends on axioms: [propext,
 Classical.choice,
 Quot.sound,
 CompElliptic.Curves.Pasta.Vesta.p_nsmul_Gpt._native.native_decide.ax_1_1]
'Zcash.Snark.ZeroKnowledge.encodeActionWitness' does not depend on any axioms
'Zcash.Snark.ZeroKnowledge.storedActionWitnessRowCosted' depends on axioms: [propext, Classical.choice, Quot.sound]
'Zcash.Snark.ZeroKnowledge.storedActionWitnessRowCosted_result' depends on axioms: [propext,
 Classical.choice,
 Quot.sound]
'Zcash.Snark.ZeroKnowledge.storedActionWitnessRowCosted_cost_le' depends on axioms: [propext,
 Classical.choice,
 Quot.sound]
'Zcash.Snark.ZeroKnowledge.storedPlonkProverTapeReadBudget' does not depend on any axioms
'Zcash.Snark.ZeroKnowledge.storedPlonkProverTapeCostBudget' does not depend on any axioms
'Zcash.Snark.ZeroKnowledge.storedPlonkProverTapesCosted_cost_le' depends on axioms: [propext,
 Classical.choice,
 Quot.sound]
'Zcash.Snark.ZeroKnowledge.storedPlonkProverTapesCosted_readBound' depends on axioms: [propext,
 Classical.choice,
 Quot.sound]
'Zcash.Snark.ZeroKnowledge.StoredPlonkProverTapes' depends on axioms: [propext]
'Zcash.Snark.ZeroKnowledge.storedPlonkProverTapesCosted' depends on axioms: [propext, Classical.choice, Quot.sound]
'Zcash.Snark.ZeroKnowledge.storedPlonkProverTapesCosted_lengths' depends on axioms: [propext,
 Classical.choice,
 Quot.sound]
'Zcash.Snark.ZeroKnowledge.storedPlonkProverTapesCosted_raw_result' depends on axioms: [propext,
 Classical.choice,
 Quot.sound]
'Zcash.Snark.ZeroKnowledge.storedPlonkProverTapesCosted_challenges_result' depends on axioms: [propext,
 Classical.choice,
 Quot.sound]
'Zcash.Snark.ZeroKnowledge.storedPlonkProverTapesCosted_private_result' depends on axioms: [propext,
 Classical.choice,
 Quot.sound]
'Zcash.Snark.ZeroKnowledge.storedPrivateMaterial' depends on axioms: [propext, Classical.choice, Quot.sound]
'Zcash.Snark.ZeroKnowledge.storedPrivateMaterial_materialize' depends on axioms: [propext, Classical.choice, Quot.sound]
'Zcash.Snark.ZeroKnowledge.storedPrivateMaterial_readers' depends on axioms: [propext, Classical.choice, Quot.sound]
'Zcash.Snark.ZeroKnowledge.storedPlonkProverTapesCosted_digest_result' depends on axioms: [propext,
 Classical.choice,
 Quot.sound]
'Zcash.Snark.ZeroKnowledge.storedPlonkProverTapesCosted_digest_agreement' depends on axioms: [propext,
 Classical.choice,
 Quot.sound]
'Zcash.Snark.ZeroKnowledge.storedPlonkProverTapesCosted_digest_cost_le' depends on axioms: [propext,
 Classical.choice,
 Quot.sound]
