PIN|Zcash.Snark.ZeroKnowledge.adviceProgramTarget|false||
PIN|Zcash.Snark.ZeroKnowledge.AdviceReadAgreement|false||
PIN|Zcash.Snark.ZeroKnowledge.AdviceProgramReadsFrom|true||
PIN|Zcash.Snark.ZeroKnowledge.AdviceProgramsCausal|true||
PIN|Zcash.Snark.ZeroKnowledge.AdviceWitnessEquations|true||
PIN|Zcash.Snark.ZeroKnowledge.runAdvicePrograms_readAgreement|true||
PIN|Zcash.Snark.ZeroKnowledge.runAdvicePrograms_satisfies|true||
PIN|Zcash.Snark.ZeroKnowledge.eraseRegionAdvice|false||
PIN|Zcash.Snark.ZeroKnowledge.eraseCircuitAdvice|false||
PIN|Zcash.Snark.ZeroKnowledge.adviceWitnessEquations_append|true||
PIN|Zcash.Snark.ZeroKnowledge.regionWitnessEquations_iff|true||
PIN|Zcash.Snark.ZeroKnowledge.circuitWitnessEquations_iff|true||
PIN|Zcash.Snark.ZeroKnowledge.eraseRegionAdvice_extends_congr|true||
PIN|Zcash.Snark.ZeroKnowledge.eraseCircuitAdvice_extends_congr|true||
PIN|Zcash.Snark.ZeroKnowledge.runAdvicePrograms_fixedWitnesses|true||
PIN|Zcash.Snark.ZeroKnowledge.runCircuitAdvice_extendsWitnesses|true||
PIN|Zcash.Snark.ZeroKnowledge.erasedRegionWitnesses_iff_fixed|true||
PIN|Zcash.Snark.ZeroKnowledge.erasedCircuitWitnesses_iff_fixed|true||
PIN|Zcash.Snark.ZeroKnowledge.compiledFixedValue_of_mem_raw|true||
PIN|Zcash.Snark.ZeroKnowledge.compiledEnvironment_fixedConstraints|true||
PIN|Zcash.Snark.ZeroKnowledge.compiledEnvironment_fixedWitnesses|true||
PIN|Zcash.Snark.ZeroKnowledge.topLevelAdviceAssignment_extendsWitnesses|true||
PIN|Zcash.Snark.ZeroKnowledge.fieldWitnessReads|false||
PIN|Zcash.Snark.ZeroKnowledge.listWitnessReads|false||
PIN|Zcash.Snark.ZeroKnowledge.natWitnessReads|false||
PIN|Zcash.Snark.ZeroKnowledge.boolWitnessReads|false||
PIN|Zcash.Snark.ZeroKnowledge.WitnessContextAgreement|false||
PIN|Zcash.Snark.ZeroKnowledge.WitnessContextAgreement.mono|false||
PIN|Zcash.Snark.ZeroKnowledge.WitnessContextAgreement.left|false||
PIN|Zcash.Snark.ZeroKnowledge.WitnessContextAgreement.right|false||
PIN|Zcash.Snark.ZeroKnowledge.fieldWitnessReads_eval|true||
PIN|Zcash.Snark.ZeroKnowledge.listWitnessReads_eval|true||
PIN|Zcash.Snark.ZeroKnowledge.natWitnessReads_eval|true||
PIN|Zcash.Snark.ZeroKnowledge.boolWitnessReads_eval|true||
PIN|Zcash.Snark.ZeroKnowledge.WitnessContextAgreement.withLocals|false||
PIN|Zcash.Snark.ZeroKnowledge.WitnessContextAgreement.withIndex|false||
PIN|Zcash.Snark.ZeroKnowledge.WitnessContextAgreement.list_member|false||
PIN|Zcash.Snark.ZeroKnowledge.vectorWitnessReads|false||
PIN|Zcash.Snark.ZeroKnowledge.stepsWitnessReads|false||
PIN|Zcash.Snark.ZeroKnowledge.vectorWitnessReads_eval|true||
PIN|Zcash.Snark.ZeroKnowledge.stepsWitnessReads_eval|true||
PIN|Zcash.Snark.ZeroKnowledge.structuredWitnessReads_eval|true||
PIN|Zcash.Snark.ZeroKnowledge.placedWitnessCell|false||
PIN|Zcash.Snark.ZeroKnowledge.adviceReadAgreement_context|false||
PIN|Zcash.Snark.ZeroKnowledge.structuredWitness_readsFrom|true||
