'Zcash.Snark.ZeroKnowledge.actionWitnessRows_relation_of_constraints' depends on axioms: [propext,
 Classical.choice,
 Quot.sound,
 CompElliptic.Curves.Pasta.Pallas.q_nsmul_Gpt._native.native_decide.ax_1_1]
'Zcash.Snark.ZeroKnowledge.powTwoCosted' does not depend on any axioms
'Zcash.Snark.ZeroKnowledge.powTwoCosted_result' depends on axioms: [propext]
'Zcash.Snark.ZeroKnowledge.powTwoCosted_cost' depends on axioms: [propext, Quot.sound]
'Zcash.Snark.ZeroKnowledge.loHalfCosted' depends on axioms: [propext, Quot.sound]
'Zcash.Snark.ZeroKnowledge.hiHalfCosted' depends on axioms: [propext, Quot.sound]
'Zcash.Snark.ZeroKnowledge.loHalfCosted_result' depends on axioms: [propext, Quot.sound]
'Zcash.Snark.ZeroKnowledge.hiHalfCosted_result' depends on axioms: [propext, Quot.sound]
'Zcash.Snark.ZeroKnowledge.loHalfCosted_cost_le' depends on axioms: [propext, Quot.sound]
'Zcash.Snark.ZeroKnowledge.hiHalfCosted_cost_le' depends on axioms: [propext, Quot.sound]
'Zcash.Snark.ZeroKnowledge.publicFoldCosted' depends on axioms: [propext, Quot.sound]
'Zcash.Snark.ZeroKnowledge.publicFoldCosted_result' depends on axioms: [propext, Quot.sound]
'Zcash.Snark.ZeroKnowledge.publicFoldCosted_cost_le' depends on axioms: [propext, Classical.choice, Quot.sound]
'Zcash.Snark.ZeroKnowledge.allFinCosted' depends on axioms: [propext]
'Zcash.Snark.ZeroKnowledge.allFinCosted_result' depends on axioms: [propext]
'Zcash.Snark.ZeroKnowledge.allFinCosted_cost_le' depends on axioms: [propext, Classical.choice, Quot.sound]
'Zcash.Snark.ZeroKnowledge.squarePowerCosted' depends on axioms: [propext, Quot.sound]
'Zcash.Snark.ZeroKnowledge.squarePowerCosted_result' depends on axioms: [propext, Quot.sound]
'Zcash.Snark.ZeroKnowledge.squarePowerCosted_cost' depends on axioms: [propext, Quot.sound]
'Zcash.Snark.ZeroKnowledge.chooseIpaScalarCosted' depends on axioms: [propext, Classical.choice, Quot.sound]
'Zcash.Snark.ZeroKnowledge.chooseIpaScalarCosted_result' depends on axioms: [propext, Classical.choice, Quot.sound]
'Zcash.Snark.ZeroKnowledge.chooseIpaScalarCosted_cost_le' depends on axioms: [propext, Classical.choice, Quot.sound]
'Zcash.Snark.ZeroKnowledge.ofFnCosted' depends on axioms: [propext]
'Zcash.Snark.ZeroKnowledge.ofFnCosted_result' depends on axioms: [propext, Quot.sound]
'Zcash.Snark.ZeroKnowledge.ofFnCosted_length' depends on axioms: [propext, Quot.sound]
'Zcash.Snark.ZeroKnowledge.ofFnCosted_cost_le' depends on axioms: [propext, Classical.choice, Quot.sound]
'Zcash.Snark.ZeroKnowledge.mapListCosted' does not depend on any axioms
'Zcash.Snark.ZeroKnowledge.mapListCosted_result' depends on axioms: [propext]
'Zcash.Snark.ZeroKnowledge.mapListCosted_cost_le' depends on axioms: [propext, Classical.choice, Quot.sound]
'Zcash.Snark.ZeroKnowledge.sumFinCosted' depends on axioms: [propext]
'Zcash.Snark.ZeroKnowledge.sumFinCosted_result' depends on axioms: [propext, Classical.choice, Quot.sound]
'Zcash.Snark.ZeroKnowledge.sumFinCosted_cost_le' depends on axioms: [propext, Classical.choice, Quot.sound]
'Zcash.Snark.ZeroKnowledge.fieldPowerCosted' does not depend on any axioms
'Zcash.Snark.ZeroKnowledge.fieldPowerCosted_result' depends on axioms: [propext]
'Zcash.Snark.ZeroKnowledge.fieldPowerCosted_cost' depends on axioms: [propext, Quot.sound]
'Zcash.Snark.ZeroKnowledge.IpaOperationCosts' does not depend on any axioms
'Zcash.Snark.ZeroKnowledge.IpaPublicCosted' depends on axioms: [propext]
'Zcash.Snark.ZeroKnowledge.IpaPublicCosted.erase' depends on axioms: [propext]
'Zcash.Snark.ZeroKnowledge.ipaMessageSumCosted' depends on axioms: [propext, Classical.choice, Quot.sound]
'Zcash.Snark.ZeroKnowledge.ipaMessageSumCosted_result' depends on axioms: [propext, Classical.choice, Quot.sound]
'Zcash.Snark.ZeroKnowledge.ipaMessageSumCostBudget' does not depend on any axioms
'Zcash.Snark.ZeroKnowledge.ipaMessageSumCosted_cost_le' depends on axioms: [propext, Classical.choice, Quot.sound]
'Zcash.Snark.ZeroKnowledge.ipaPublicResponseCosted' depends on axioms: [propext, Quot.sound]
'Zcash.Snark.ZeroKnowledge.ipaPublicResponseCosted_result' depends on axioms: [propext, Quot.sound]
'Zcash.Snark.ZeroKnowledge.ipaPublicResponseCostBudget' depends on axioms: [propext]
'Zcash.Snark.ZeroKnowledge.ipaPublicResponseCosted_cost_le' depends on axioms: [propext, Classical.choice, Quot.sound]
'Zcash.Snark.ZeroKnowledge.completeIpaMaskCosted' depends on axioms: [propext, Classical.choice, Quot.sound]
'Zcash.Snark.ZeroKnowledge.completeIpaMaskCosted_result' depends on axioms: [propext, Classical.choice, Quot.sound]
'Zcash.Snark.ZeroKnowledge.completeIpaMaskCostBudget' depends on axioms: [propext]
'Zcash.Snark.ZeroKnowledge.completeIpaMaskCosted_cost_le' depends on axioms: [propext, Classical.choice, Quot.sound]
'Zcash.Snark.ZeroKnowledge.IpaTranscript.eraseCosts' does not depend on any axioms
'Zcash.Snark.ZeroKnowledge.MaterializedIpaTranscript' does not depend on any axioms
'Zcash.Snark.ZeroKnowledge.materializedIpaTranscript' does not depend on any axioms
'Zcash.Snark.ZeroKnowledge.materializeIpaCosted' depends on axioms: [propext]
'Zcash.Snark.ZeroKnowledge.materializeIpaCosted_result' depends on axioms: [propext, Quot.sound]
'Zcash.Snark.ZeroKnowledge.materializeIpaCosted_cost_le' depends on axioms: [propext, Classical.choice, Quot.sound]
'Zcash.Snark.ZeroKnowledge.ipaSimulatorRoundCosted' depends on axioms: [propext, Quot.sound]
'Zcash.Snark.ZeroKnowledge.ipaSimulatorRoundCosted_result' depends on axioms: [propext, Quot.sound]
'Zcash.Snark.ZeroKnowledge.ipaSimulatorFromCoinsCosted' depends on axioms: [propext, Classical.choice, Quot.sound]
'Zcash.Snark.ZeroKnowledge.ipaSimulatorFromCoinsCosted_result' depends on axioms: [propext,
 Classical.choice,
 Quot.sound]
'Zcash.Snark.ZeroKnowledge.materializedIpaSimulatorCosted_result' depends on axioms: [propext,
 Classical.choice,
 Quot.sound]
'Zcash.Snark.ZeroKnowledge.IpaPublicCosted.ReadBound' depends on axioms: [propext]
'Zcash.Snark.ZeroKnowledge.ipaSimulatorScalarCostBudget' does not depend on any axioms
'Zcash.Snark.ZeroKnowledge.ipaSimulatorCostBudget' depends on axioms: [propext]
'Zcash.Snark.ZeroKnowledge.materializedIpaSimulatorCosted_cost_le' depends on axioms: [propext,
 Classical.choice,
 Quot.sound]
'Zcash.Snark.ZeroKnowledge.exprNodeCount' does not depend on any axioms
'Zcash.Snark.ZeroKnowledge.exprEvalCosted' depends on axioms: [propext, Quot.sound]
'Zcash.Snark.ZeroKnowledge.exprEvalCosted_result' depends on axioms: [propext, Quot.sound]
'Zcash.Snark.ZeroKnowledge.exprEvalCosted_cost_le' depends on axioms: [propext, Quot.sound]
'Zcash.Snark.ZeroKnowledge.foldlCosted' does not depend on any axioms
'Zcash.Snark.ZeroKnowledge.foldlCosted_result' depends on axioms: [propext]
'Zcash.Snark.ZeroKnowledge.foldlCosted_invariant' depends on axioms: [propext]
'Zcash.Snark.ZeroKnowledge.foldlCosted_cost_le_sum' depends on axioms: [propext, Quot.sound]
'Zcash.Snark.ZeroKnowledge.polynomialCoeffCosted' depends on axioms: [propext, Quot.sound]
'Zcash.Snark.ZeroKnowledge.polynomialCoeffCosted_result' depends on axioms: [propext, Quot.sound]
'Zcash.Snark.ZeroKnowledge.polynomialCoeffCosted_cost_le' depends on axioms: [propext, Quot.sound]
'Zcash.Snark.ZeroKnowledge.polynomialArrayCosted' depends on axioms: [propext, Quot.sound]
'Zcash.Snark.ZeroKnowledge.polynomialArrayCosted_result' depends on axioms: [propext, Quot.sound]
'Zcash.Snark.ZeroKnowledge.polynomialArrayCosted_cost_le' depends on axioms: [propext, Classical.choice, Quot.sound]
'Zcash.Snark.ZeroKnowledge.listHornerCosted' does not depend on any axioms
'Zcash.Snark.ZeroKnowledge.listHornerCosted_result' depends on axioms: [propext]
'Zcash.Snark.ZeroKnowledge.listHornerCosted_cost' depends on axioms: [propext, Quot.sound]
'Zcash.Snark.ZeroKnowledge.polynomialEvalCosted' depends on axioms: [propext, Quot.sound]
'Zcash.Snark.ZeroKnowledge.polynomialEvalCosted_result' depends on axioms: [propext, Quot.sound]
'Zcash.Snark.ZeroKnowledge.polynomialEvalCosted_cost_le' depends on axioms: [propext, Classical.choice, Quot.sound]
'Zcash.Snark.ZeroKnowledge.polynomialCommitmentCosted' depends on axioms: [propext, Classical.choice, Quot.sound]
'Zcash.Snark.ZeroKnowledge.polynomialCommitmentCosted_result' depends on axioms: [propext, Classical.choice, Quot.sound]
'Zcash.Snark.ZeroKnowledge.polynomialCommitmentCosted_cost_le' depends on axioms: [propext,
 Classical.choice,
 Quot.sound]
'Zcash.Snark.ZeroKnowledge.commitmentHornerFoldCosted' depends on axioms: [propext, Classical.choice, Quot.sound]
'Zcash.Snark.ZeroKnowledge.commitmentHornerFoldCosted_result' depends on axioms: [propext, Classical.choice, Quot.sound]
'Zcash.Snark.ZeroKnowledge.commitmentHornerFoldCosted_cost_le' depends on axioms: [propext,
 Classical.choice,
 Quot.sound]
'Zcash.Snark.ZeroKnowledge.plonkScalarFoldCosted' depends on axioms: [propext, Classical.choice, Quot.sound]
'Zcash.Snark.ZeroKnowledge.plonkScalarFoldCosted_result' depends on axioms: [propext, Classical.choice, Quot.sound]
'Zcash.Snark.ZeroKnowledge.plonkScalarFoldCosted_cost_le' depends on axioms: [propext, Classical.choice, Quot.sound]
'Zcash.Snark.ZeroKnowledge.FieldOperationCosts' does not depend on any axioms
'Zcash.Snark.ZeroKnowledge.fieldAddCosted' does not depend on any axioms
'Zcash.Snark.ZeroKnowledge.fieldAddCosted_result' does not depend on any axioms
'Zcash.Snark.ZeroKnowledge.fieldNegateCosted' does not depend on any axioms
'Zcash.Snark.ZeroKnowledge.fieldNegateCosted_result' does not depend on any axioms
'Zcash.Snark.ZeroKnowledge.fieldSubtractCosted' does not depend on any axioms
'Zcash.Snark.ZeroKnowledge.fieldSubtractCosted_result' depends on axioms: [propext]
'Zcash.Snark.ZeroKnowledge.fieldMultiplyCosted' does not depend on any axioms
'Zcash.Snark.ZeroKnowledge.fieldMultiplyCosted_result' does not depend on any axioms
'Zcash.Snark.ZeroKnowledge.fieldInverseCosted' does not depend on any axioms
'Zcash.Snark.ZeroKnowledge.fieldInverseCosted_result' does not depend on any axioms
'Zcash.Snark.ZeroKnowledge.fieldDivideCosted' does not depend on any axioms
'Zcash.Snark.ZeroKnowledge.fieldDivideCosted_result' depends on axioms: [propext]
'Zcash.Snark.ZeroKnowledge.compressExprsCosted' depends on axioms: [propext, Quot.sound]
'Zcash.Snark.ZeroKnowledge.compressExprsCosted_result' depends on axioms: [propext, Quot.sound]
'Zcash.Snark.ZeroKnowledge.compressExprsCosted_cost_le' depends on axioms: [propext, Quot.sound]
'Zcash.Snark.ZeroKnowledge.lookupCompressionCostBudget' depends on axioms: [propext]
'Zcash.Snark.ZeroKnowledge.lookupExpressionsCosted' depends on axioms: [propext, Quot.sound]
'Zcash.Snark.ZeroKnowledge.lookupExpressionsCosted_result' depends on axioms: [propext, Quot.sound]
'Zcash.Snark.ZeroKnowledge.lookupEvalReadBound' does not depend on any axioms
'Zcash.Snark.ZeroKnowledge.lookupExpressionsCosted_cost_le' depends on axioms: [propext, Quot.sound]
'Zcash.Snark.ZeroKnowledge.permChunkExpressionCosted' depends on axioms: [propext, Quot.sound]
'Zcash.Snark.ZeroKnowledge.permChunkExpressionCosted_result' depends on axioms: [propext, Quot.sound]
'Zcash.Snark.ZeroKnowledge.permChunkExpressionCosted_cost_le' depends on axioms: [propext, Quot.sound]
