PIN|Zcash.Snark.ZeroKnowledge.octalDigit_eq_shift_mask|true||
PIN|Zcash.Snark.ZeroKnowledge.octalDigits_sum_mod|true||
PIN|Zcash.Snark.ZeroKnowledge.canonicalActionScalarWindows|true||
PIN|Zcash.Snark.ZeroKnowledge.canonicalActionScalarWindows_val|true||
PIN|Zcash.Snark.ZeroKnowledge.canonicalActionScalarWindows_lt|true||
PIN|Zcash.Snark.ZeroKnowledge.canonicalActionScalarWindows_reconstruct|true||
PIN|Zcash.Snark.ZeroKnowledge.canonicalActionMerklePath|true||
PIN|Zcash.Snark.ZeroKnowledge.normalizeActionWitness|true||
PIN|Zcash.Snark.ZeroKnowledge.normalizeActionWitness_spec_iff|true|CompElliptic.Curves.Pasta.Pallas.q_nsmul_Gpt|
PIN|Zcash.Snark.ZeroKnowledge.canonicalMerkleReadings|true||
PIN|Zcash.Snark.ZeroKnowledge.canonicalMerkleReadings_chunks|true||
PIN|Zcash.Snark.ZeroKnowledge.exactCanonicalMerklePath_pathNode|true||
PIN|Zcash.Snark.ZeroKnowledge.pathNode_append|true||
PIN|Zcash.Snark.ZeroKnowledge.ActionScalarHintBounds|false||
PIN|Zcash.Snark.ZeroKnowledge.actionWitnessLeftEncoding|false||
PIN|Zcash.Snark.ZeroKnowledge.actionWitnessRightEncoding|false||
PIN|Zcash.Snark.ZeroKnowledge.actionWitnessSide|false||
PIN|Zcash.Snark.ZeroKnowledge.ActionWitnessConstructionConditions|true|CompElliptic.Curves.Pasta.Pallas.q_nsmul_Gpt|
PIN|Zcash.Snark.ZeroKnowledge.canonicalActionMerklePath_eq_readings|true||
PIN|Zcash.Snark.ZeroKnowledge.actionWitnessConditions_merkleRoot|true|CompElliptic.Curves.Pasta.Pallas.q_nsmul_Gpt|
PIN|Zcash.Snark.ZeroKnowledge.actionWitnessConditions_merkleHalves|true|CompElliptic.Curves.Pasta.Pallas.q_nsmul_Gpt|
PIN|Zcash.Snark.ZeroKnowledge.actionWitnessConditions_proverAssumptions|true|CompElliptic.Curves.Pasta.Pallas.q_nsmul_Gpt|
PIN|Zcash.Snark.ZeroKnowledge.actionWitnessHintData|true||
PIN|Zcash.Snark.ZeroKnowledge.actionWitnessHints|true||
PIN|Zcash.Snark.ZeroKnowledge.actionWitnessHintEnvironment|true||
PIN|Zcash.Snark.ZeroKnowledge.actionWitnessHints_sibling_read|true||
PIN|Zcash.Snark.ZeroKnowledge.actionWitnessHints_swap_read|true||
PIN|Zcash.Snark.ZeroKnowledge.actionPointHint_eval|true||
PIN|Zcash.Snark.ZeroKnowledge.actionMerkleSibling_eval|true||
PIN|Zcash.Snark.ZeroKnowledge.actionMerkleSwap_eval|true||
PIN|Zcash.Snark.ZeroKnowledge.actionWitnessHints_decode|true||
PIN|Zcash.Snark.ZeroKnowledge.actionScalarWindowValues|true||
PIN|Zcash.Snark.ZeroKnowledge.actionScalarWindowValues_digit|true||
PIN|Zcash.Snark.ZeroKnowledge.actionScalarWindowValues_canonical|true||
PIN|Zcash.Snark.ZeroKnowledge.actionScalarWindowValues_reconstruct|true||
PIN|Zcash.Snark.ZeroKnowledge.actionWitnessHintWindows_canonical|true||
PIN|Zcash.Snark.ZeroKnowledge.PlacedAdviceProgram|false||
PIN|Zcash.Snark.ZeroKnowledge.regionAdvicePrograms|false||
PIN|Zcash.Snark.ZeroKnowledge.circuitAdvicePrograms|false||
PIN|Zcash.Snark.ZeroKnowledge.writeAdviceValue|false||
PIN|Zcash.Snark.ZeroKnowledge.runAdvicePrograms|true||
PIN|Zcash.Snark.ZeroKnowledge.writeAdviceValue_get_target|false||
PIN|Zcash.Snark.ZeroKnowledge.writeAdviceValue_get_frame|false||
PIN|Zcash.Snark.ZeroKnowledge.runAdvicePrograms_get_frame|true||
PIN|Zcash.Snark.ZeroKnowledge.runAdvicePrograms_get_nonadvice|true||
PIN|Zcash.Snark.ZeroKnowledge.runAdvicePrograms_hint|true||
PIN|Zcash.Snark.ZeroKnowledge.runAdvicePrograms_usableRows|true||
PIN|Zcash.Snark.ZeroKnowledge.proverEnvironment_ext|false||
PIN|Zcash.Snark.ZeroKnowledge.initialPublicWitnessAssignment|true||
PIN|Zcash.Snark.ZeroKnowledge.initialPublicWitnessAssignment_inst|true||
PIN|Zcash.Snark.ZeroKnowledge.initialPublicWitnessAssignment_publicInput|true||
PIN|Zcash.Snark.ZeroKnowledge.topLevelAdviceEnvironment|true||
PIN|Zcash.Snark.ZeroKnowledge.topLevelAdviceAssignment|true||
PIN|Zcash.Snark.ZeroKnowledge.topLevelAdviceAssignment_environment|true||
PIN|Zcash.Snark.ZeroKnowledge.topLevelAdviceAssignment_publicInput|true||
PIN|Zcash.Snark.ZeroKnowledge.generatedAdviceAssignment_publicInput|true||
PIN|Zcash.Snark.ZeroKnowledge.actionWitnessAssignment|true|CompElliptic.Curves.Pasta.Pallas.q_nsmul_Gpt|
PIN|Zcash.Snark.ZeroKnowledge.actionWitnessRows|true|CompElliptic.Curves.Pasta.Pallas.q_nsmul_Gpt|
PIN|Zcash.Snark.ZeroKnowledge.actionWitnessRowBundle|true|CompElliptic.Curves.Pasta.Pallas.q_nsmul_Gpt|
PIN|Zcash.Snark.ZeroKnowledge.actionWitnessAssignment_environment|true|CompElliptic.Curves.Pasta.Pallas.q_nsmul_Gpt|
PIN|Zcash.Snark.ZeroKnowledge.actionWitnessAssignment_publicInput|true|CompElliptic.Curves.Pasta.Pallas.q_nsmul_Gpt|
PIN|Zcash.Snark.ZeroKnowledge.actionWitnessAssignment_hintData|true|CompElliptic.Curves.Pasta.Pallas.q_nsmul_Gpt|
PIN|Zcash.Snark.ZeroKnowledge.actionWitnessAssignment_hintWindows|true|CompElliptic.Curves.Pasta.Pallas.q_nsmul_Gpt|
