Proof baseline: d8c0b95d02281a10e2fdd3eebedad44f1ea6d80c
Inventory: 75 declarations across 14 modules.
Command: lake env lean -DwarningAsError=true <inventory probe>

'Zcash.Snark.ZeroKnowledge.actionQuotientPiecesFromRowsCosted_result' depends on axioms: [propext,
 Classical.choice,
 Quot.sound,
 CompElliptic.Curves.Pasta.Pallas.q_nsmul_Gpt._native.native_decide.ax_1_1]
'Zcash.Snark.ZeroKnowledge.denseCollapsedQuotientCosted' depends on axioms: [propext, Classical.choice, Quot.sound]
'Zcash.Snark.ZeroKnowledge.denseCollapsedQuotientCosted_result' depends on axioms: [propext,
 Classical.choice,
 Quot.sound]
'Zcash.Snark.ZeroKnowledge.denseCollapsedQuotientCosted_length_le' depends on axioms: [propext,
 Classical.choice,
 Quot.sound]
'Zcash.Snark.ZeroKnowledge.denseCollapsedQuotientCosted_cost_le' depends on axioms: [propext,
 Classical.choice,
 Quot.sound]
'Zcash.Snark.ZeroKnowledge.denseLinearMaskCosted' does not depend on any axioms
'Zcash.Snark.ZeroKnowledge.denseLinearMaskCosted_result' depends on axioms: [propext, Classical.choice, Quot.sound]
'Zcash.Snark.ZeroKnowledge.denseLinearMaskCosted_length' does not depend on any axioms
'Zcash.Snark.ZeroKnowledge.denseDomainPiecesCosted' depends on axioms: [propext, Classical.choice, Quot.sound]
'Zcash.Snark.ZeroKnowledge.denseDomainPiecesCosted_result' depends on axioms: [propext, Classical.choice, Quot.sound]
'Zcash.Snark.ZeroKnowledge.denseDomainPiecesCosted_length' depends on axioms: [propext, Classical.choice, Quot.sound]
'Zcash.Snark.ZeroKnowledge.denseDomainPiecesCosted_width' depends on axioms: [propext, Classical.choice, Quot.sound]
'Zcash.Snark.ZeroKnowledge.denseDomainPiecesCostBudget' depends on axioms: [propext]
'Zcash.Snark.ZeroKnowledge.denseDomainPiecesCosted_cost_le' depends on axioms: [propext, Classical.choice, Quot.sound]
'Zcash.Snark.ZeroKnowledge.fixedCoefficientQueryCosted' depends on axioms: [propext]
'Zcash.Snark.ZeroKnowledge.fixedCoefficientQueryCosted_result' depends on axioms: [propext,
 Classical.choice,
 Quot.sound]
'Zcash.Snark.ZeroKnowledge.fixedCoefficientQueryCosted_cost_le' depends on axioms: [propext,
 Classical.choice,
 Quot.sound]
'Zcash.Snark.ZeroKnowledge.denseOpeningGroupMembersCosted' depends on axioms: [propext]
'Zcash.Snark.ZeroKnowledge.denseOpeningGroupMembersCosted_result' depends on axioms: [propext,
 Classical.choice,
 Quot.sound]
'Zcash.Snark.ZeroKnowledge.denseOpeningGroupMembersCosted_length_le' depends on axioms: [propext,
 Classical.choice,
 Quot.sound]
'Zcash.Snark.ZeroKnowledge.denseOpeningGroupMembersCosted_width' depends on axioms: [propext,
 Classical.choice,
 Quot.sound]
'Zcash.Snark.ZeroKnowledge.denseOpeningGroupMembersCostBudget' does not depend on any axioms
'Zcash.Snark.ZeroKnowledge.denseOpeningGroupMembersCosted_cost_le' depends on axioms: [propext,
 Classical.choice,
 Quot.sound]
'Zcash.Snark.ZeroKnowledge.denseOpeningPolynomialCosted' depends on axioms: [propext, Classical.choice, Quot.sound]
'Zcash.Snark.ZeroKnowledge.denseOpeningPolynomialCosted_result' depends on axioms: [propext,
 Classical.choice,
 Quot.sound]
'Zcash.Snark.ZeroKnowledge.denseOpeningPolynomialCosted_length_le' depends on axioms: [propext,
 Classical.choice,
 Quot.sound]
'Zcash.Snark.ZeroKnowledge.denseOpeningPolynomialCostBudget' does not depend on any axioms
'Zcash.Snark.ZeroKnowledge.denseOpeningPolynomialCosted_cost_le' depends on axioms: [propext,
 Classical.choice,
 Quot.sound]
'Zcash.Snark.ZeroKnowledge.densePolynomialFoldFromCosted' depends on axioms: [propext, Classical.choice, Quot.sound]
'Zcash.Snark.ZeroKnowledge.densePolynomialFoldFromCosted_result' depends on axioms: [propext,
 Classical.choice,
 Quot.sound]
'Zcash.Snark.ZeroKnowledge.densePolynomialFoldFromCosted_length_le' depends on axioms: [propext,
 Classical.choice,
 Quot.sound]
'Zcash.Snark.ZeroKnowledge.densePolynomialFoldStepBudget' does not depend on any axioms
'Zcash.Snark.ZeroKnowledge.densePolynomialFoldFromCosted_cost_le' depends on axioms: [propext,
 Classical.choice,
 Quot.sound]
'Zcash.Snark.ZeroKnowledge.densePolynomialFoldCosted' depends on axioms: [propext, Classical.choice, Quot.sound]
'Zcash.Snark.ZeroKnowledge.densePolynomialFoldCosted_result' depends on axioms: [propext, Classical.choice, Quot.sound]
'Zcash.Snark.ZeroKnowledge.densePolynomialFoldCosted_length_le' depends on axioms: [propext,
 Classical.choice,
 Quot.sound]
'Zcash.Snark.ZeroKnowledge.densePolynomialFoldCosted_cost_le' depends on axioms: [propext, Classical.choice, Quot.sound]
'Zcash.Snark.ZeroKnowledge.densePolynomialSumCosted' depends on axioms: [propext, Classical.choice, Quot.sound]
'Zcash.Snark.ZeroKnowledge.densePolynomialSumCosted_result' depends on axioms: [propext, Classical.choice, Quot.sound]
'Zcash.Snark.ZeroKnowledge.densePolynomialSumCosted_length_le' depends on axioms: [propext,
 Classical.choice,
 Quot.sound]
'Zcash.Snark.ZeroKnowledge.densePolynomialSumCosted_cost_le' depends on axioms: [propext, Classical.choice, Quot.sound]
'Zcash.Snark.ZeroKnowledge.densePlonkQuotientPiecesCosted' depends on axioms: [propext, Classical.choice, Quot.sound]
'Zcash.Snark.ZeroKnowledge.densePlonkQuotientPiecesCosted_result' depends on axioms: [propext,
 Classical.choice,
 Quot.sound]
'Zcash.Snark.ZeroKnowledge.densePlonkQuotientPiecesCosted_length' depends on axioms: [propext,
 Classical.choice,
 Quot.sound]
'Zcash.Snark.ZeroKnowledge.densePlonkQuotientPiecesCosted_width' depends on axioms: [propext,
 Classical.choice,
 Quot.sound]
'Zcash.Snark.ZeroKnowledge.densePlonkQuotientPiecesCostBudget' depends on axioms: [propext]
'Zcash.Snark.ZeroKnowledge.densePlonkQuotientPiecesCosted_cost_le' depends on axioms: [propext,
 Classical.choice,
 Quot.sound]
'Zcash.Snark.ZeroKnowledge.densePowerWeightedTermCosted' depends on axioms: [propext, Classical.choice, Quot.sound]
'Zcash.Snark.ZeroKnowledge.densePowerWeightedTermCosted_result' depends on axioms: [propext,
 Classical.choice,
 Quot.sound]
'Zcash.Snark.ZeroKnowledge.densePowerWeightedTermCosted_length' depends on axioms: [propext,
 Classical.choice,
 Quot.sound]
'Zcash.Snark.ZeroKnowledge.densePowerWeightedTermCosted_cost_le' depends on axioms: [propext,
 Classical.choice,
 Quot.sound]
'Zcash.Snark.ZeroKnowledge.denseWeightedSumCosted' depends on axioms: [propext, Classical.choice, Quot.sound]
'Zcash.Snark.ZeroKnowledge.denseWeightedSumCosted_result' depends on axioms: [propext, Classical.choice, Quot.sound]
'Zcash.Snark.ZeroKnowledge.denseWeightedSumCosted_length_le' depends on axioms: [propext, Classical.choice, Quot.sound]
'Zcash.Snark.ZeroKnowledge.denseWeightedSumCostBudget' does not depend on any axioms
'Zcash.Snark.ZeroKnowledge.denseWeightedSumCosted_cost_le' depends on axioms: [propext, Classical.choice, Quot.sound]
'Zcash.Snark.ZeroKnowledge.firstOpeningGroupCosted_property' depends on axioms: [propext, Quot.sound]
'Zcash.Snark.ZeroKnowledge.plonkQuotientPiecesFromRowsCostBudget' depends on axioms: [propext]
'Zcash.Snark.ZeroKnowledge.plonkQuotientPiecesFromRowsCosted_cost_le' depends on axioms: [propext,
 Classical.choice,
 Quot.sound]
'Zcash.Snark.ZeroKnowledge.plonkQuotientPiecesFromRowsCosted' depends on axioms: [propext, Classical.choice, Quot.sound]
'Zcash.Snark.ZeroKnowledge.plonkQuotientPiecesFromRowsCosted_result' depends on axioms: [propext,
 Classical.choice,
 Quot.sound]
'Zcash.Snark.ZeroKnowledge.plonkQuotientPiecesFromRowsCosted_length' depends on axioms: [propext,
 Classical.choice,
 Quot.sound]
'Zcash.Snark.ZeroKnowledge.plonkQuotientPiecesFromRowsCosted_width' depends on axioms: [propext,
 Classical.choice,
 Quot.sound]
'Zcash.Snark.ZeroKnowledge.privateColumnCoefficientsCosted' depends on axioms: [propext]
'Zcash.Snark.ZeroKnowledge.privateColumnCoefficientsCosted_result' depends on axioms: [propext,
 Classical.choice,
 Quot.sound]
'Zcash.Snark.ZeroKnowledge.privateColumnCoefficientsCosted_length_le' depends on axioms: [propext]
'Zcash.Snark.ZeroKnowledge.privateColumnCoefficientsCostBudget' does not depend on any axioms
'Zcash.Snark.ZeroKnowledge.privateColumnCoefficientsCosted_cost_le' depends on axioms: [propext,
 Classical.choice,
 Quot.sound]
'Zcash.Snark.ZeroKnowledge.privateColumnCoefficientsCosted_from_rows' depends on axioms: [propext,
 Classical.choice,
 Quot.sound]
'Zcash.Snark.ZeroKnowledge.privatePolynomialCoefficientsCosted' depends on axioms: [propext,
 Classical.choice,
 Quot.sound]
'Zcash.Snark.ZeroKnowledge.privatePolynomialCoefficientsCosted_result' depends on axioms: [propext,
 Classical.choice,
 Quot.sound]
'Zcash.Snark.ZeroKnowledge.privatePolynomialCoefficientsCosted_length' depends on axioms: [propext,
 Classical.choice,
 Quot.sound]
'Zcash.Snark.ZeroKnowledge.privatePolynomialCoefficientsCosted_width' depends on axioms: [propext,
 Classical.choice,
 Quot.sound]
'Zcash.Snark.ZeroKnowledge.privatePolynomialCoefficientsCosted_cost_le' depends on axioms: [propext,
 Classical.choice,
 Quot.sound]
'Zcash.Snark.ZeroKnowledge.densePolynomial_getD' depends on axioms: [propext, Classical.choice, Quot.sound]
