'Zcash.Snark.ZeroKnowledge.honestIpaMaskCostBudget' depends on axioms: [propext]
'Zcash.Snark.ZeroKnowledge.honestIpaTranscriptCostBudget' depends on axioms: [propext]
'Zcash.Snark.ZeroKnowledge.materializedHonestIpaCosted_cost_le' depends on axioms: [propext,
 Classical.choice,
 Quot.sound]
'Zcash.Snark.ZeroKnowledge.honestIpaRoundCosted' depends on axioms: [propext, Classical.choice, Quot.sound]
'Zcash.Snark.ZeroKnowledge.honestIpaRoundCosted_result' depends on axioms: [propext, Classical.choice, Quot.sound]
'Zcash.Snark.ZeroKnowledge.honestIpaTranscriptCosted' depends on axioms: [propext, Classical.choice, Quot.sound]
'Zcash.Snark.ZeroKnowledge.honestIpaTranscriptCosted_result' depends on axioms: [propext, Classical.choice, Quot.sound]
'Zcash.Snark.ZeroKnowledge.materializedHonestIpaCosted_result' depends on axioms: [propext,
 Classical.choice,
 Quot.sound]
'Zcash.Snark.ZeroKnowledge.honestIpaVectorReadBudget' depends on axioms: [propext]
'Zcash.Snark.ZeroKnowledge.honestIpaCoreCostBudget' depends on axioms: [propext]
'Zcash.Snark.ZeroKnowledge.honestIpaCoreCosted_cost_le' depends on axioms: [propext, Classical.choice, Quot.sound]
'Zcash.Snark.ZeroKnowledge.honestIpaRoundCostBudget' depends on axioms: [propext]
'Zcash.Snark.ZeroKnowledge.honestIpaRoundCosted_cost_le' depends on axioms: [propext, Classical.choice, Quot.sound]
'Zcash.Snark.ZeroKnowledge.IpaPublicCosted.readBound_mono' depends on axioms: [propext]
'Zcash.Snark.ZeroKnowledge.honestIpaTranscriptFromTapeCosted' depends on axioms: [propext, Classical.choice, Quot.sound]
'Zcash.Snark.ZeroKnowledge.honestIpaTranscriptFromTapeCosted_result' depends on axioms: [propext,
 Classical.choice,
 Quot.sound]
'Zcash.Snark.ZeroKnowledge.honestIpaTranscriptFromTapeCosted_cost_le' depends on axioms: [propext,
 Classical.choice,
 Quot.sound]
'Zcash.Snark.ZeroKnowledge.ipaNextVectorReadBudget' does not depend on any axioms
'Zcash.Snark.ZeroKnowledge.ipaCoreMessagesCostBudget' depends on axioms: [propext]
'Zcash.Snark.ZeroKnowledge.ipaCoreMessagesCosted_cost_le' depends on axioms: [propext, Classical.choice, Quot.sound]
'Zcash.Snark.ZeroKnowledge.ipaCoreMessagesCostBudget_mono' depends on axioms: [propext, Quot.sound]
'Zcash.Snark.ZeroKnowledge.ipaCoreMessagesCosted' depends on axioms: [propext, Classical.choice, Quot.sound]
'Zcash.Snark.ZeroKnowledge.ipaCoreMessagesCosted_result' depends on axioms: [propext, Classical.choice, Quot.sound]
'Zcash.Snark.ZeroKnowledge.ipaCrossTermCosted' depends on axioms: [propext, Quot.sound]
'Zcash.Snark.ZeroKnowledge.ipaCrossTermCosted_result' depends on axioms: [propext, Classical.choice, Quot.sound]
'Zcash.Snark.ZeroKnowledge.ipaCrossTermCostBudget' does not depend on any axioms
'Zcash.Snark.ZeroKnowledge.ipaCrossTermCosted_cost_le' depends on axioms: [propext, Classical.choice, Quot.sound]
'Zcash.Snark.ZeroKnowledge.ipaCrossTermsCosted' depends on axioms: [propext, Quot.sound]
'Zcash.Snark.ZeroKnowledge.ipaCrossTermsCosted_result' depends on axioms: [propext, Classical.choice, Quot.sound]
'Zcash.Snark.ZeroKnowledge.ipaCrossTermsCostBudget' depends on axioms: [propext]
'Zcash.Snark.ZeroKnowledge.ipaCrossTermsCosted_cost_le' depends on axioms: [propext, Classical.choice, Quot.sound]
'Zcash.Snark.ZeroKnowledge.ipaFinalBlindCosted' depends on axioms: [propext, Classical.choice, Quot.sound]
'Zcash.Snark.ZeroKnowledge.ipaFinalBlindCosted_result' depends on axioms: [propext, Classical.choice, Quot.sound]
'Zcash.Snark.ZeroKnowledge.ipaFinalBlindCostBudget' does not depend on any axioms
'Zcash.Snark.ZeroKnowledge.ipaFinalBlindCosted_cost_le' depends on axioms: [propext, Classical.choice, Quot.sound]
'Zcash.Snark.ZeroKnowledge.ipaFoldReaderCosted' depends on axioms: [propext, Quot.sound]
'Zcash.Snark.ZeroKnowledge.ipaFoldReaderCosted_result' depends on axioms: [propext, Quot.sound]
'Zcash.Snark.ZeroKnowledge.ipaFoldReaderCosted_cost_le' depends on axioms: [propext, Quot.sound]
'Zcash.Snark.ZeroKnowledge.ipaInverseRoundCosted' depends on axioms: [propext, Classical.choice, Quot.sound]
'Zcash.Snark.ZeroKnowledge.ipaInverseRoundCosted_result' depends on axioms: [propext, Classical.choice, Quot.sound]
'Zcash.Snark.ZeroKnowledge.ipaInverseRoundCosted_cost' depends on axioms: [propext, Classical.choice, Quot.sound]
'Zcash.Snark.ZeroKnowledge.ipaAlphaTapeCosted' depends on axioms: [propext, Quot.sound]
'Zcash.Snark.ZeroKnowledge.ipaMaskTapeCosted' depends on axioms: [propext, Quot.sound]
'Zcash.Snark.ZeroKnowledge.ipaRoundTapeCosted' depends on axioms: [propext, Quot.sound]
'Zcash.Snark.ZeroKnowledge.ipaAlphaTapeCosted_result' depends on axioms: [propext, Classical.choice, Quot.sound]
'Zcash.Snark.ZeroKnowledge.ipaMaskTapeCosted_result' depends on axioms: [propext, Classical.choice, Quot.sound]
'Zcash.Snark.ZeroKnowledge.ipaRoundTapeCosted_result' depends on axioms: [propext, Classical.choice, Quot.sound]
'Zcash.Snark.ZeroKnowledge.ipaAlphaTapeCosted_cost_le' depends on axioms: [propext, Quot.sound]
'Zcash.Snark.ZeroKnowledge.ipaMaskTapeCosted_cost_le' depends on axioms: [propext, Quot.sound]
'Zcash.Snark.ZeroKnowledge.ipaRoundTapeCosted_cost_le' depends on axioms: [propext, Quot.sound]
'Zcash.Snark.ZeroKnowledge.ipaMaskedVectorReadBudget' does not depend on any axioms
'Zcash.Snark.ZeroKnowledge.ipaMaskedVectorCosted_cost_le' depends on axioms: [propext, Classical.choice, Quot.sound]
'Zcash.Snark.ZeroKnowledge.ipaEvaluationReaderCosted_cost_le' depends on axioms: [propext, Quot.sound]
'Zcash.Snark.ZeroKnowledge.ipaWitnessScalarCostBudget' depends on axioms: [propext]
'Zcash.Snark.ZeroKnowledge.ipaWitnessScalarCosted_cost_le' depends on axioms: [propext, Classical.choice, Quot.sound]
'Zcash.Snark.ZeroKnowledge.ipaMaskedVectorCosted' depends on axioms: [propext, Quot.sound]
'Zcash.Snark.ZeroKnowledge.ipaMaskedVectorCosted_result' depends on axioms: [propext, Classical.choice, Quot.sound]
'Zcash.Snark.ZeroKnowledge.ipaEvaluationReaderCosted' depends on axioms: [propext, Quot.sound]
'Zcash.Snark.ZeroKnowledge.ipaEvaluationReaderCosted_result' depends on axioms: [propext, Quot.sound]
'Zcash.Snark.ZeroKnowledge.publicFold_inverse_rounds' depends on axioms: [propext, Classical.choice, Quot.sound]
'Zcash.Snark.ZeroKnowledge.ipaWitnessScalarCosted' depends on axioms: [propext, Classical.choice, Quot.sound]
'Zcash.Snark.ZeroKnowledge.ipaWitnessScalarCosted_result' depends on axioms: [propext, Classical.choice, Quot.sound]
'Zcash.Snark.ZeroKnowledge.sparseIpaTermCosted' depends on axioms: [propext, Quot.sound]
'Zcash.Snark.ZeroKnowledge.sparseIpaTermCosted_result' depends on axioms: [propext, Classical.choice, Quot.sound]
'Zcash.Snark.ZeroKnowledge.sparseIpaCoefficientCosted' depends on axioms: [propext, Quot.sound]
'Zcash.Snark.ZeroKnowledge.sparseIpaCoefficientCosted_result' depends on axioms: [propext, Classical.choice, Quot.sound]
'Zcash.Snark.ZeroKnowledge.sparseIpaCoefficientCostBudget' does not depend on any axioms
'Zcash.Snark.ZeroKnowledge.sparseIpaCoefficientCosted_cost_le' depends on axioms: [propext,
 Classical.choice,
 Quot.sound]
'Zcash.Snark.ZeroKnowledge.vectorCommitmentCosted' depends on axioms: [propext, Quot.sound]
'Zcash.Snark.ZeroKnowledge.vectorCommitmentCosted_result' depends on axioms: [propext, Classical.choice, Quot.sound]
'Zcash.Snark.ZeroKnowledge.vectorCommitmentCosted_cost_le' depends on axioms: [propext, Classical.choice, Quot.sound]
'Zcash.Snark.ZeroKnowledge.innerProductCosted' depends on axioms: [propext, Quot.sound]
'Zcash.Snark.ZeroKnowledge.innerProductCosted_result' depends on axioms: [propext, Classical.choice, Quot.sound]
'Zcash.Snark.ZeroKnowledge.innerProductCosted_cost_le' depends on axioms: [propext, Classical.choice, Quot.sound]
