Proof baseline: abaedaec8189313f21d53ed66f6cdce1338f8ef0
PIN|Zcash.Snark.ZeroKnowledge.adviceAliasAddressData|false||
PIN|Zcash.Snark.ZeroKnowledge.adviceAddressAliasPlan|false||
PIN|Zcash.Snark.ZeroKnowledge.adviceAliasPlan_eq_addressPlan|false||
PIN|Zcash.Snark.ZeroKnowledge.regionAdviceAliasAddresses|false||
PIN|Zcash.Snark.ZeroKnowledge.circuitAdviceAliasAddresses|false||
PIN|Zcash.Snark.ZeroKnowledge.regionAdviceAliasAddresses_eq|false||
PIN|Zcash.Snark.ZeroKnowledge.circuitAdviceAliasAddresses_eq|false||
PIN|Zcash.Snark.ZeroKnowledge.adviceAddressKey|false||
PIN|Zcash.Snark.ZeroKnowledge.adviceAddressKey_injective|false||
PIN|Zcash.Snark.ZeroKnowledge.AdviceAliasMap|true||
PIN|Zcash.Snark.ZeroKnowledge.adviceAliasMapLookup|true||
PIN|Zcash.Snark.ZeroKnowledge.adviceAliasMapInsert|true||
PIN|Zcash.Snark.ZeroKnowledge.adviceAliasMapLookup_empty|true||
PIN|Zcash.Snark.ZeroKnowledge.adviceAliasMapLookup_insert|true||
PIN|Zcash.Snark.ZeroKnowledge.AdviceAliasMapRepresents|true||
PIN|Zcash.Snark.ZeroKnowledge.adviceAliasMapRepresents_empty|true||
PIN|Zcash.Snark.ZeroKnowledge.AdviceAliasMapRepresents.root|true||
PIN|Zcash.Snark.ZeroKnowledge.AdviceAliasMapRepresents.known|true||
PIN|Zcash.Snark.ZeroKnowledge.AdviceAliasMapRepresents.insert|true||
PIN|Zcash.Snark.ZeroKnowledge.AdviceAliasMapRepresents.insert_self|true||
PIN|Zcash.Snark.ZeroKnowledge.AdviceAliasMapRepresents.cons_known|true||
PIN|Zcash.Snark.ZeroKnowledge.adviceAliasMapPlan|true||
PIN|Zcash.Snark.ZeroKnowledge.adviceAliasMapPlan_eq|true||
PIN|Zcash.Snark.ZeroKnowledge.adviceAliasMapPlan_original|true||
PIN|Zcash.Snark.ZeroKnowledge.circuitAdviceAliasMapPlan_original|true||
PIN|Zcash.Snark.ZeroKnowledge.adviceCellReadMapAvailable|true||
PIN|Zcash.Snark.ZeroKnowledge.adviceCellReadMapAvailable_eq|true||
PIN|Zcash.Snark.ZeroKnowledge.adviceSupportMapPlan|true||
PIN|Zcash.Snark.ZeroKnowledge.adviceSupportMapPlan_eq|true||
PIN|Zcash.Snark.ZeroKnowledge.adviceSupportMapPlan_causal|true||
PIN|Zcash.Snark.ZeroKnowledge.topLevelAdviceAssignment_extendsWitnesses_of_mapPlans|true||
