'Zcash.Snark.ZeroKnowledge.getDListCosted_cost_of_lt' depends on axioms: [propext, Quot.sound]
'Zcash.Snark.ZeroKnowledge.storedPlonkFieldReadCosted_cost_of_lt' depends on axioms: [propext,
 Classical.choice,
 Quot.sound]
'Zcash.Snark.ZeroKnowledge.Challenges.readPrices' does not depend on any axioms
'Zcash.Snark.ZeroKnowledge.storedPlonkChallengePriceModel' depends on axioms: [propext, Classical.choice, Quot.sound]
'Zcash.Snark.ZeroKnowledge.storedPlonkSimulatorTapesCosted_challenge_prices' depends on axioms: [propext,
 Classical.choice,
 Quot.sound]
'Zcash.Snark.ZeroKnowledge.plonkJointSimulatorCostBudget_congr_prices' depends on axioms: [propext]
'Zcash.Snark.ZeroKnowledge.StoredPlonkJointOutput' depends on axioms: [propext]
'Zcash.Snark.ZeroKnowledge.storedActionTapeJointCosted' depends on axioms: [propext, Classical.choice, Quot.sound]
'Zcash.Snark.ZeroKnowledge.storedActionTapeJointCosted_raw' depends on axioms: [propext, Classical.choice, Quot.sound]
'Zcash.Snark.ZeroKnowledge.storedActionTapeJointCosted_challenges' depends on axioms: [propext,
 Classical.choice,
 Quot.sound]
'Zcash.Snark.ZeroKnowledge.storedActionTapeJointCosted_result' depends on axioms: [propext,
 Classical.choice,
 Quot.sound,
 CompElliptic.Curves.Pasta.Pallas.q_nsmul_Gpt._native.native_decide.ax_1_1]
'Zcash.Snark.ZeroKnowledge.storedActionTapeJointCosted_cost_le' depends on axioms: [propext,
 Classical.choice,
 Quot.sound]
'Zcash.Snark.ZeroKnowledge.storedActionTapeJointInputBudget_eleven' depends on axioms: [propext, Quot.sound]
'Zcash.Snark.ZeroKnowledge.storedActionTapeJointCostBudget' depends on axioms: [propext, Classical.choice, Quot.sound]
'Zcash.Snark.ZeroKnowledge.storedActionTapeJointCosted_cost_le_fixed' depends on axioms: [propext,
 Classical.choice,
 Quot.sound]
