'Zcash.Snark.ZeroKnowledge.rowCoefficientSummandCosted' depends on axioms: [propext, Classical.choice, Quot.sound]
'Zcash.Snark.ZeroKnowledge.rowCoefficientSummandCosted_result' depends on axioms: [propext,
 Classical.choice,
 Quot.sound]
'Zcash.Snark.ZeroKnowledge.rowCoefficientSummandCosted_cost_le' depends on axioms: [propext,
 Classical.choice,
 Quot.sound]
'Zcash.Snark.ZeroKnowledge.rowCoefficientCosted' depends on axioms: [propext, Classical.choice, Quot.sound]
'Zcash.Snark.ZeroKnowledge.rowCoefficientCosted_result' depends on axioms: [propext, Classical.choice, Quot.sound]
'Zcash.Snark.ZeroKnowledge.rowCoefficientCostBudget' does not depend on any axioms
'Zcash.Snark.ZeroKnowledge.rowCoefficientCosted_cost_le' depends on axioms: [propext, Classical.choice, Quot.sound]
'Zcash.Snark.ZeroKnowledge.rowCoefficientCosted_rowPolynomial' depends on axioms: [propext,
 Classical.choice,
 Quot.sound]
'Zcash.Snark.ZeroKnowledge.rowCoefficientsCosted' depends on axioms: [propext, Classical.choice, Quot.sound]
'Zcash.Snark.ZeroKnowledge.rowCoefficientsCosted_result' depends on axioms: [propext, Classical.choice, Quot.sound]
'Zcash.Snark.ZeroKnowledge.rowCoefficientsCosted_cost_le' depends on axioms: [propext, Classical.choice, Quot.sound]
'Zcash.Snark.ZeroKnowledge.rowPolynomialEvalCosted' depends on axioms: [propext, Classical.choice, Quot.sound]
'Zcash.Snark.ZeroKnowledge.rowPolynomialEvalCosted_result' depends on axioms: [propext, Classical.choice, Quot.sound]
'Zcash.Snark.ZeroKnowledge.rowPolynomialEvalCosted_cost_le' depends on axioms: [propext, Classical.choice, Quot.sound]
'Zcash.Snark.ZeroKnowledge.rowPolynomialCommitmentCosted' depends on axioms: [propext, Classical.choice, Quot.sound]
'Zcash.Snark.ZeroKnowledge.rowPolynomialCommitmentCosted_result' depends on axioms: [propext,
 Classical.choice,
 Quot.sound]
'Zcash.Snark.ZeroKnowledge.rowPolynomialCommitmentCosted_cost_le' depends on axioms: [propext,
 Classical.choice,
 Quot.sound]
'Zcash.Snark.ZeroKnowledge.mulComplete_zWit_support' depends on axioms: [propext, Classical.choice, Quot.sound]
'Zcash.Snark.ZeroKnowledge.mulComplete_yPWit_support' depends on axioms: [propext, Classical.choice, Quot.sound]
