'Zcash.Snark.ZeroKnowledge.getDListCosted_ofFn_result' depends on axioms: [propext, Classical.choice, Quot.sound]
'Zcash.Snark.ZeroKnowledge.storedMatrixEntryCosted' does not depend on any axioms
'Zcash.Snark.ZeroKnowledge.storedMatrixEntryCosted_result' depends on axioms: [propext, Classical.choice, Quot.sound]
'Zcash.Snark.ZeroKnowledge.storedMatrixEntryCosted_cost_le' depends on axioms: [propext, Classical.choice, Quot.sound]
'Zcash.Snark.ZeroKnowledge.storedMatrixEntryCosted_ofFn' depends on axioms: [propext, Classical.choice, Quot.sound]
'Zcash.Snark.ZeroKnowledge.storedRowReadersCosted' does not depend on any axioms
'Zcash.Snark.ZeroKnowledge.storedRowReadersCosted_result' depends on axioms: [propext]
'Zcash.Snark.ZeroKnowledge.storedRowReadersCosted_length' depends on axioms: [propext]
'Zcash.Snark.ZeroKnowledge.storedRowReadersCosted_erase_materialize' depends on axioms: [propext,
 Classical.choice,
 Quot.sound]
'Zcash.Snark.ZeroKnowledge.storedRowReadersCosted_cost_le' depends on axioms: [propext, Classical.choice, Quot.sound]
'Zcash.Snark.ZeroKnowledge.storedRowReadersCosted_readBound' depends on axioms: [propext, Classical.choice, Quot.sound]
'Zcash.Snark.ZeroKnowledge.storedWordBitCosted' depends on axioms: [propext, Classical.choice, Quot.sound]
'Zcash.Snark.ZeroKnowledge.storedWordBitCosted_encode_result' depends on axioms: [propext, Classical.choice, Quot.sound]
'Zcash.Snark.ZeroKnowledge.storedWordBitCosted_cost_le' depends on axioms: [propext, Classical.choice, Quot.sound]
'Zcash.Snark.ZeroKnowledge.storedRawWordCosted' depends on axioms: [propext, Classical.choice, Quot.sound]
'Zcash.Snark.ZeroKnowledge.storedFieldWordCosted' depends on axioms: [propext, Classical.choice, Quot.sound]
'Zcash.Snark.ZeroKnowledge.storedRawWordCosted_encode_result' depends on axioms: [propext, Classical.choice, Quot.sound]
'Zcash.Snark.ZeroKnowledge.storedFieldWordCosted_encode_result' depends on axioms: [propext,
 Classical.choice,
 Quot.sound]
'Zcash.Snark.ZeroKnowledge.storedRawWordCosted_cost_le' depends on axioms: [propext, Classical.choice, Quot.sound]
'Zcash.Snark.ZeroKnowledge.storedFieldWordCosted_cost_le' depends on axioms: [propext, Classical.choice, Quot.sound]
'Zcash.Snark.ZeroKnowledge.storedRawTapeCosted' depends on axioms: [propext, Classical.choice, Quot.sound]
'Zcash.Snark.ZeroKnowledge.storedFieldTapeCosted' depends on axioms: [propext, Classical.choice, Quot.sound]
'Zcash.Snark.ZeroKnowledge.storedRawTapeCosted_encode_result' depends on axioms: [propext, Classical.choice, Quot.sound]
'Zcash.Snark.ZeroKnowledge.storedFieldTapeCosted_encode_result' depends on axioms: [propext,
 Classical.choice,
 Quot.sound]
'Zcash.Snark.ZeroKnowledge.storedRawTapeCosted_cost_le' depends on axioms: [propext, Classical.choice, Quot.sound]
'Zcash.Snark.ZeroKnowledge.storedFieldTapeCosted_cost_le' depends on axioms: [propext, Classical.choice, Quot.sound]
'Zcash.Snark.ZeroKnowledge.StoredPlonkSetup' does not depend on any axioms
'Zcash.Snark.ZeroKnowledge.StoredPlonkSetup.encode' does not depend on any axioms
'Zcash.Snark.ZeroKnowledge.StoredPlonkSetup.urs' depends on axioms: [propext]
'Zcash.Snark.ZeroKnowledge.StoredPlonkSetup.generatorCosted' does not depend on any axioms
'Zcash.Snark.ZeroKnowledge.StoredPlonkSetup.fixedCosted' depends on axioms: [propext, Classical.choice, Quot.sound]
'Zcash.Snark.ZeroKnowledge.StoredPlonkSetup.sigmaCosted' depends on axioms: [propext, Classical.choice, Quot.sound]
'Zcash.Snark.ZeroKnowledge.StoredPlonkSetup.generatorCosted_encode_result' depends on axioms: [propext,
 Classical.choice,
 Quot.sound]
'Zcash.Snark.ZeroKnowledge.StoredPlonkSetup.urs_encode' depends on axioms: [propext, Classical.choice, Quot.sound]
'Zcash.Snark.ZeroKnowledge.StoredPlonkSetup.fixedCosted_encode_result' depends on axioms: [propext,
 Classical.choice,
 Quot.sound]
'Zcash.Snark.ZeroKnowledge.StoredPlonkSetup.sigmaCosted_encode_result' depends on axioms: [propext,
 Classical.choice,
 Quot.sound]
'Zcash.Snark.ZeroKnowledge.StoredPlonkSetup.generatorCosted_encode_cost_le' depends on axioms: [propext,
 Classical.choice,
 Quot.sound]
'Zcash.Snark.ZeroKnowledge.StoredPlonkSetup.fixedCosted_encode_cost_le' depends on axioms: [propext,
 Classical.choice,
 Quot.sound]
'Zcash.Snark.ZeroKnowledge.StoredPlonkSetup.sigmaCosted_encode_cost_le' depends on axioms: [propext,
 Classical.choice,
 Quot.sound]
'Zcash.Snark.ZeroKnowledge.StoredPlonkKey' does not depend on any axioms
'Zcash.Snark.ZeroKnowledge.StoredPlonkKey.encode' does not depend on any axioms
'Zcash.Snark.ZeroKnowledge.StoredPlonkKey.gatesCosted' does not depend on any axioms
'Zcash.Snark.ZeroKnowledge.StoredPlonkKey.layoutCosted' does not depend on any axioms
'Zcash.Snark.ZeroKnowledge.StoredPlonkKey.lookupInputCosted' does not depend on any axioms
'Zcash.Snark.ZeroKnowledge.StoredPlonkKey.lookupTableCosted' does not depend on any axioms
'Zcash.Snark.ZeroKnowledge.StoredPlonkKey.gatesCosted_encode_result' does not depend on any axioms
'Zcash.Snark.ZeroKnowledge.StoredPlonkKey.layoutCosted_encode_result' does not depend on any axioms
'Zcash.Snark.ZeroKnowledge.StoredPlonkKey.lookupInputCosted_encode_result' depends on axioms: [propext,
 Classical.choice,
 Quot.sound]
'Zcash.Snark.ZeroKnowledge.StoredPlonkKey.lookupTableCosted_encode_result' depends on axioms: [propext,
 Classical.choice,
 Quot.sound]
'Zcash.Snark.ZeroKnowledge.StoredPlonkKey.gatesCosted_cost' does not depend on any axioms
'Zcash.Snark.ZeroKnowledge.StoredPlonkKey.layoutCosted_cost' does not depend on any axioms
'Zcash.Snark.ZeroKnowledge.StoredPlonkKey.lookupInputCosted_cost_le' depends on axioms: [propext,
 Classical.choice,
 Quot.sound]
'Zcash.Snark.ZeroKnowledge.StoredPlonkKey.lookupTableCosted_cost_le' depends on axioms: [propext,
 Classical.choice,
 Quot.sound]
'Zcash.Snark.ZeroKnowledge.StoredPlonkKey.lookupInputCosted_encode_cost_le' depends on axioms: [propext,
 Classical.choice,
 Quot.sound]
'Zcash.Snark.ZeroKnowledge.StoredPlonkKey.lookupTableCosted_encode_cost_le' depends on axioms: [propext,
 Classical.choice,
 Quot.sound]
'Zcash.Snark.ZeroKnowledge.actionPublicInputElementsCosted' does not depend on any axioms
'Zcash.Snark.ZeroKnowledge.actionPublicInputElementsCosted_result' depends on axioms: [propext, Quot.sound]
'Zcash.Snark.ZeroKnowledge.actionPublicInputElementsCosted_length' does not depend on any axioms
'Zcash.Snark.ZeroKnowledge.actionPublicInputElementsCosted_cost' does not depend on any axioms
'Zcash.Snark.ZeroKnowledge.actionPublicInputRowsCosted' does not depend on any axioms
'Zcash.Snark.ZeroKnowledge.actionPublicInputRowsCosted_result' depends on axioms: [propext, Quot.sound]
'Zcash.Snark.ZeroKnowledge.actionPublicInputRowsCosted_length' depends on axioms: [propext, Quot.sound]
'Zcash.Snark.ZeroKnowledge.actionPublicInputRowsCosted_rowLength' depends on axioms: [propext, Quot.sound]
'Zcash.Snark.ZeroKnowledge.actionPublicInputRowsCosted_cost_le' depends on axioms: [propext,
 Classical.choice,
 Quot.sound]
'Zcash.Snark.ZeroKnowledge.actionPublicInputRowsCosted_instanceRows' depends on axioms: [propext,
 Classical.choice,
 Quot.sound,
 CompElliptic.Curves.Pasta.Pallas.q_nsmul_Gpt._native.native_decide.ax_1_1]
'Zcash.Snark.ZeroKnowledge.actionStoredInstanceRowCosted' depends on axioms: [propext, Classical.choice, Quot.sound]
'Zcash.Snark.ZeroKnowledge.actionStoredInstanceRowCosted_result' depends on axioms: [propext,
 Classical.choice,
 Quot.sound,
 CompElliptic.Curves.Pasta.Pallas.q_nsmul_Gpt._native.native_decide.ax_1_1]
'Zcash.Snark.ZeroKnowledge.actionStoredInstanceRowCosted_cost_le' depends on axioms: [propext,
 Classical.choice,
 Quot.sound]
