PIN|Zcash.Snark.ZeroKnowledge.actionOracleRetryRate_le_twice_error|true||
PIN|Zcash.Snark.ZeroKnowledge.actionOracleRetryRate_lt_half|true||
PIN|Zcash.Snark.ZeroKnowledge.actionOracleRetries_uniform_error_bound|true|CompElliptic.Curves.Pasta.Pallas.q_nsmul_Gpt,CompElliptic.Curves.Pasta.Vesta.p_nsmul_Gpt|
PIN|Zcash.Snark.ZeroKnowledge.actionOracleRetries_exhaustion_le|true|CompElliptic.Curves.Pasta.Pallas.q_nsmul_Gpt,CompElliptic.Curves.Pasta.Vesta.p_nsmul_Gpt|
PIN|Zcash.Snark.ZeroKnowledge.actionOracleRetryRate|true||
PIN|Zcash.Snark.ZeroKnowledge.actionZkDigestSimulator_observed|true|CompElliptic.Curves.Pasta.Pallas.q_nsmul_Gpt,CompElliptic.Curves.Pasta.Vesta.p_nsmul_Gpt|
PIN|Zcash.Snark.ZeroKnowledge.actionOracleSimulator_retry_le|true|CompElliptic.Curves.Pasta.Pallas.q_nsmul_Gpt,CompElliptic.Curves.Pasta.Vesta.p_nsmul_Gpt|
PIN|Zcash.Snark.ZeroKnowledge.actionOracleBitSimulator_retry_le|true|CompElliptic.Curves.Pasta.Pallas.q_nsmul_Gpt,CompElliptic.Curves.Pasta.Vesta.p_nsmul_Gpt|
PIN|Zcash.Snark.ZeroKnowledge.actionOracleBitRetries_exhaustion_le|true|CompElliptic.Curves.Pasta.Pallas.q_nsmul_Gpt,CompElliptic.Curves.Pasta.Vesta.p_nsmul_Gpt|
PIN|Zcash.Snark.ZeroKnowledge.ActionRetryOracleState|false||
PIN|Zcash.Snark.ZeroKnowledge.ActionRetryStreamEntry|false||
PIN|Zcash.Snark.ZeroKnowledge.actionRetryStreamEntry_measurableSpace|true||
PIN|Zcash.Snark.ZeroKnowledge.actionRetryStreamEntry_discreteMeasurableSpace|true||
PIN|Zcash.Snark.ZeroKnowledge.ActionRetryRawTape|false||
PIN|Zcash.Snark.ZeroKnowledge.actionRawOracleStep|true|CompElliptic.Curves.Pasta.Pallas.q_nsmul_Gpt,CompElliptic.Curves.Pasta.Vesta.p_nsmul_Gpt|
PIN|Zcash.Snark.ZeroKnowledge.actionBitOracleStep|true|CompElliptic.Curves.Pasta.Pallas.q_nsmul_Gpt,CompElliptic.Curves.Pasta.Vesta.p_nsmul_Gpt|
PIN|Zcash.Snark.ZeroKnowledge.actionRawOracleStep_law|true|CompElliptic.Curves.Pasta.Pallas.q_nsmul_Gpt,CompElliptic.Curves.Pasta.Vesta.p_nsmul_Gpt|
PIN|Zcash.Snark.ZeroKnowledge.actionBitOracleStep_law|true|CompElliptic.Curves.Pasta.Pallas.q_nsmul_Gpt,CompElliptic.Curves.Pasta.Vesta.p_nsmul_Gpt|
PIN|Zcash.Snark.ZeroKnowledge.actionOracleRetryStream|true|CompElliptic.Curves.Pasta.Pallas.q_nsmul_Gpt,CompElliptic.Curves.Pasta.Vesta.p_nsmul_Gpt|
PIN|Zcash.Snark.ZeroKnowledge.actionOracleBitRetryStream|true|CompElliptic.Curves.Pasta.Pallas.q_nsmul_Gpt,CompElliptic.Curves.Pasta.Vesta.p_nsmul_Gpt|
PIN|Zcash.Snark.ZeroKnowledge.actionOracleRetryStream_isProbabilityMeasure|true|CompElliptic.Curves.Pasta.Pallas.q_nsmul_Gpt,CompElliptic.Curves.Pasta.Vesta.p_nsmul_Gpt|
PIN|Zcash.Snark.ZeroKnowledge.actionOracleBitRetryStream_isProbabilityMeasure|true|CompElliptic.Curves.Pasta.Pallas.q_nsmul_Gpt,CompElliptic.Curves.Pasta.Vesta.p_nsmul_Gpt|
PIN|Zcash.Snark.ZeroKnowledge.actionOracleRetryRecorded_error_bound|true|CompElliptic.Curves.Pasta.Pallas.q_nsmul_Gpt,CompElliptic.Curves.Pasta.Vesta.p_nsmul_Gpt|
PIN|Zcash.Snark.ZeroKnowledge.actionOracleRetryStream_simulation_error_bound|true|CompElliptic.Curves.Pasta.Pallas.q_nsmul_Gpt,CompElliptic.Curves.Pasta.Vesta.p_nsmul_Gpt|
PIN|Zcash.Snark.ZeroKnowledge.wideUnlimitedActionOracle_simulation_capstone|true|CompElliptic.Curves.Pasta.Pallas.q_nsmul_Gpt,CompElliptic.Curves.Pasta.Vesta.p_nsmul_Gpt|
PIN|Zcash.Snark.ZeroKnowledge.actionOracleBitRetryStream_nontermination_eq_zero|true|CompElliptic.Curves.Pasta.Pallas.q_nsmul_Gpt,CompElliptic.Curves.Pasta.Vesta.p_nsmul_Gpt|
PIN|Zcash.Snark.ZeroKnowledge.actionOracleRetryStream_nontermination_le|true|CompElliptic.Curves.Pasta.Pallas.q_nsmul_Gpt,CompElliptic.Curves.Pasta.Vesta.p_nsmul_Gpt|
PIN|Zcash.Snark.ZeroKnowledge.actionOracleBitRetryStream_truncation_error_bound|true|CompElliptic.Curves.Pasta.Pallas.q_nsmul_Gpt,CompElliptic.Curves.Pasta.Vesta.p_nsmul_Gpt|
PIN|Zcash.Snark.ZeroKnowledge.actionOracleRetryStream_truncation_error_bound|true|CompElliptic.Curves.Pasta.Pallas.q_nsmul_Gpt,CompElliptic.Curves.Pasta.Vesta.p_nsmul_Gpt|
PIN|Zcash.Snark.ZeroKnowledge.measureEventBias_map_of_agree|true||
PIN|Zcash.Snark.ZeroKnowledge.MeasureEventBiasLE|true||
PIN|Zcash.Snark.ZeroKnowledge.eventBias_toMeasure|true||
PIN|Zcash.Snark.ZeroKnowledge.measureEventBias_map|true||
PIN|Zcash.Snark.ZeroKnowledge.measure_event_le_approximation|true||
PIN|Zcash.Snark.ZeroKnowledge.measureEventBias_of_cylinders|true||
PIN|Zcash.Snark.ZeroKnowledge.measureEventBias_of_prefixes|true||
PIN|Zcash.Snark.ZeroKnowledge.oracleRetryPotential|true||
PIN|Zcash.Snark.ZeroKnowledge.oracleRetryPotential_eq|true||
PIN|Zcash.Snark.ZeroKnowledge.oracleRetryPotential_mono_queries|true||
PIN|Zcash.Snark.ZeroKnowledge.oracleRetryPotential_step|true||
PIN|Zcash.Snark.ZeroKnowledge.oracleRetryPotential_binary_lt|true||
PIN|Zcash.Snark.ZeroKnowledge.programOracleView_retry_imp|false||
PIN|Zcash.Snark.ZeroKnowledge.programOracleView_retry_le|true||
PIN|Zcash.Snark.ZeroKnowledge.rawDigestChallengeExperiment_observed|true||
PIN|Zcash.Snark.ZeroKnowledge.eventBias_bind_average_support|true||
PIN|Zcash.Snark.ZeroKnowledge.statefulRetryNext_average_error_bound|true||
PIN|Zcash.Snark.ZeroKnowledge.statefulRetries_potential_error_bound|true||
PIN|Zcash.Snark.ZeroKnowledge.statefulRetries_exhaustion_le|true||
PIN|Zcash.Snark.ZeroKnowledge.retainRetryState|false||
PIN|Zcash.Snark.ZeroKnowledge.retainedStateRetrySet|false||
PIN|Zcash.Snark.ZeroKnowledge.forgetRetryStates|false||
PIN|Zcash.Snark.ZeroKnowledge.runStatefulRetries_forget_states|false||
PIN|Zcash.Snark.ZeroKnowledge.statefulRetryStream|false||
PIN|Zcash.Snark.ZeroKnowledge.statefulRetryPrefix|false||
PIN|Zcash.Snark.ZeroKnowledge.statefulRetryPrefix_zero|false||
PIN|Zcash.Snark.ZeroKnowledge.statefulRetryPrefix_succ|false||
PIN|Zcash.Snark.ZeroKnowledge.statefulRetryPrefix_at|true||
PIN|Zcash.Snark.ZeroKnowledge.statefulRetryPrefix_stopped_stream|true||
PIN|Zcash.Snark.ZeroKnowledge.statefulRetryStream_none_of_stopped|true||
PIN|Zcash.Snark.ZeroKnowledge.statefulRetryRecorded|true||
PIN|Zcash.Snark.ZeroKnowledge.statefulRetryRecorded_fromTape|true||
PIN|Zcash.Snark.ZeroKnowledge.statefulRetryRecorded_potential_error_bound|true||
PIN|Zcash.Snark.ZeroKnowledge.statefulRetryPrefix_map_law|true||
PIN|Zcash.Snark.ZeroKnowledge.statefulRetryStream_measurable|true||
PIN|Zcash.Snark.ZeroKnowledge.statefulRetryStreamLaw|true||
PIN|Zcash.Snark.ZeroKnowledge.statefulRetryStreamLaw_isProbabilityMeasure|true||
PIN|Zcash.Snark.ZeroKnowledge.statefulRetryStreamLaw_prefix|true||
PIN|Zcash.Snark.ZeroKnowledge.statefulRetryStreamLaw_simulation_error_bound|true||
PIN|Zcash.Snark.ZeroKnowledge.statefulRetryRecorded_exhaustion_le|true||
PIN|Zcash.Snark.ZeroKnowledge.statefulRetryPrefix_measurable|true||
PIN|Zcash.Snark.ZeroKnowledge.statefulRetryPrefix_event_law|true||
PIN|Zcash.Snark.ZeroKnowledge.retryStreamNontermination|false||
PIN|Zcash.Snark.ZeroKnowledge.retryStreamNontermination_measurable|true||
PIN|Zcash.Snark.ZeroKnowledge.statefulRetryStream_nontermination_exhausts|true||
PIN|Zcash.Snark.ZeroKnowledge.statefulRetryStreamLaw_nontermination_le|true||
PIN|Zcash.Snark.ZeroKnowledge.statefulRetryStreamLaw_nontermination_le_of_tail|true||
PIN|Zcash.Snark.ZeroKnowledge.truncateRetryStream|false||
PIN|Zcash.Snark.ZeroKnowledge.truncateRetryStream_measurable|true||
PIN|Zcash.Snark.ZeroKnowledge.truncateRetryStream_prefix|true||
PIN|Zcash.Snark.ZeroKnowledge.truncateRetryStream_of_stopped|true||
PIN|Zcash.Snark.ZeroKnowledge.statefulRetryStreamLaw_truncate|true||
PIN|Zcash.Snark.ZeroKnowledge.statefulRetryStreamLaw_truncation_error_bound|true||
PIN|Zcash.Snark.ZeroKnowledge.uniformInfiniteTape|true||
PIN|Zcash.Snark.ZeroKnowledge.uniformInfiniteTape_isProbabilityMeasure|true||
PIN|Zcash.Snark.ZeroKnowledge.uniformInfiniteTape_prefix|true||
PIN|Zcash.Snark.ZeroKnowledge.uniformInfiniteTape_prefix_map|true||
PIN|Zcash.Snark.ZeroKnowledge.uniformInfiniteTape_prefix_list|true||
