'Zcash.Snark.ZeroKnowledge.denseLagrangeNodeCosted' depends on axioms: [propext, Classical.choice, Quot.sound]
'Zcash.Snark.ZeroKnowledge.denseLagrangeNodeCosted_result' depends on axioms: [propext, Classical.choice, Quot.sound]
'Zcash.Snark.ZeroKnowledge.denseLagrangeNodeCostBudget' depends on axioms: [propext]
'Zcash.Snark.ZeroKnowledge.denseLagrangeNodeCosted_cost_le' depends on axioms: [propext, Classical.choice, Quot.sound]
'Zcash.Snark.ZeroKnowledge.denseLagrangeCoefficientsCosted' depends on axioms: [propext, Classical.choice, Quot.sound]
'Zcash.Snark.ZeroKnowledge.denseLagrangeCoefficientsCosted_result' depends on axioms: [propext,
 Classical.choice,
 Quot.sound]
'Zcash.Snark.ZeroKnowledge.denseLagrangeCoefficientsCosted_length' depends on axioms: [propext,
 Classical.choice,
 Quot.sound]
'Zcash.Snark.ZeroKnowledge.denseLagrangeCoefficientsCostBudget' depends on axioms: [propext]
'Zcash.Snark.ZeroKnowledge.denseLagrangeCoefficientsCosted_cost_le' depends on axioms: [propext,
 Classical.choice,
 Quot.sound]
'Zcash.Snark.ZeroKnowledge.denseMultiopenFinalCostBudget' depends on axioms: [propext]
'Zcash.Snark.ZeroKnowledge.denseMultiopenFinalCosted_cost_le' depends on axioms: [propext, Classical.choice, Quot.sound]
'Zcash.Snark.ZeroKnowledge.denseMultiopenFinalCosted' depends on axioms: [propext, Classical.choice, Quot.sound]
'Zcash.Snark.ZeroKnowledge.denseMultiopenFinalCosted_quotient_result' depends on axioms: [propext,
 Classical.choice,
 Quot.sound]
'Zcash.Snark.ZeroKnowledge.denseMultiopenFinalCosted_result' depends on axioms: [propext, Classical.choice, Quot.sound]
'Zcash.Snark.ZeroKnowledge.denseMultiopenFinalCosted_quotient_length_le' depends on axioms: [propext,
 Classical.choice,
 Quot.sound]
'Zcash.Snark.ZeroKnowledge.denseMultiopenFinalCosted_length_le' depends on axioms: [propext,
 Classical.choice,
 Quot.sound]
'Zcash.Snark.ZeroKnowledge.storedOpeningQuotientCosted' depends on axioms: [propext, Classical.choice, Quot.sound]
'Zcash.Snark.ZeroKnowledge.storedOpeningQuotientCosted_result' depends on axioms: [propext,
 Classical.choice,
 Quot.sound]
'Zcash.Snark.ZeroKnowledge.denseMultiopenQuotientCosted' depends on axioms: [propext, Classical.choice, Quot.sound]
'Zcash.Snark.ZeroKnowledge.denseMultiopenQuotientCosted_result' depends on axioms: [propext,
 Classical.choice,
 Quot.sound]
'Zcash.Snark.ZeroKnowledge.denseMultiopenQuotientCosted_length_le' depends on axioms: [propext,
 Classical.choice,
 Quot.sound]
'Zcash.Snark.ZeroKnowledge.denseMultiopenQuotientCostBudget' depends on axioms: [propext]
'Zcash.Snark.ZeroKnowledge.denseMultiopenQuotientCosted_cost_le' depends on axioms: [propext,
 Classical.choice,
 Quot.sound]
'Zcash.Snark.ZeroKnowledge.denseLagrangeCoefficientsCostBudget_mono_lengths' depends on axioms: [propext, Quot.sound]
'Zcash.Snark.ZeroKnowledge.denseOpeningQuotientCostBudget_mono_lengths' depends on axioms: [propext, Quot.sound]
'Zcash.Snark.ZeroKnowledge.denseOpeningQuotientCosted' depends on axioms: [propext, Classical.choice, Quot.sound]
'Zcash.Snark.ZeroKnowledge.denseOpeningQuotientCosted_result' depends on axioms: [propext, Classical.choice, Quot.sound]
'Zcash.Snark.ZeroKnowledge.denseOpeningQuotientCosted_length' depends on axioms: [propext, Classical.choice, Quot.sound]
'Zcash.Snark.ZeroKnowledge.denseOpeningQuotientCostBudget' depends on axioms: [propext]
'Zcash.Snark.ZeroKnowledge.denseOpeningQuotientCosted_cost_le' depends on axioms: [propext,
 Classical.choice,
 Quot.sound]
'Zcash.Snark.ZeroKnowledge.listHornerCosted_densePolynomial_result' depends on axioms: [propext,
 Classical.choice,
 Quot.sound]
'Zcash.Snark.ZeroKnowledge.densePolynomialNodeValuesCosted' depends on axioms: [propext, Classical.choice, Quot.sound]
'Zcash.Snark.ZeroKnowledge.densePolynomialNodeValuesCosted_result' depends on axioms: [propext,
 Classical.choice,
 Quot.sound]
'Zcash.Snark.ZeroKnowledge.densePolynomialNodeValuesCosted_length' depends on axioms: [propext,
 Classical.choice,
 Quot.sound]
'Zcash.Snark.ZeroKnowledge.densePolynomialNodeValuesCosted_cost_le' depends on axioms: [propext,
 Classical.choice,
 Quot.sound]
'Zcash.Snark.ZeroKnowledge.lagrangePoly_eval_total' depends on axioms: [propext, Classical.choice, Quot.sound]
'Zcash.Snark.ZeroKnowledge.lagrangeBasis_natDegree_le_total' depends on axioms: [propext, Classical.choice, Quot.sound]
'Zcash.Snark.ZeroKnowledge.lagrangePoly_natDegree_le_total' depends on axioms: [propext, Classical.choice, Quot.sound]
'Zcash.Snark.ZeroKnowledge.openingBlindMemberAccessBudget' does not depend on any axioms
'Zcash.Snark.ZeroKnowledge.openingBlindMembersCostBudget' does not depend on any axioms
'Zcash.Snark.ZeroKnowledge.openingBlindMembersCosted_cost_le' depends on axioms: [propext, Classical.choice, Quot.sound]
'Zcash.Snark.ZeroKnowledge.openingBlindMembersCosted' depends on axioms: [propext, Classical.choice, Quot.sound]
'Zcash.Snark.ZeroKnowledge.openingBlindMembersCosted_result' depends on axioms: [propext, Classical.choice, Quot.sound]
'Zcash.Snark.ZeroKnowledge.openingBlindMembersCosted_length_le' depends on axioms: [propext,
 Classical.choice,
 Quot.sound]
'Zcash.Snark.ZeroKnowledge.openingGroupBlindCosted' depends on axioms: [propext, Classical.choice, Quot.sound]
'Zcash.Snark.ZeroKnowledge.openingGroupBlindCosted_result' depends on axioms: [propext, Classical.choice, Quot.sound]
'Zcash.Snark.ZeroKnowledge.openingGroupBlindCostBudget' does not depend on any axioms
'Zcash.Snark.ZeroKnowledge.openingGroupBlindCosted_cost_le' depends on axioms: [propext, Classical.choice, Quot.sound]
'Zcash.Snark.ZeroKnowledge.rowCoefficientsCosted_length' depends on axioms: [propext, Classical.choice, Quot.sound]
'Zcash.Snark.ZeroKnowledge.rowPolynomialCoefficientsCostBudget' does not depend on any axioms
'Zcash.Snark.ZeroKnowledge.rowPolynomialCoefficientsCosted_cost_le' depends on axioms: [propext,
 Classical.choice,
 Quot.sound]
'Zcash.Snark.ZeroKnowledge.denseOpeningPolynomialCosted_rowProviders_width' depends on axioms: [propext,
 Classical.choice,
 Quot.sound]
'Zcash.Snark.ZeroKnowledge.denseOpeningPolynomialCosted_rowProviders_cost_le' depends on axioms: [propext,
 Classical.choice,
 Quot.sound]
'Zcash.Snark.ZeroKnowledge.plonkOpeningMaterialCosted_dimensions' depends on axioms: [propext,
 Classical.choice,
 Quot.sound]
'Zcash.Snark.ZeroKnowledge.plonkOpeningMaterialCostBudget' does not depend on any axioms
'Zcash.Snark.ZeroKnowledge.plonkOpeningMaterialCosted_cost_le' depends on axioms: [propext,
 Classical.choice,
 Quot.sound]
'Zcash.Snark.ZeroKnowledge.plonkOpeningMaterialCosted' depends on axioms: [propext, Classical.choice, Quot.sound]
'Zcash.Snark.ZeroKnowledge.plonkOpeningMaterialCosted_result' depends on axioms: [propext, Classical.choice, Quot.sound]
'Zcash.Snark.ZeroKnowledge.plonkOpeningMaterialCosted_length' depends on axioms: [propext, Classical.choice, Quot.sound]
'Zcash.Snark.ZeroKnowledge.plonkOpeningMaterialCosted_points' depends on axioms: [propext, Classical.choice, Quot.sound]
'Zcash.Snark.ZeroKnowledge.plonkOpeningPolynomialsFromRowsCostBudget' does not depend on any axioms
'Zcash.Snark.ZeroKnowledge.plonkOpeningPolynomialsFromRowsCosted_cost_le' depends on axioms: [propext,
 Classical.choice,
 Quot.sound]
'Zcash.Snark.ZeroKnowledge.denseCollapsedQuotientCosted_stored_width' depends on axioms: [propext,
 Classical.choice,
 Quot.sound]
'Zcash.Snark.ZeroKnowledge.denseCollapsedQuotientCosted_stored_cost_le' depends on axioms: [propext,
 Classical.choice,
 Quot.sound]
'Zcash.Snark.ZeroKnowledge.plonkOpeningPolynomialsFromRowsCosted_width' depends on axioms: [propext,
 Classical.choice,
 Quot.sound]
'Zcash.Snark.ZeroKnowledge.plonkOpeningPolynomialsFromRowsCosted' depends on axioms: [propext,
 Classical.choice,
 Quot.sound]
'Zcash.Snark.ZeroKnowledge.plonkOpeningPolynomialsFromRowsCosted_result' depends on axioms: [propext,
 Classical.choice,
 Quot.sound]
'Zcash.Snark.ZeroKnowledge.plonkOpeningPolynomialsFromRowsCosted_length' depends on axioms: [propext,
 Classical.choice,
 Quot.sound]
'Zcash.Snark.ZeroKnowledge.scalarHornerCosted' depends on axioms: [propext, Classical.choice, Quot.sound]
'Zcash.Snark.ZeroKnowledge.scalarHornerCosted_result' depends on axioms: [propext, Classical.choice, Quot.sound]
'Zcash.Snark.ZeroKnowledge.scalarHornerCosted_cost_le' depends on axioms: [propext, Classical.choice, Quot.sound]
'Zcash.Snark.ZeroKnowledge.StoredOpeningGroup' does not depend on any axioms
'Zcash.Snark.ZeroKnowledge.StoredOpeningGroup.erase' depends on axioms: [propext, Classical.choice, Quot.sound]
'Zcash.Snark.ZeroKnowledge.storedPlonkOpeningGroupCosted' depends on axioms: [propext, Classical.choice, Quot.sound]
'Zcash.Snark.ZeroKnowledge.storedPlonkOpeningGroupCosted_result' depends on axioms: [propext,
 Classical.choice,
 Quot.sound]
'Zcash.Snark.ZeroKnowledge.storedPlonkOpeningGroupCosted_width' depends on axioms: [propext,
 Classical.choice,
 Quot.sound]
'Zcash.Snark.ZeroKnowledge.storedPlonkOpeningGroupCosted_points' depends on axioms: [propext,
 Classical.choice,
 Quot.sound]
'Zcash.Snark.ZeroKnowledge.storedPlonkOpeningGroupCostBudget' does not depend on any axioms
'Zcash.Snark.ZeroKnowledge.storedPlonkOpeningGroupCosted_cost_le' depends on axioms: [propext,
 Classical.choice,
 Quot.sound]
'Zcash.Snark.ZeroKnowledge.storedPlonkOpeningGroupsCosted' depends on axioms: [propext, Classical.choice, Quot.sound]
'Zcash.Snark.ZeroKnowledge.storedPlonkOpeningGroupsCosted_result' depends on axioms: [propext,
 Classical.choice,
 Quot.sound]
'Zcash.Snark.ZeroKnowledge.storedPlonkOpeningGroupsCosted_length' depends on axioms: [propext,
 Classical.choice,
 Quot.sound]
'Zcash.Snark.ZeroKnowledge.storedPlonkOpeningGroupsCosted_dimensions' depends on axioms: [propext,
 Classical.choice,
 Quot.sound]
'Zcash.Snark.ZeroKnowledge.storedPlonkOpeningGroupsCosted_cost_le' depends on axioms: [propext,
 Classical.choice,
 Quot.sound]
'Zcash.Snark.ZeroKnowledge.storedPlonkOpeningGroupsCosted_points' depends on axioms: [propext,
 Classical.choice,
 Quot.sound]
