Complete Action activation coverage
Proof baseline: 4ccde259bd9d55dbbdb13d5b3bde329c9e41667e.
51 declarations: 27 generic data/checker declarations, four concrete Action theorems, and 20 regression certificates. Every declaration has exactly one direct pin.

'Zcash.Snark.ZeroKnowledge.gateActivationCoverageScan' depends on axioms: [propext, Classical.choice, Quot.sound]
'Zcash.Snark.ZeroKnowledge.gateActivationCoverageScan_eq' depends on axioms: [propext, Classical.choice, Quot.sound]
'Zcash.Snark.ZeroKnowledge.lookupActivationCoverageScan' depends on axioms: [propext, Classical.choice, Quot.sound]
'Zcash.Snark.ZeroKnowledge.lookupActivationCoverageScan_eq' depends on axioms: [propext, Classical.choice, Quot.sound]
'Zcash.Snark.ZeroKnowledge.coverageListAll' does not depend on any axioms
'Zcash.Snark.ZeroKnowledge.coverageListAll_cons' does not depend on any axioms
'Zcash.Snark.ZeroKnowledge.coverageTreeFold' depends on axioms: [propext, Classical.choice, Quot.sound]
'Zcash.Snark.ZeroKnowledge.coverageTreeFold_chunk' depends on axioms: [propext, Classical.choice, Quot.sound]
'Zcash.Snark.ZeroKnowledge.gateCoverageEmpty' depends on axioms: [propext, Classical.choice, Quot.sound]
'Zcash.Snark.ZeroKnowledge.gateCoverageTree' depends on axioms: [propext, Classical.choice, Quot.sound]
'Zcash.Snark.ZeroKnowledge.gateCoverageTree_contains' depends on axioms: [propext, Classical.choice, Quot.sound]
'Zcash.Snark.ZeroKnowledge.gateCoveragePredicate' depends on axioms: [propext, Classical.choice, Quot.sound]
'Zcash.Snark.ZeroKnowledge.gateCoverageAgainst' depends on axioms: [propext, Classical.choice, Quot.sound]
'Zcash.Snark.ZeroKnowledge.gateActivationCoverageScan_stored' depends on axioms: [propext, Classical.choice, Quot.sound]
'Zcash.Snark.ZeroKnowledge.lookupCoverageEmpty' depends on axioms: [propext, Classical.choice, Quot.sound]
'Zcash.Snark.ZeroKnowledge.lookupCoverageTree' depends on axioms: [propext, Classical.choice, Quot.sound]
'Zcash.Snark.ZeroKnowledge.lookupCoverageTree_contains' depends on axioms: [propext, Classical.choice, Quot.sound]
'Zcash.Snark.ZeroKnowledge.lookupCoveragePredicate' depends on axioms: [propext, Classical.choice, Quot.sound]
'Zcash.Snark.ZeroKnowledge.lookupCoverageAgainst' depends on axioms: [propext, Classical.choice, Quot.sound]
'Zcash.Snark.ZeroKnowledge.lookupActivationCoverageScan_stored' depends on axioms: [propext,
 Classical.choice,
 Quot.sound]
'Zcash.Snark.ZeroKnowledge.gateCoverageIndexLabel' does not depend on any axioms
'Zcash.Snark.ZeroKnowledge.gateCoverageIndexLabel_eq_iff' depends on axioms: [propext, Classical.choice, Quot.sound]
'Zcash.Snark.ZeroKnowledge.gateCoverageIndexLabel_mem_iff' depends on axioms: [propext, Classical.choice, Quot.sound]
'Zcash.Snark.ZeroKnowledge.gateIndexedCoveragePredicate' depends on axioms: [propext, Classical.choice, Quot.sound]
'Zcash.Snark.ZeroKnowledge.gateIndexedCoverageScan' depends on axioms: [propext, Classical.choice, Quot.sound]
'Zcash.Snark.ZeroKnowledge.gateIndexedCoverageScan_original' depends on axioms: [propext, Classical.choice, Quot.sound]
'Zcash.Snark.ZeroKnowledge.gateIndexedCoverageScan_stored' depends on axioms: [propext, Classical.choice, Quot.sound]

'Zcash.Snark.ZeroKnowledge.actionCircuit_gateActivationCoverage_certificate' depends on axioms: [propext,
 Classical.choice,
 Quot.sound,
 CompElliptic.Curves.Pasta.Pallas.q_nsmul_Gpt._native.native_decide.ax_1_1]
'Zcash.Snark.ZeroKnowledge.actionCircuit_gateActivationCoverage' depends on axioms: [propext,
 Classical.choice,
 Quot.sound,
 CompElliptic.Curves.Pasta.Pallas.q_nsmul_Gpt._native.native_decide.ax_1_1]
'Zcash.Snark.ZeroKnowledge.actionCircuit_lookupActivationCoverage_certificate' depends on axioms: [propext,
 Classical.choice,
 Quot.sound,
 CompElliptic.Curves.Pasta.Pallas.q_nsmul_Gpt._native.native_decide.ax_1_1]
'Zcash.Snark.ZeroKnowledge.actionCircuit_lookupActivationCoverage' depends on axioms: [propext,
 Classical.choice,
 Quot.sound,
 CompElliptic.Curves.Pasta.Pallas.q_nsmul_Gpt._native.native_decide.ax_1_1]

'Zcash.Meta.Tests.ActivationCoverageScan.sharedSelector_complete' depends on axioms: [propext,
 Classical.choice,
 Quot.sound]
'Zcash.Meta.Tests.ActivationCoverageScan.rejectsMissingSharedGate' depends on axioms: [propext,
 Classical.choice,
 Quot.sound]
'Zcash.Meta.Tests.ActivationCoverageScan.rejectsWrongGateRow' depends on axioms: [propext, Classical.choice, Quot.sound]
'Zcash.Meta.Tests.ActivationCoverageScan.unrelatedSelector_preserved' depends on axioms: [propext,
 Classical.choice,
 Quot.sound]
'Zcash.Meta.Tests.ActivationCoverageScan.lookupMasters_complete' depends on axioms: [propext,
 Classical.choice,
 Quot.sound]
'Zcash.Meta.Tests.ActivationCoverageScan.rejectsMissingLookupMaster' depends on axioms: [propext,
 Classical.choice,
 Quot.sound]
'Zcash.Meta.Tests.ActivationCoverageScan.rejectsWrongLookupRow' depends on axioms: [propext,
 Classical.choice,
 Quot.sound]
'Zcash.Meta.Tests.ActivationCoverageScan.storedSharedSelector_complete' depends on axioms: [propext,
 Classical.choice,
 Quot.sound]
'Zcash.Meta.Tests.ActivationCoverageScan.storedRejectsMissingSharedGate' does not depend on any axioms
'Zcash.Meta.Tests.ActivationCoverageScan.storedRejectsWrongGateRow' does not depend on any axioms
'Zcash.Meta.Tests.ActivationCoverageScan.storedUnrelatedSelector_preserved' depends on axioms: [propext,
 Classical.choice,
 Quot.sound]
'Zcash.Meta.Tests.ActivationCoverageScan.storedLookupMasters_complete' depends on axioms: [propext,
 Classical.choice,
 Quot.sound]
'Zcash.Meta.Tests.ActivationCoverageScan.storedRejectsMissingLookupMaster' does not depend on any axioms
'Zcash.Meta.Tests.ActivationCoverageScan.storedRejectsWrongLookupRow' does not depend on any axioms
'Zcash.Meta.Tests.ActivationCoverageScan.indexedSharedSelector_complete' depends on axioms: [propext,
 Classical.choice,
 Quot.sound]
'Zcash.Meta.Tests.ActivationCoverageScan.indexedRejectsMissingSharedGate' does not depend on any axioms
'Zcash.Meta.Tests.ActivationCoverageScan.indexedRejectsUnknownName' does not depend on any axioms
'Zcash.Meta.Tests.ActivationCoverageScan.indexedRejectsWrongRow' does not depend on any axioms
'Zcash.Meta.Tests.ActivationCoverageScan.indexedEqualNamesDifferentSelectors_complete' depends on axioms: [propext,
 Classical.choice,
 Quot.sound]
'Zcash.Meta.Tests.ActivationCoverageScan.indexedRejectsEqualNameWrongSelector' does not depend on any axioms
