'Zcash.Snark.ZeroKnowledge.prodFinCosted' depends on axioms: [propext, Quot.sound]
'Zcash.Snark.ZeroKnowledge.prodFinCosted_result' depends on axioms: [propext, Classical.choice, Quot.sound]
'Zcash.Snark.ZeroKnowledge.prodFinCosted_cost_le' depends on axioms: [propext, Classical.choice, Quot.sound]
'Zcash.Snark.ZeroKnowledge.permutationNumeratorFactorCosted' depends on axioms: [propext, Quot.sound]
'Zcash.Snark.ZeroKnowledge.permutationNumeratorFactorCosted_result' depends on axioms: [propext, Quot.sound]
'Zcash.Snark.ZeroKnowledge.permutationNumeratorFactorCosted_cost' depends on axioms: [propext, Quot.sound]
'Zcash.Snark.ZeroKnowledge.permutationDenominatorFactorCosted' depends on axioms: [propext, Quot.sound]
'Zcash.Snark.ZeroKnowledge.permutationDenominatorFactorCosted_result' depends on axioms: [propext, Quot.sound]
'Zcash.Snark.ZeroKnowledge.permutationDenominatorFactorCosted_cost' depends on axioms: [propext, Quot.sound]
'Zcash.Snark.ZeroKnowledge.permutationRowNumeratorCosted' depends on axioms: [propext, Quot.sound]
'Zcash.Snark.ZeroKnowledge.permutationRowDenominatorCosted' depends on axioms: [propext, Quot.sound]
'Zcash.Snark.ZeroKnowledge.permutationRowNumeratorCosted_result' depends on axioms: [propext,
 Classical.choice,
 Quot.sound]
'Zcash.Snark.ZeroKnowledge.permutationRowDenominatorCosted_result' depends on axioms: [propext,
 Classical.choice,
 Quot.sound]
'Zcash.Snark.ZeroKnowledge.permutationRowNumeratorCostBudget' does not depend on any axioms
'Zcash.Snark.ZeroKnowledge.permutationRowDenominatorCostBudget' does not depend on any axioms
'Zcash.Snark.ZeroKnowledge.permutationRowNumeratorCosted_cost_le' depends on axioms: [propext,
 Classical.choice,
 Quot.sound]
'Zcash.Snark.ZeroKnowledge.permutationRowDenominatorCosted_cost_le' depends on axioms: [propext,
 Classical.choice,
 Quot.sound]
'Zcash.Snark.ZeroKnowledge.permutationRowNumeratorCostBudget_mono' depends on axioms: [propext, Quot.sound]
'Zcash.Snark.ZeroKnowledge.permutationRowDenominatorCostBudget_mono' depends on axioms: [propext, Quot.sound]
'Zcash.Snark.ZeroKnowledge.columnRef_resolve_polynomial_eval' depends on axioms: [propext, Classical.choice, Quot.sound]
'Zcash.Snark.ZeroKnowledge.plonkPermutationPairAtPointCosted' depends on axioms: [propext, Classical.choice, Quot.sound]
'Zcash.Snark.ZeroKnowledge.plonkPermutationPairAtPointCosted_result' depends on axioms: [propext,
 Classical.choice,
 Quot.sound]
'Zcash.Snark.ZeroKnowledge.plonkPermutationPairAtPointCosted_cost_le' depends on axioms: [propext,
 Classical.choice,
 Quot.sound]
'Zcash.Snark.ZeroKnowledge.plonkPermutationFactorRowsCosted' depends on axioms: [propext, Classical.choice, Quot.sound]
'Zcash.Snark.ZeroKnowledge.plonkPermutationFactorRowsCosted_result' depends on axioms: [propext,
 Classical.choice,
 Quot.sound]
'Zcash.Snark.ZeroKnowledge.plonkPermutationFactorRowsCosted_length' depends on axioms: [propext,
 Classical.choice,
 Quot.sound]
'Zcash.Snark.ZeroKnowledge.listGetD_length_le_sum' depends on axioms: [propext, Classical.choice, Quot.sound]
'Zcash.Snark.ZeroKnowledge.plonkPermutationFactorCostBudget' does not depend on any axioms
'Zcash.Snark.ZeroKnowledge.plonkPermutationFactorRowsCosted_cost_le' depends on axioms: [propext,
 Classical.choice,
 Quot.sound]
'Zcash.Snark.ZeroKnowledge.plonkPermutationBaseRowsCosted' depends on axioms: [propext, Classical.choice, Quot.sound]
'Zcash.Snark.ZeroKnowledge.plonkPermutationBaseRowsCosted_result' depends on axioms: [propext,
 Classical.choice,
 Quot.sound]
'Zcash.Snark.ZeroKnowledge.plonkPermutationProductCostBudget' depends on axioms: [propext]
'Zcash.Snark.ZeroKnowledge.plonkPermutationBaseRowsCosted_cost_le' depends on axioms: [propext,
 Classical.choice,
 Quot.sound]
