Proof head: f4708f711abbd8384b717452fd3e9bd55fb62968
Tree: 226a70429df8367daaca8c5bf3371db02cc73133
76 declarations across 24 modules. Separate warning-as-error axiom inventory.

def Zcash.Snark.ZeroKnowledge.privateCommitmentCoefficientCostBudget [Zcash/Snark/ZeroKnowledge/CommitmentCoefficientRoutingBound.lean]
theorem Zcash.Snark.ZeroKnowledge.privateCommitmentCoefficientCosted_cost_le [Zcash/Snark/ZeroKnowledge/CommitmentCoefficientRoutingBound.lean]
def Zcash.Snark.ZeroKnowledge.plonkCommitmentCoefficientCostBudget [Zcash/Snark/ZeroKnowledge/CommitmentCoefficientRoutingBound.lean]
theorem Zcash.Snark.ZeroKnowledge.plonkCommitmentCoefficientCosted_cost_le [Zcash/Snark/ZeroKnowledge/CommitmentCoefficientRoutingBound.lean]
theorem Zcash.Snark.ZeroKnowledge.plonkCommitmentCoefficientCosted_width [Zcash/Snark/ZeroKnowledge/CommitmentCoefficientRoutingBound.lean]
def Zcash.Snark.ZeroKnowledge.privateCommitmentCoefficientCosted [Zcash/Snark/ZeroKnowledge/CommitmentCoefficientRoutingCost.lean]
theorem Zcash.Snark.ZeroKnowledge.privateCommitmentCoefficientCosted_result [Zcash/Snark/ZeroKnowledge/CommitmentCoefficientRoutingCost.lean]
def Zcash.Snark.ZeroKnowledge.plonkCommitmentCoefficientCosted [Zcash/Snark/ZeroKnowledge/CommitmentCoefficientRoutingCost.lean]
theorem Zcash.Snark.ZeroKnowledge.plonkCommitmentCoefficientCosted_result [Zcash/Snark/ZeroKnowledge/CommitmentCoefficientRoutingCost.lean]
theorem Zcash.Snark.ZeroKnowledge.plonkCommitmentCoefficientCosted_from_rows [Zcash/Snark/ZeroKnowledge/CommitmentCoefficientRoutingCost.lean]
def Zcash.Snark.ZeroKnowledge.densePolynomialCommitmentCosted [Zcash/Snark/ZeroKnowledge/DenseCommitmentCost.lean]
theorem Zcash.Snark.ZeroKnowledge.densePolynomialCommitmentCosted_result [Zcash/Snark/ZeroKnowledge/DenseCommitmentCost.lean]
def Zcash.Snark.ZeroKnowledge.densePolynomialCommitmentCostBudget [Zcash/Snark/ZeroKnowledge/DenseCommitmentCost.lean]
theorem Zcash.Snark.ZeroKnowledge.densePolynomialCommitmentCosted_cost_le [Zcash/Snark/ZeroKnowledge/DenseCommitmentCost.lean]
def Zcash.Snark.ZeroKnowledge.getFinListCosted [Zcash/Snark/ZeroKnowledge/FiniteListReadCost.lean]
theorem Zcash.Snark.ZeroKnowledge.getFinListCosted_result [Zcash/Snark/ZeroKnowledge/FiniteListReadCost.lean]
theorem Zcash.Snark.ZeroKnowledge.getFinListCosted_cost_le [Zcash/Snark/ZeroKnowledge/FiniteListReadCost.lean]
def Zcash.Snark.ZeroKnowledge.honestJointRowsCostBudget [Zcash/Snark/ZeroKnowledge/HonestJointRowsBound.lean]
theorem Zcash.Snark.ZeroKnowledge.honestJointRowsCosted_cost_le [Zcash/Snark/ZeroKnowledge/HonestJointRowsBound.lean]
def Zcash.Snark.ZeroKnowledge.honestJointRowsCosted [Zcash/Snark/ZeroKnowledge/HonestJointRowsCost.lean]
theorem Zcash.Snark.ZeroKnowledge.honestJointRowsCosted_dimensions [Zcash/Snark/ZeroKnowledge/HonestJointRowsDimensions.lean]
theorem Zcash.Snark.ZeroKnowledge.honestJointRowsCosted_result [Zcash/Snark/ZeroKnowledge/HonestJointRowsSource.lean]
def Zcash.Snark.ZeroKnowledge.honestPlonkMaskCostBudget [Zcash/Snark/ZeroKnowledge/HonestPlonkMaskBound.lean]
theorem Zcash.Snark.ZeroKnowledge.honestPlonkMaskCosted_cost_le [Zcash/Snark/ZeroKnowledge/HonestPlonkMaskBound.lean]
def Zcash.Snark.ZeroKnowledge.honestPlonkMaskCosted [Zcash/Snark/ZeroKnowledge/HonestPlonkMaskCost.lean]
theorem Zcash.Snark.ZeroKnowledge.honestPlonkMaskCosted_points_length [Zcash/Snark/ZeroKnowledge/HonestPlonkMaskCost.lean]
theorem Zcash.Snark.ZeroKnowledge.honestPlonkMaskCosted_columns_length [Zcash/Snark/ZeroKnowledge/HonestPlonkMaskCost.lean]
theorem Zcash.Snark.ZeroKnowledge.honestPlonkMaskCosted_observations_width [Zcash/Snark/ZeroKnowledge/HonestPlonkMaskCost.lean]
theorem Zcash.Snark.ZeroKnowledge.honestPlonkMaskCosted_result [Zcash/Snark/ZeroKnowledge/HonestPlonkMaskSource.lean]
def Zcash.Snark.ZeroKnowledge.materializeRowsCosted [Zcash/Snark/ZeroKnowledge/MaterializeRowsCost.lean]
theorem Zcash.Snark.ZeroKnowledge.materializeRowsCosted_result [Zcash/Snark/ZeroKnowledge/MaterializeRowsCost.lean]
theorem Zcash.Snark.ZeroKnowledge.materializeRowsCosted_length [Zcash/Snark/ZeroKnowledge/MaterializeRowsCost.lean]
theorem Zcash.Snark.ZeroKnowledge.materializeRowsCosted_width [Zcash/Snark/ZeroKnowledge/MaterializeRowsCost.lean]
theorem Zcash.Snark.ZeroKnowledge.materializeRowsCosted_cost_le [Zcash/Snark/ZeroKnowledge/MaterializeRowsCost.lean]
def Zcash.Snark.ZeroKnowledge.plonkCommitmentPointsCosted [Zcash/Snark/ZeroKnowledge/PlonkCommitmentPointsCost.lean]
theorem Zcash.Snark.ZeroKnowledge.plonkCommitmentPointsCosted_result [Zcash/Snark/ZeroKnowledge/PlonkCommitmentPointsCost.lean]
theorem Zcash.Snark.ZeroKnowledge.plonkCommitmentPointsCosted_length [Zcash/Snark/ZeroKnowledge/PlonkCommitmentPointsCost.lean]
def Zcash.Snark.ZeroKnowledge.plonkCommitmentPointsCostBudget [Zcash/Snark/ZeroKnowledge/PlonkCommitmentPointsCost.lean]
theorem Zcash.Snark.ZeroKnowledge.plonkCommitmentPointsCosted_cost_le [Zcash/Snark/ZeroKnowledge/PlonkCommitmentPointsCost.lean]
def Zcash.Snark.ZeroKnowledge.preparedHonestIpaCostBudget [Zcash/Snark/ZeroKnowledge/PreparedHonestIpaBound.lean]
theorem Zcash.Snark.ZeroKnowledge.preparedHonestIpaCosted_cost_le [Zcash/Snark/ZeroKnowledge/PreparedHonestIpaBound.lean]
def Zcash.Snark.ZeroKnowledge.preparedHonestIpaCosted [Zcash/Snark/ZeroKnowledge/PreparedHonestIpaCost.lean]
theorem Zcash.Snark.ZeroKnowledge.preparedHonestIpaCosted_result [Zcash/Snark/ZeroKnowledge/PreparedHonestIpaCost.lean]
theorem Zcash.Snark.ZeroKnowledge.preparedHonestIpaCosted_computed [Zcash/Snark/ZeroKnowledge/PreparedHonestIpaSource.lean]
def Zcash.Snark.ZeroKnowledge.privateColumnAtCosted [Zcash/Snark/ZeroKnowledge/PrivateColumnAtCost.lean]
theorem Zcash.Snark.ZeroKnowledge.privateColumnAtCosted_result [Zcash/Snark/ZeroKnowledge/PrivateColumnAtCost.lean]
theorem Zcash.Snark.ZeroKnowledge.privateColumnAtCosted_cost_le [Zcash/Snark/ZeroKnowledge/PrivateColumnAtCost.lean]
def Zcash.Snark.ZeroKnowledge.emptyStoredOpeningGroup [Zcash/Snark/ZeroKnowledge/StoredFirstOpeningCost.lean]
def Zcash.Snark.ZeroKnowledge.storedFirstOpeningCosted [Zcash/Snark/ZeroKnowledge/StoredFirstOpeningCost.lean]
theorem Zcash.Snark.ZeroKnowledge.storedFirstOpeningCosted_result [Zcash/Snark/ZeroKnowledge/StoredFirstOpeningCost.lean]
theorem Zcash.Snark.ZeroKnowledge.storedFirstOpeningCosted_width [Zcash/Snark/ZeroKnowledge/StoredFirstOpeningCost.lean]
theorem Zcash.Snark.ZeroKnowledge.storedFirstOpeningCosted_cost_le [Zcash/Snark/ZeroKnowledge/StoredFirstOpeningCost.lean]
def Zcash.Snark.ZeroKnowledge.storedMultiopenBlindCosted [Zcash/Snark/ZeroKnowledge/StoredMultiopenBlindCost.lean]
theorem Zcash.Snark.ZeroKnowledge.storedMultiopenBlindCosted_result [Zcash/Snark/ZeroKnowledge/StoredMultiopenBlindCost.lean]
def Zcash.Snark.ZeroKnowledge.storedMultiopenBlindCostBudget [Zcash/Snark/ZeroKnowledge/StoredMultiopenBlindCost.lean]
theorem Zcash.Snark.ZeroKnowledge.storedMultiopenBlindCosted_cost_le [Zcash/Snark/ZeroKnowledge/StoredMultiopenBlindCost.lean]
theorem Zcash.Snark.ZeroKnowledge.storedMultiopenDataCosted_width [Zcash/Snark/ZeroKnowledge/StoredMultiopenDataBound.lean]
def Zcash.Snark.ZeroKnowledge.storedMultiopenDataCostBudget [Zcash/Snark/ZeroKnowledge/StoredMultiopenDataBound.lean]
theorem Zcash.Snark.ZeroKnowledge.storedMultiopenDataCosted_cost_le [Zcash/Snark/ZeroKnowledge/StoredMultiopenDataBound.lean]
structure Zcash.Snark.ZeroKnowledge.StoredMultiopenData [Zcash/Snark/ZeroKnowledge/StoredMultiopenDataCost.lean]
def Zcash.Snark.ZeroKnowledge.storedMultiopenDataCosted [Zcash/Snark/ZeroKnowledge/StoredMultiopenDataCost.lean]
theorem Zcash.Snark.ZeroKnowledge.storedMultiopenDataCosted_quotient_result [Zcash/Snark/ZeroKnowledge/StoredMultiopenDataCost.lean]
theorem Zcash.Snark.ZeroKnowledge.storedMultiopenDataCosted_polynomial_result [Zcash/Snark/ZeroKnowledge/StoredMultiopenDataCost.lean]
theorem Zcash.Snark.ZeroKnowledge.storedMultiopenDataCosted_blind_result [Zcash/Snark/ZeroKnowledge/StoredMultiopenDataCost.lean]
theorem Zcash.Snark.ZeroKnowledge.storedMultiopenDataCosted_value_result [Zcash/Snark/ZeroKnowledge/StoredMultiopenDataCost.lean]
def Zcash.Snark.ZeroKnowledge.storedMultiopenValueCostBudget [Zcash/Snark/ZeroKnowledge/StoredMultiopenValueBound.lean]
theorem Zcash.Snark.ZeroKnowledge.storedMultiopenValueCosted_cost_le [Zcash/Snark/ZeroKnowledge/StoredMultiopenValueBound.lean]
def Zcash.Snark.ZeroKnowledge.storedMultiopenValueCosted [Zcash/Snark/ZeroKnowledge/StoredMultiopenValueCost.lean]
theorem Zcash.Snark.ZeroKnowledge.storedMultiopenValueCosted_result [Zcash/Snark/ZeroKnowledge/StoredMultiopenValueCost.lean]
theorem Zcash.Snark.ZeroKnowledge.computedMultiopenOpening_value_fold [Zcash/Snark/ZeroKnowledge/StoredMultiopenValueCost.lean]
theorem Zcash.Snark.ZeroKnowledge.storedMultiopenValueCosted_computed [Zcash/Snark/ZeroKnowledge/StoredMultiopenValueCost.lean]
def Zcash.Snark.ZeroKnowledge.storedOpeningSetCosted [Zcash/Snark/ZeroKnowledge/StoredOpeningValueCost.lean]
theorem Zcash.Snark.ZeroKnowledge.storedOpeningSetCosted_result [Zcash/Snark/ZeroKnowledge/StoredOpeningValueCost.lean]
theorem Zcash.Snark.ZeroKnowledge.storedOpeningSetCosted_dimensions [Zcash/Snark/ZeroKnowledge/StoredOpeningValueCost.lean]
def Zcash.Snark.ZeroKnowledge.storedOpeningSetCostBudget [Zcash/Snark/ZeroKnowledge/StoredOpeningValueCost.lean]
theorem Zcash.Snark.ZeroKnowledge.storedOpeningSetCosted_cost_le [Zcash/Snark/ZeroKnowledge/StoredOpeningValueCost.lean]

'Zcash.Snark.ZeroKnowledge.privateCommitmentCoefficientCostBudget' does not depend on any axioms
'Zcash.Snark.ZeroKnowledge.privateCommitmentCoefficientCosted_cost_le' depends on axioms: [propext,
 Classical.choice,
 Quot.sound]
'Zcash.Snark.ZeroKnowledge.plonkCommitmentCoefficientCostBudget' does not depend on any axioms
'Zcash.Snark.ZeroKnowledge.plonkCommitmentCoefficientCosted_cost_le' depends on axioms: [propext,
 Classical.choice,
 Quot.sound]
'Zcash.Snark.ZeroKnowledge.plonkCommitmentCoefficientCosted_width' depends on axioms: [propext, Quot.sound]
'Zcash.Snark.ZeroKnowledge.privateCommitmentCoefficientCosted' depends on axioms: [propext, Quot.sound]
'Zcash.Snark.ZeroKnowledge.privateCommitmentCoefficientCosted_result' depends on axioms: [propext,
 Classical.choice,
 Quot.sound]
'Zcash.Snark.ZeroKnowledge.plonkCommitmentCoefficientCosted' depends on axioms: [propext, Quot.sound]
'Zcash.Snark.ZeroKnowledge.plonkCommitmentCoefficientCosted_result' depends on axioms: [propext,
 Classical.choice,
 Quot.sound]
'Zcash.Snark.ZeroKnowledge.plonkCommitmentCoefficientCosted_from_rows' depends on axioms: [propext,
 Classical.choice,
 Quot.sound]
'Zcash.Snark.ZeroKnowledge.densePolynomialCommitmentCosted' depends on axioms: [propext, Classical.choice, Quot.sound]
'Zcash.Snark.ZeroKnowledge.densePolynomialCommitmentCosted_result' depends on axioms: [propext,
 Classical.choice,
 Quot.sound]
'Zcash.Snark.ZeroKnowledge.densePolynomialCommitmentCostBudget' does not depend on any axioms
'Zcash.Snark.ZeroKnowledge.densePolynomialCommitmentCosted_cost_le' depends on axioms: [propext,
 Classical.choice,
 Quot.sound]
'Zcash.Snark.ZeroKnowledge.getFinListCosted' depends on axioms: [propext]
'Zcash.Snark.ZeroKnowledge.getFinListCosted_result' depends on axioms: [propext, Quot.sound]
'Zcash.Snark.ZeroKnowledge.getFinListCosted_cost_le' depends on axioms: [propext, Quot.sound]
'Zcash.Snark.ZeroKnowledge.honestJointRowsCostBudget' depends on axioms: [propext]
'Zcash.Snark.ZeroKnowledge.honestJointRowsCosted_cost_le' depends on axioms: [propext, Classical.choice, Quot.sound]
'Zcash.Snark.ZeroKnowledge.honestJointRowsCosted' depends on axioms: [propext, Classical.choice, Quot.sound]
'Zcash.Snark.ZeroKnowledge.honestJointRowsCosted_dimensions' depends on axioms: [propext, Classical.choice, Quot.sound]
'Zcash.Snark.ZeroKnowledge.honestJointRowsCosted_result' depends on axioms: [propext, Classical.choice, Quot.sound]
'Zcash.Snark.ZeroKnowledge.honestPlonkMaskCostBudget' does not depend on any axioms
'Zcash.Snark.ZeroKnowledge.honestPlonkMaskCosted_cost_le' depends on axioms: [propext, Classical.choice, Quot.sound]
'Zcash.Snark.ZeroKnowledge.honestPlonkMaskCosted' depends on axioms: [propext, Classical.choice, Quot.sound]
'Zcash.Snark.ZeroKnowledge.honestPlonkMaskCosted_points_length' depends on axioms: [propext,
 Classical.choice,
 Quot.sound]
'Zcash.Snark.ZeroKnowledge.honestPlonkMaskCosted_columns_length' depends on axioms: [propext,
 Classical.choice,
 Quot.sound]
'Zcash.Snark.ZeroKnowledge.honestPlonkMaskCosted_observations_width' depends on axioms: [propext,
 Classical.choice,
 Quot.sound]
'Zcash.Snark.ZeroKnowledge.honestPlonkMaskCosted_result' depends on axioms: [propext, Classical.choice, Quot.sound]
'Zcash.Snark.ZeroKnowledge.materializeRowsCosted' depends on axioms: [propext]
'Zcash.Snark.ZeroKnowledge.materializeRowsCosted_result' depends on axioms: [propext, Quot.sound]
'Zcash.Snark.ZeroKnowledge.materializeRowsCosted_length' depends on axioms: [propext, Quot.sound]
'Zcash.Snark.ZeroKnowledge.materializeRowsCosted_width' depends on axioms: [propext, Quot.sound]
'Zcash.Snark.ZeroKnowledge.materializeRowsCosted_cost_le' depends on axioms: [propext, Classical.choice, Quot.sound]
'Zcash.Snark.ZeroKnowledge.plonkCommitmentPointsCosted' depends on axioms: [propext, Classical.choice, Quot.sound]
'Zcash.Snark.ZeroKnowledge.plonkCommitmentPointsCosted_result' depends on axioms: [propext,
 Classical.choice,
 Quot.sound]
'Zcash.Snark.ZeroKnowledge.plonkCommitmentPointsCosted_length' depends on axioms: [propext,
 Classical.choice,
 Quot.sound]
'Zcash.Snark.ZeroKnowledge.plonkCommitmentPointsCostBudget' does not depend on any axioms
'Zcash.Snark.ZeroKnowledge.plonkCommitmentPointsCosted_cost_le' depends on axioms: [propext,
 Classical.choice,
 Quot.sound]
'Zcash.Snark.ZeroKnowledge.preparedHonestIpaCostBudget' depends on axioms: [propext]
'Zcash.Snark.ZeroKnowledge.preparedHonestIpaCosted_cost_le' depends on axioms: [propext, Classical.choice, Quot.sound]
'Zcash.Snark.ZeroKnowledge.preparedHonestIpaCosted' depends on axioms: [propext, Classical.choice, Quot.sound]
'Zcash.Snark.ZeroKnowledge.preparedHonestIpaCosted_result' depends on axioms: [propext, Classical.choice, Quot.sound]
'Zcash.Snark.ZeroKnowledge.preparedHonestIpaCosted_computed' depends on axioms: [propext, Classical.choice, Quot.sound]
'Zcash.Snark.ZeroKnowledge.privateColumnAtCosted' depends on axioms: [propext, Quot.sound]
'Zcash.Snark.ZeroKnowledge.privateColumnAtCosted_result' depends on axioms: [propext, Quot.sound]
'Zcash.Snark.ZeroKnowledge.privateColumnAtCosted_cost_le' depends on axioms: [propext, Classical.choice, Quot.sound]
'Zcash.Snark.ZeroKnowledge.emptyStoredOpeningGroup' depends on axioms: [propext, Classical.choice, Quot.sound]
'Zcash.Snark.ZeroKnowledge.storedFirstOpeningCosted' depends on axioms: [propext, Classical.choice, Quot.sound]
'Zcash.Snark.ZeroKnowledge.storedFirstOpeningCosted_result' depends on axioms: [propext, Classical.choice, Quot.sound]
'Zcash.Snark.ZeroKnowledge.storedFirstOpeningCosted_width' depends on axioms: [propext, Classical.choice, Quot.sound]
'Zcash.Snark.ZeroKnowledge.storedFirstOpeningCosted_cost_le' depends on axioms: [propext, Classical.choice, Quot.sound]
'Zcash.Snark.ZeroKnowledge.storedMultiopenBlindCosted' depends on axioms: [propext, Classical.choice, Quot.sound]
'Zcash.Snark.ZeroKnowledge.storedMultiopenBlindCosted_result' depends on axioms: [propext, Classical.choice, Quot.sound]
'Zcash.Snark.ZeroKnowledge.storedMultiopenBlindCostBudget' does not depend on any axioms
'Zcash.Snark.ZeroKnowledge.storedMultiopenBlindCosted_cost_le' depends on axioms: [propext,
 Classical.choice,
 Quot.sound]
'Zcash.Snark.ZeroKnowledge.storedMultiopenDataCosted_width' depends on axioms: [propext, Classical.choice, Quot.sound]
'Zcash.Snark.ZeroKnowledge.storedMultiopenDataCostBudget' depends on axioms: [propext]
'Zcash.Snark.ZeroKnowledge.storedMultiopenDataCosted_cost_le' depends on axioms: [propext, Classical.choice, Quot.sound]
'Zcash.Snark.ZeroKnowledge.StoredMultiopenData' does not depend on any axioms
'Zcash.Snark.ZeroKnowledge.storedMultiopenDataCosted' depends on axioms: [propext, Classical.choice, Quot.sound]
'Zcash.Snark.ZeroKnowledge.storedMultiopenDataCosted_quotient_result' depends on axioms: [propext,
 Classical.choice,
 Quot.sound]
'Zcash.Snark.ZeroKnowledge.storedMultiopenDataCosted_polynomial_result' depends on axioms: [propext,
 Classical.choice,
 Quot.sound]
'Zcash.Snark.ZeroKnowledge.storedMultiopenDataCosted_blind_result' depends on axioms: [propext,
 Classical.choice,
 Quot.sound]
'Zcash.Snark.ZeroKnowledge.storedMultiopenDataCosted_value_result' depends on axioms: [propext,
 Classical.choice,
 Quot.sound]
'Zcash.Snark.ZeroKnowledge.storedMultiopenValueCostBudget' does not depend on any axioms
'Zcash.Snark.ZeroKnowledge.storedMultiopenValueCosted_cost_le' depends on axioms: [propext,
 Classical.choice,
 Quot.sound]
'Zcash.Snark.ZeroKnowledge.storedMultiopenValueCosted' depends on axioms: [propext, Classical.choice, Quot.sound]
'Zcash.Snark.ZeroKnowledge.storedMultiopenValueCosted_result' depends on axioms: [propext, Classical.choice, Quot.sound]
'Zcash.Snark.ZeroKnowledge.computedMultiopenOpening_value_fold' depends on axioms: [propext,
 Classical.choice,
 Quot.sound]
'Zcash.Snark.ZeroKnowledge.storedMultiopenValueCosted_computed' depends on axioms: [propext,
 Classical.choice,
 Quot.sound]
'Zcash.Snark.ZeroKnowledge.storedOpeningSetCosted' depends on axioms: [propext, Classical.choice, Quot.sound]
'Zcash.Snark.ZeroKnowledge.storedOpeningSetCosted_result' depends on axioms: [propext, Classical.choice, Quot.sound]
'Zcash.Snark.ZeroKnowledge.storedOpeningSetCosted_dimensions' depends on axioms: [propext, Classical.choice, Quot.sound]
'Zcash.Snark.ZeroKnowledge.storedOpeningSetCostBudget' does not depend on any axioms
'Zcash.Snark.ZeroKnowledge.storedOpeningSetCosted_cost_le' depends on axioms: [propext, Classical.choice, Quot.sound]
