'Zcash.Snark.ZeroKnowledge.plonkCopyCellPair_value' depends on axioms: [propext, Classical.choice, Quot.sound]
'Zcash.Snark.ZeroKnowledge.topLevel_enabledLookup_selectorProjection' depends on axioms: [propext,
 Classical.choice,
 Quot.sound]
'Zcash.Snark.ZeroKnowledge.topLevel_verifierLookup_eval' depends on axioms: [propext, Classical.choice, Quot.sound]
'Zcash.Snark.ZeroKnowledge.topLevel_enabledLookup_tuple_of_constraints' depends on axioms: [propext,
 Classical.choice,
 Quot.sound]
'Zcash.Snark.ZeroKnowledge.sourceLookupActivationLabels' depends on axioms: [propext, Quot.sound]
'Zcash.Snark.ZeroKnowledge.regionSourceLookupLabels' depends on axioms: [propext, Quot.sound]
'Zcash.Snark.ZeroKnowledge.operationSourceLookupLabels' depends on axioms: [propext, Quot.sound]
'Zcash.Snark.ZeroKnowledge.regionSourceLookupLabels_eq' depends on axioms: [propext, Quot.sound]
'Zcash.Snark.ZeroKnowledge.operationSourceLookupLabels_eq' depends on axioms: [propext, Quot.sound]
'Zcash.Snark.ZeroKnowledge.lookupActivationCoverageCheck' depends on axioms: [propext, Quot.sound]
'Zcash.Snark.ZeroKnowledge.lookupActivationCoverageCheck_sound' depends on axioms: [propext,
 Classical.choice,
 Quot.sound]
'Zcash.Snark.ZeroKnowledge.topLevel_lookup_enabled_of_coverage' depends on axioms: [propext,
 Classical.choice,
 Quot.sound]
'Zcash.Snark.ZeroKnowledge.partialProductValue_sound' depends on axioms: [propext, Quot.sound]
'Zcash.Snark.ZeroKnowledge.sourcePartialValue_sound' depends on axioms: [propext, Quot.sound]
'Zcash.Snark.ZeroKnowledge.sourceCopyQuery' does not depend on any axioms
'Zcash.Snark.ZeroKnowledge.copyReferenceResolves' depends on axioms: [propext]
'Zcash.Snark.ZeroKnowledge.copyReferenceResolves_value' depends on axioms: [propext, Quot.sound]
'Zcash.Snark.ZeroKnowledge.sourceCopyQuery_eval' depends on axioms: [propext, Classical.choice, Quot.sound]
'Zcash.Snark.ZeroKnowledge.actionCircuit_permCols_eq' depends on axioms: [propext,
 Classical.choice,
 Quot.sound,
 CompElliptic.Curves.Pasta.Pallas.q_nsmul_Gpt._native.native_decide.ax_1_1]
'Zcash.Snark.ZeroKnowledge.actionCircuit_copyReferences_resolve' depends on axioms: [propext,
 Classical.choice,
 Quot.sound,
 CompElliptic.Curves.Pasta.Pallas.q_nsmul_Gpt._native.native_decide.ax_1_1]
'Zcash.Snark.ZeroKnowledge.actionCopyCellPair_sourceValue' depends on axioms: [propext,
 Classical.choice,
 Quot.sound,
 CompElliptic.Curves.Pasta.Pallas.q_nsmul_Gpt._native.native_decide.ax_1_1]
'Zcash.Snark.ZeroKnowledge.actionWitnessRows_copies_of_constraints' depends on axioms: [propext,
 Classical.choice,
 Quot.sound,
 CompElliptic.Curves.Pasta.Pallas.q_nsmul_Gpt._native.native_decide.ax_1_1]
'Zcash.Snark.ZeroKnowledge.topLevel_loadedTable_value' depends on axioms: [propext, Classical.choice, Quot.sound]
'Zcash.Snark.ZeroKnowledge.actionInitialGeneratorLoad_mem' depends on axioms: [propext,
 Classical.choice,
 Quot.sound,
 CompElliptic.Curves.Pasta.Pallas.q_nsmul_Gpt._native.native_decide.ax_1_1]
'Zcash.Snark.ZeroKnowledge.actionCircuit_lookupArguments_eq' depends on axioms: [propext,
 Classical.choice,
 Quot.sound,
 CompElliptic.Curves.Pasta.Pallas.q_nsmul_Gpt._native.native_decide.ax_1_1]
'Zcash.Snark.ZeroKnowledge.rangeCheckLookup_inactive' depends on axioms: [propext, Classical.choice, Quot.sound]
'Zcash.Snark.ZeroKnowledge.sinsemillaLookup_inactive' depends on axioms: [propext, Classical.choice, Quot.sound]
'Zcash.Snark.ZeroKnowledge.actionCircuit_generatorTable_zero' depends on axioms: [propext,
 Classical.choice,
 Quot.sound,
 CompElliptic.Curves.Pasta.Pallas.q_nsmul_Gpt._native.native_decide.ax_1_1]
'Zcash.Snark.ZeroKnowledge.actionWitnessRows_inactiveGates' depends on axioms: [propext,
 Classical.choice,
 Quot.sound,
 CompElliptic.Curves.Pasta.Pallas.q_nsmul_Gpt._native.native_decide.ax_1_1]
'Zcash.Snark.ZeroKnowledge.actionWitnessRows_gates_of_constraints' depends on axioms: [propext,
 Classical.choice,
 Quot.sound,
 CompElliptic.Curves.Pasta.Pallas.q_nsmul_Gpt._native.native_decide.ax_1_1]
'Zcash.Snark.ZeroKnowledge.verifyingKey_cast_constraintRelations' does not depend on any axioms
'Zcash.Snark.ZeroKnowledge.actionReferenceKey_rows_of_verifierCS' depends on axioms: [propext,
 Classical.choice,
 Quot.sound,
 CompElliptic.Curves.Pasta.Pallas.q_nsmul_Gpt._native.native_decide.ax_1_1]
'Zcash.Snark.ZeroKnowledge.actionLookup_inactive_input' depends on axioms: [propext,
 Classical.choice,
 Quot.sound,
 CompElliptic.Curves.Pasta.Pallas.q_nsmul_Gpt._native.native_decide.ax_1_1]
'Zcash.Snark.ZeroKnowledge.actionLookup_tuple_of_constraints' depends on axioms: [propext,
 Classical.choice,
 Quot.sound,
 CompElliptic.Curves.Pasta.Pallas.q_nsmul_Gpt._native.native_decide.ax_1_1]
'Zcash.Snark.ZeroKnowledge.actionWitnessRows_lookups_of_constraints' depends on axioms: [propext,
 Classical.choice,
 Quot.sound,
 CompElliptic.Curves.Pasta.Pallas.q_nsmul_Gpt._native.native_decide.ax_1_1]
