'Zcash.Snark.ZeroKnowledge.densePolynomial' depends on axioms: [propext, Classical.choice, Quot.sound]
'Zcash.Snark.ZeroKnowledge.densePolynomial_coeff' depends on axioms: [propext, Classical.choice, Quot.sound]
'Zcash.Snark.ZeroKnowledge.densePolynomial_ofArray' depends on axioms: [propext, Classical.choice, Quot.sound]
'Zcash.Snark.ZeroKnowledge.densePolynomial_coeff_eq_zero' depends on axioms: [propext, Classical.choice, Quot.sound]
'Zcash.Snark.ZeroKnowledge.denseAddCosted' depends on axioms: [propext, Classical.choice, Quot.sound]
'Zcash.Snark.ZeroKnowledge.denseAddCosted_result' depends on axioms: [propext, Classical.choice, Quot.sound]
'Zcash.Snark.ZeroKnowledge.denseAddCosted_length' depends on axioms: [propext, Classical.choice, Quot.sound]
'Zcash.Snark.ZeroKnowledge.denseAddCosted_cost_le' depends on axioms: [propext, Classical.choice, Quot.sound]
'Zcash.Snark.ZeroKnowledge.denseScaleCosted' depends on axioms: [propext, Classical.choice, Quot.sound]
'Zcash.Snark.ZeroKnowledge.denseScaleCosted_result' depends on axioms: [propext, Classical.choice, Quot.sound]
'Zcash.Snark.ZeroKnowledge.denseScaleCosted_length' depends on axioms: [propext, Classical.choice, Quot.sound]
'Zcash.Snark.ZeroKnowledge.denseScaleCosted_cost_le' depends on axioms: [propext, Classical.choice, Quot.sound]
'Zcash.Snark.ZeroKnowledge.denseNegCosted' depends on axioms: [propext, Classical.choice, Quot.sound]
'Zcash.Snark.ZeroKnowledge.denseNegCosted_result' depends on axioms: [propext, Classical.choice, Quot.sound]
'Zcash.Snark.ZeroKnowledge.denseNegCosted_length' depends on axioms: [propext, Classical.choice, Quot.sound]
'Zcash.Snark.ZeroKnowledge.denseNegCosted_cost_le' depends on axioms: [propext, Classical.choice, Quot.sound]
'Zcash.Snark.ZeroKnowledge.denseMulCosted' depends on axioms: [propext, Classical.choice, Quot.sound]
'Zcash.Snark.ZeroKnowledge.denseMulCosted_result' depends on axioms: [propext, Classical.choice, Quot.sound]
'Zcash.Snark.ZeroKnowledge.denseMulCosted_length_le' depends on axioms: [propext, Classical.choice, Quot.sound]
'Zcash.Snark.ZeroKnowledge.denseMulCosted_cost_le' depends on axioms: [propext, Classical.choice, Quot.sound]
'Zcash.Snark.ZeroKnowledge.denseSubCosted' depends on axioms: [propext, Classical.choice, Quot.sound]
'Zcash.Snark.ZeroKnowledge.denseSubCosted_result' depends on axioms: [propext, Classical.choice, Quot.sound]
'Zcash.Snark.ZeroKnowledge.denseSubCosted_length' depends on axioms: [propext, Classical.choice, Quot.sound]
'Zcash.Snark.ZeroKnowledge.denseSubCosted_cost_le' depends on axioms: [propext, Classical.choice, Quot.sound]
'Zcash.Snark.ZeroKnowledge.denseSyntheticCosted' depends on axioms: [propext, Classical.choice, Quot.sound]
'Zcash.Snark.ZeroKnowledge.denseSyntheticCosted_identity' depends on axioms: [propext, Classical.choice, Quot.sound]
'Zcash.Snark.ZeroKnowledge.denseSyntheticCosted_length' depends on axioms: [propext, Classical.choice, Quot.sound]
'Zcash.Snark.ZeroKnowledge.denseSyntheticCosted_cost' depends on axioms: [propext, Classical.choice, Quot.sound]
'Zcash.Snark.ZeroKnowledge.denseDivLinearCosted' depends on axioms: [propext, Classical.choice, Quot.sound]
'Zcash.Snark.ZeroKnowledge.denseDivLinearCosted_result' depends on axioms: [propext, Classical.choice, Quot.sound]
'Zcash.Snark.ZeroKnowledge.denseDivLinearCosted_length' depends on axioms: [propext, Classical.choice, Quot.sound]
'Zcash.Snark.ZeroKnowledge.denseDivLinearCosted_cost' depends on axioms: [propext, Classical.choice, Quot.sound]
'Zcash.Snark.ZeroKnowledge.polynomial_divByMonic_product' depends on axioms: [propext, Classical.choice, Quot.sound]
'Zcash.Snark.ZeroKnowledge.polynomial_div_product_monic' depends on axioms: [propext, Classical.choice, Quot.sound]
'Zcash.Snark.ZeroKnowledge.cPolynomial_div_product_monic' depends on axioms: [propext, Classical.choice, Quot.sound]
'Zcash.Snark.ZeroKnowledge.distinctListCosted' does not depend on any axioms
'Zcash.Snark.ZeroKnowledge.distinctListCosted_mem' depends on axioms: [propext]
'Zcash.Snark.ZeroKnowledge.distinctListCosted_nodup' depends on axioms: [propext]
'Zcash.Snark.ZeroKnowledge.distinctListCosted_length_le' depends on axioms: [propext]
'Zcash.Snark.ZeroKnowledge.distinctListCosted_cost_le' depends on axioms: [propext, Classical.choice, Quot.sound]
'Zcash.Snark.ZeroKnowledge.distinctListCosted_toFinset' depends on axioms: [propext, Classical.choice, Quot.sound]
'Zcash.Snark.ZeroKnowledge.denseRootDivisor' depends on axioms: [propext, Classical.choice, Quot.sound]
'Zcash.Snark.ZeroKnowledge.denseRootDivisor_monic' depends on axioms: [propext, Classical.choice, Quot.sound]
'Zcash.Snark.ZeroKnowledge.denseDivRootsCosted' depends on axioms: [propext, Classical.choice, Quot.sound]
'Zcash.Snark.ZeroKnowledge.denseDivRootsCosted_result' depends on axioms: [propext, Classical.choice, Quot.sound]
'Zcash.Snark.ZeroKnowledge.denseDivRootsCosted_length' depends on axioms: [propext, Classical.choice, Quot.sound]
'Zcash.Snark.ZeroKnowledge.denseDivRootsCosted_cost' depends on axioms: [propext, Classical.choice, Quot.sound]
'Zcash.Snark.ZeroKnowledge.denseRootDivisor_nodup' depends on axioms: [propext, Classical.choice, Quot.sound]
'Zcash.Snark.ZeroKnowledge.denseDivVanishingCosted' depends on axioms: [propext, Classical.choice, Quot.sound]
'Zcash.Snark.ZeroKnowledge.denseDivVanishingCosted_result' depends on axioms: [propext, Classical.choice, Quot.sound]
'Zcash.Snark.ZeroKnowledge.denseDivVanishingCosted_length' depends on axioms: [propext, Classical.choice, Quot.sound]
'Zcash.Snark.ZeroKnowledge.denseDivVanishingCosted_cost_le' depends on axioms: [propext, Classical.choice, Quot.sound]
'Zcash.Snark.ZeroKnowledge.densePolynomial_ofFn' depends on axioms: [propext, Classical.choice, Quot.sound]
'Zcash.Snark.ZeroKnowledge.densePolynomial_coefficients' depends on axioms: [propext, Classical.choice, Quot.sound]
'Zcash.Snark.ZeroKnowledge.densePolynomial_rowCoefficientsCosted' depends on axioms: [propext,
 Classical.choice,
 Quot.sound]
'Zcash.Snark.ZeroKnowledge.domainRootsCosted' depends on axioms: [propext, Classical.choice, Quot.sound]
'Zcash.Snark.ZeroKnowledge.domainRootsCosted_result' depends on axioms: [propext, Classical.choice, Quot.sound]
'Zcash.Snark.ZeroKnowledge.domainRootsCosted_length' depends on axioms: [propext, Classical.choice, Quot.sound]
'Zcash.Snark.ZeroKnowledge.domainRootsCosted_cost_le' depends on axioms: [propext, Classical.choice, Quot.sound]
'Zcash.Snark.ZeroKnowledge.denseRootDivisor_domain' depends on axioms: [propext, Classical.choice, Quot.sound]
'Zcash.Snark.ZeroKnowledge.denseDomainQuotientCosted' depends on axioms: [propext, Classical.choice, Quot.sound]
'Zcash.Snark.ZeroKnowledge.denseDomainQuotientCosted_result' depends on axioms: [propext, Classical.choice, Quot.sound]
'Zcash.Snark.ZeroKnowledge.denseDomainQuotientCosted_length' depends on axioms: [propext, Classical.choice, Quot.sound]
'Zcash.Snark.ZeroKnowledge.denseDomainQuotientCosted_cost_le' depends on axioms: [propext, Classical.choice, Quot.sound]
'Zcash.Snark.ZeroKnowledge.denseCoefficientBlockCosted' depends on axioms: [propext, Classical.choice, Quot.sound]
'Zcash.Snark.ZeroKnowledge.denseCoefficientBlockCosted_result' depends on axioms: [propext,
 Classical.choice,
 Quot.sound]
'Zcash.Snark.ZeroKnowledge.denseCoefficientBlockCosted_length' depends on axioms: [propext,
 Classical.choice,
 Quot.sound]
'Zcash.Snark.ZeroKnowledge.denseCoefficientBlockCosted_cost_le' depends on axioms: [propext,
 Classical.choice,
 Quot.sound]
'Zcash.Snark.ZeroKnowledge.denseCoefficientBlocksCosted' depends on axioms: [propext, Classical.choice, Quot.sound]
'Zcash.Snark.ZeroKnowledge.denseCoefficientBlocksCosted_result' depends on axioms: [propext,
 Classical.choice,
 Quot.sound]
'Zcash.Snark.ZeroKnowledge.denseCoefficientBlocksCosted_length' depends on axioms: [propext,
 Classical.choice,
 Quot.sound]
'Zcash.Snark.ZeroKnowledge.denseCoefficientBlocksCosted_width' depends on axioms: [propext,
 Classical.choice,
 Quot.sound]
'Zcash.Snark.ZeroKnowledge.denseCoefficientBlocksCosted_cost_le' depends on axioms: [propext,
 Classical.choice,
 Quot.sound]
'Zcash.Snark.ZeroKnowledge.denseRotateFromCosted' depends on axioms: [propext, Classical.choice, Quot.sound]
'Zcash.Snark.ZeroKnowledge.denseRotateFromCosted_result' depends on axioms: [propext, Classical.choice, Quot.sound]
'Zcash.Snark.ZeroKnowledge.denseRotateFromCosted_length' depends on axioms: [propext, Classical.choice, Quot.sound]
'Zcash.Snark.ZeroKnowledge.denseRotateFromCosted_cost' depends on axioms: [propext, Classical.choice, Quot.sound]
'Zcash.Snark.ZeroKnowledge.denseRotateCosted' depends on axioms: [propext, Classical.choice, Quot.sound]
'Zcash.Snark.ZeroKnowledge.denseRotateCosted_result' depends on axioms: [propext, Classical.choice, Quot.sound]
'Zcash.Snark.ZeroKnowledge.denseRotateCosted_length' depends on axioms: [propext, Classical.choice, Quot.sound]
'Zcash.Snark.ZeroKnowledge.denseRotateCosted_cost' depends on axioms: [propext, Classical.choice, Quot.sound]
'Zcash.Snark.ZeroKnowledge.rowPolynomial_evaluations' depends on axioms: [propext, Classical.choice, Quot.sound]
'Zcash.Snark.ZeroKnowledge.polynomial_comp_inverse_rotation' depends on axioms: [propext, Classical.choice, Quot.sound]
'Zcash.Snark.ZeroKnowledge.rowPolynomial_coset_evaluations' depends on axioms: [propext, Classical.choice, Quot.sound]
'Zcash.Snark.ZeroKnowledge.plonkNumeratorNode' depends on axioms: [propext, Classical.choice, Quot.sound]
'Zcash.Snark.ZeroKnowledge.plonkNumeratorShift_ne_zero' depends on axioms: [propext, Classical.choice, Quot.sound]
'Zcash.Snark.ZeroKnowledge.plonkNumeratorNode_off_domain' depends on axioms: [propext, Classical.choice, Quot.sound]
'Zcash.Snark.ZeroKnowledge.cosetCoefficientsCosted' depends on axioms: [propext, Classical.choice, Quot.sound]
'Zcash.Snark.ZeroKnowledge.cosetCoefficientsCosted_result' depends on axioms: [propext, Classical.choice, Quot.sound]
'Zcash.Snark.ZeroKnowledge.cosetCoefficientsCosted_length' depends on axioms: [propext, Classical.choice, Quot.sound]
'Zcash.Snark.ZeroKnowledge.cosetCoefficientsCostBudget' depends on axioms: [propext]
'Zcash.Snark.ZeroKnowledge.cosetCoefficientsCosted_cost_le' depends on axioms: [propext, Classical.choice, Quot.sound]
'Zcash.Snark.ZeroKnowledge.storedPlonkHxCosted' depends on axioms: [propext, Classical.choice, Quot.sound]
'Zcash.Snark.ZeroKnowledge.storedPlonkHxCosted_result' depends on axioms: [propext, Classical.choice, Quot.sound]
'Zcash.Snark.ZeroKnowledge.storedPlonkHxCostBudget' depends on axioms: [propext]
'Zcash.Snark.ZeroKnowledge.storedPlonkHxCosted_cost_le' depends on axioms: [propext, Classical.choice, Quot.sound]
'Zcash.Snark.ZeroKnowledge.plonkConstraintNumerator_replace_x' depends on axioms: [propext,
 Classical.choice,
 Quot.sound]
'Zcash.Snark.ZeroKnowledge.plonkNumeratorEvalCosted' depends on axioms: [propext, Classical.choice, Quot.sound]
'Zcash.Snark.ZeroKnowledge.plonkNumeratorEvalCosted_result' depends on axioms: [propext, Classical.choice, Quot.sound]
'Zcash.Snark.ZeroKnowledge.plonkNumeratorEvalAccessBudget' does not depend on any axioms
'Zcash.Snark.ZeroKnowledge.plonkNumeratorEvalCostBudget' depends on axioms: [propext]
'Zcash.Snark.ZeroKnowledge.plonkNumeratorEvalCosted_cost_le' depends on axioms: [propext, Classical.choice, Quot.sound]
'Zcash.Snark.ZeroKnowledge.plonkNumeratorNodeCosted' depends on axioms: [propext, Classical.choice, Quot.sound]
'Zcash.Snark.ZeroKnowledge.plonkNumeratorNodeCosted_result' depends on axioms: [propext, Classical.choice, Quot.sound]
'Zcash.Snark.ZeroKnowledge.plonkNumeratorNodeCosted_cost_le' depends on axioms: [propext, Classical.choice, Quot.sound]
'Zcash.Snark.ZeroKnowledge.plonkNumeratorSampleCosted' depends on axioms: [propext, Classical.choice, Quot.sound]
'Zcash.Snark.ZeroKnowledge.plonkNumeratorSampleCosted_result' depends on axioms: [propext, Classical.choice, Quot.sound]
'Zcash.Snark.ZeroKnowledge.plonkNumeratorSampleCostBudget' depends on axioms: [propext]
'Zcash.Snark.ZeroKnowledge.plonkNumeratorSampleCosted_cost_le' depends on axioms: [propext,
 Classical.choice,
 Quot.sound]
'Zcash.Snark.ZeroKnowledge.plonkNumeratorCoefficientsCosted' depends on axioms: [propext, Classical.choice, Quot.sound]
'Zcash.Snark.ZeroKnowledge.plonkNumeratorCoefficientsCosted_result' depends on axioms: [propext,
 Classical.choice,
 Quot.sound]
'Zcash.Snark.ZeroKnowledge.plonkNumeratorCoefficientsCosted_length' depends on axioms: [propext,
 Classical.choice,
 Quot.sound]
'Zcash.Snark.ZeroKnowledge.plonkNumeratorCoefficientsCostBudget' depends on axioms: [propext]
'Zcash.Snark.ZeroKnowledge.plonkNumeratorCoefficientsCosted_cost_le' depends on axioms: [propext,
 Classical.choice,
 Quot.sound]
'Zcash.Snark.ZeroKnowledge.actionNumeratorCoefficientsCosted_result' depends on axioms: [propext,
 Classical.choice,
 Quot.sound,
 CompElliptic.Curves.Pasta.Pallas.q_nsmul_Gpt._native.native_decide.ax_1_1]
