'Zcash.Snark.ZeroKnowledge.prepareIpaPublicCosted' depends on axioms: [propext]
'Zcash.Snark.ZeroKnowledge.prepareIpaPublicCosted_result' depends on axioms: [propext]
'Zcash.Snark.ZeroKnowledge.prepareIpaPublicCosted_cost' depends on axioms: [propext]
'Zcash.Snark.ZeroKnowledge.prepareIpaPublicCosted_readBound' depends on axioms: [propext]
'Zcash.Snark.ZeroKnowledge.preparedIpaSimulatorCosted' depends on axioms: [propext, Classical.choice, Quot.sound]
'Zcash.Snark.ZeroKnowledge.preparedIpaSimulatorCosted_result' depends on axioms: [propext, Classical.choice, Quot.sound]
'Zcash.Snark.ZeroKnowledge.preparedIpaSimulatorCosted_cost_le' depends on axioms: [propext,
 Classical.choice,
 Quot.sound]
'Zcash.Snark.ZeroKnowledge.Challenges.eraseCosts' does not depend on any axioms
'Zcash.Snark.ZeroKnowledge.Challenges.ReadBound' does not depend on any axioms
'Zcash.Snark.ZeroKnowledge.materializePlonkJointView' does not depend on any axioms
'Zcash.Snark.ZeroKnowledge.plonkJointSimulatorCosted' depends on axioms: [propext, Classical.choice, Quot.sound]
'Zcash.Snark.ZeroKnowledge.plonkJointSimulatorCosted_result' depends on axioms: [propext, Classical.choice, Quot.sound]
'Zcash.Snark.ZeroKnowledge.plonkJointAccessBudget' does not depend on any axioms
'Zcash.Snark.ZeroKnowledge.plonkJointSimulatorCostBudget' depends on axioms: [propext]
'Zcash.Snark.ZeroKnowledge.plonkMaskStoredViews_length' depends on axioms: [propext, Classical.choice, Quot.sound]
'Zcash.Snark.ZeroKnowledge.plonkMaskStoredViews_cost_le' depends on axioms: [propext, Classical.choice, Quot.sound]
'Zcash.Snark.ZeroKnowledge.plonkMaskStoredViews_readBound' depends on axioms: [propext, Classical.choice, Quot.sound]
'Zcash.Snark.ZeroKnowledge.plonkMaskStoredPoints_cost_le' depends on axioms: [propext, Classical.choice, Quot.sound]
'Zcash.Snark.ZeroKnowledge.plonkJointSimulatorCosted_cost_le' depends on axioms: [propext, Classical.choice, Quot.sound]
'Zcash.Snark.ZeroKnowledge.storedActionJointSimulatorCosted' depends on axioms: [propext, Classical.choice, Quot.sound]
'Zcash.Snark.ZeroKnowledge.storedActionJointSimulatorCosted_result' depends on axioms: [propext,
 Classical.choice,
 Quot.sound,
 CompElliptic.Curves.Pasta.Pallas.q_nsmul_Gpt._native.native_decide.ax_1_1]
'Zcash.Snark.ZeroKnowledge.storedActionJointInputBudget' does not depend on any axioms
'Zcash.Snark.ZeroKnowledge.storedActionJointSimulatorCosted_cost_le' depends on axioms: [propext,
 Classical.choice,
 Quot.sound]
